==================================================
  Trainer process started — waiting for examples
==================================================
  [Iter 1] Buffer too small, waiting...
  [Iter 2] Buffer too small, waiting...
  [Iter 3] Buffer too small, waiting...
  [Iter 4] Buffer too small, waiting...
  [Iter 5] Buffer too small, waiting...
  [Iter 6] Buffer too small, waiting...
  [Iter 7] Buffer too small, waiting...
  [Iter 8] Buffer too small, waiting...
  [Iter 9] Buffer too small, waiting...
  [Iter 10] Buffer too small, waiting...
  [Iter 11] Buffer too small, waiting...
  [Iter 12] Buffer too small, waiting...
  [Iter 13] Buffer too small, waiting...
  [Iter 14] Buffer too small, waiting...
  [Iter 15] Buffer too small, waiting...
  [Iter 16] Buffer too small, waiting...
  [Iter 17] Buffer too small, waiting...
  [Iter 18] Buffer too small, waiting...
  [Iter 19] Buffer too small, waiting...
  [Iter 20] Buffer too small, waiting...
  [Iter 21] Buffer too small, waiting...
  [Iter 22] Buffer too small, waiting...
  [Iter 23] Buffer too small, waiting...
  [Iter 24] Buffer too small, waiting...
  [Iter 25] Buffer too small, waiting...
  [Iter 26] Buffer too small, waiting...
  [Iter 27] Buffer too small, waiting...
  [Iter 28] Buffer too small, waiting...
  [Iter 29] Buffer too small, waiting...
  [Iter 30] Buffer too small, waiting...
  [Iter 31] Buffer too small, waiting...
  [Iter 32] Buffer too small, waiting...
  [Iter 33] Buffer too small, waiting...
  [Iter 34] Buffer too small, waiting...
  [Iter 35] Buffer too small, waiting...
  [Iter 36] Buffer too small, waiting...
  [Iter 37] Buffer too small, waiting...
  [Iter 38] Buffer too small, waiting...
  [Iter 39] Buffer too small, waiting...
  [Iter 40] Buffer too small, waiting...
  [Iter 41] Buffer too small, waiting...
  [Iter 42] Buffer too small, waiting...
  [Iter 43] Buffer too small, waiting...
  [Iter 44] Buffer too small, waiting...
  [Iter 45] Buffer too small, waiting...
  [Iter 46] Buffer too small, waiting...
  [Iter 47] Buffer too small, waiting...
  [Iter 48] Buffer too small, waiting...
  [Iter 49] Buffer too small, waiting...
  [Iter 50] Buffer too small, waiting...
  [Iter 51] Buffer too small, waiting...
  [Iter 52] Buffer too small, waiting...
  [Iter 53] Buffer too small, waiting...
  [Iter 54] Buffer too small, waiting...
  [Iter 55] Buffer too small, waiting...
  [Iter 56] Buffer too small, waiting...
  [Iter 57] Buffer too small, waiting...
  [Iter 58] Buffer too small, waiting...
  [Iter 59] Buffer too small, waiting...
  [Iter 60] Buffer too small, waiting...
  [Iter 61] Buffer too small, waiting...
  [Iter 62] Buffer too small, waiting...
  [Iter 63] Buffer too small, waiting...
  [Iter 64] Buffer too small, waiting...
  [Iter 65] Buffer too small, waiting...
  [Iter 66] Buffer too small, waiting...
  [Iter 67] Buffer too small, waiting...
  [Iter 68] Buffer too small, waiting...
  [Iter 69] Buffer too small, waiting...
  [Iter 70] Buffer too small, waiting...
  [Iter 71] Buffer too small, waiting...
  [Iter 72] Buffer too small, waiting...
  [Iter 73] Buffer too small, waiting...
  [Iter 74] Buffer too small, waiting...
  [Iter 75] Buffer too small, waiting...
  [Iter 76] Buffer too small, waiting...
  [Iter 77] Buffer too small, waiting...
  [Iter 78] Buffer too small, waiting...
  [Iter 79] Buffer too small, waiting...
  [Iter 80] Buffer too small, waiting...
  [Iter 81] Buffer too small, waiting...
  [Iter 82] Buffer too small, waiting...
  [Iter 83] Buffer too small, waiting...
  [Iter 84] Buffer too small, waiting...
  [Iter 85] Buffer too small, waiting...
  [Iter 86] Buffer too small, waiting...
  [Iter 87] Buffer too small, waiting...
  [Iter 88] Buffer too small, waiting...
  [Iter 89] Buffer too small, waiting...
  [Iter 90] Buffer too small, waiting...
  [Iter 91] Buffer too small, waiting...
  [Iter 92] Buffer too small, waiting...
  [Iter 93] Buffer too small, waiting...
  [Iter 94] Buffer too small, waiting...
  [Iter 95] Buffer too small, waiting...
  [Iter 96] Buffer too small, waiting...
  [Iter 97] Buffer too small, waiting...
  [Iter 98] Buffer too small, waiting...
Traceback (most recent call last):
  File "/storage/home/hcoda1/6/snayak89/tripleMind/triplea/trainer.py", line 185, in <module>
    trainer.run()  # blocks forever, polling for examples
  File "/storage/home/hcoda1/6/snayak89/tripleMind/triplea/trainer.py", line 128, in run
    time.sleep(poll_interval)
KeyboardInterrupt
