> Task :game-app:domain-data:compileJava UP-TO-DATE
> Task :lib:java-extras:compileJava UP-TO-DATE
> Task :lib:websocket-client:compileJava UP-TO-DATE
> Task :lib:feign-common:compileJava UP-TO-DATE
> Task :lib:websocket-server:compileJava UP-TO-DATE
> Task :lib:websocket-server:processResources NO-SOURCE
> Task :lib:websocket-server:classes UP-TO-DATE
> Task :lib:websocket-server:jar UP-TO-DATE
> Task :game-app:game-relay-server:compileJava UP-TO-DATE
> Task :game-app:game-relay-server:processResources NO-SOURCE
> Task :game-app:game-relay-server:classes UP-TO-DATE
> Task :game-app:game-relay-server:jar UP-TO-DATE
> Task :lib:xml-reader:compileJava UP-TO-DATE
> Task :lib:xml-reader:processResources NO-SOURCE
> Task :lib:xml-reader:classes UP-TO-DATE
> Task :lib:xml-reader:jar UP-TO-DATE
> Task :game-app:map-data:compileJava UP-TO-DATE
> Task :game-app:map-data:processResources NO-SOURCE
> Task :game-app:map-data:classes UP-TO-DATE
> Task :game-app:map-data:jar UP-TO-DATE
> Task :http-clients:lobby-client:compileJava UP-TO-DATE
> Task :lib:swing-lib:compileJava UP-TO-DATE
> Task :lib:swing-lib:processResources NO-SOURCE
> Task :lib:swing-lib:classes UP-TO-DATE
> Task :lib:swing-lib:jar UP-TO-DATE
> Task :game-app:game-core:compileJava UP-TO-DATE
> Task :game-app:game-core:processResources UP-TO-DATE
> Task :game-app:game-core:classes UP-TO-DATE
> Task :game-app:game-core:jar UP-TO-DATE
> Task :game-app:ai:compileJava UP-TO-DATE
> Task :game-app:ai:processResources NO-SOURCE
> Task :game-app:ai:classes UP-TO-DATE
> Task :game-app:ai:jar UP-TO-DATE
> Task :game-app:domain-data:processResources NO-SOURCE
> Task :game-app:domain-data:classes UP-TO-DATE
> Task :game-app:domain-data:jar UP-TO-DATE
> Task :game-app:game-headed:compileJava UP-TO-DATE
> Task :game-app:game-headed:processResources UP-TO-DATE
> Task :game-app:game-headed:classes UP-TO-DATE

> Task :game-app:game-headed:downloadAssets
Download https://github.com/triplea-game/assets/releases/download/47/game_headed_assets.zip

> Task :http-clients:lobby-client:processResources NO-SOURCE
> Task :http-clients:lobby-client:classes UP-TO-DATE
> Task :http-clients:lobby-client:jar UP-TO-DATE
> Task :lib:feign-common:processResources NO-SOURCE
> Task :lib:feign-common:classes UP-TO-DATE
> Task :lib:feign-common:jar UP-TO-DATE
> Task :lib:java-extras:processResources NO-SOURCE
> Task :lib:java-extras:classes UP-TO-DATE
> Task :lib:java-extras:jar UP-TO-DATE
> Task :lib:websocket-client:processResources NO-SOURCE
> Task :lib:websocket-client:classes UP-TO-DATE
> Task :lib:websocket-client:jar UP-TO-DATE

> Task :game-app:game-headed:run
13:02:44,142 |-INFO in ch.qos.logback.classic.LoggerContext[default] - This is logback-classic version 1.5.18
13:02:44,143 |-INFO in ch.qos.logback.classic.util.ContextInitializer@1afd44cb - No custom configurators were discovered as a service.
13:02:44,143 |-INFO in ch.qos.logback.classic.util.ContextInitializer@1afd44cb - Trying to configure with ch.qos.logback.classic.joran.SerializedModelConfigurator
13:02:44,143 |-INFO in ch.qos.logback.classic.util.ContextInitializer@1afd44cb - Constructed configurator of type class ch.qos.logback.classic.joran.SerializedModelConfigurator
13:02:44,148 |-INFO in ch.qos.logback.classic.LoggerContext[default] - Could NOT find resource [logback-test.scmo]
13:02:44,148 |-INFO in ch.qos.logback.classic.LoggerContext[default] - Could NOT find resource [logback.scmo]
13:02:44,152 |-INFO in ch.qos.logback.classic.util.ContextInitializer@1afd44cb - ch.qos.logback.classic.joran.SerializedModelConfigurator.configure() call lasted 5 milliseconds. ExecutionStatus=INVOKE_NEXT_IF_ANY
13:02:44,152 |-INFO in ch.qos.logback.classic.util.ContextInitializer@1afd44cb - Trying to configure with ch.qos.logback.classic.util.DefaultJoranConfigurator
13:02:44,152 |-INFO in ch.qos.logback.classic.util.ContextInitializer@1afd44cb - Constructed configurator of type class ch.qos.logback.classic.util.DefaultJoranConfigurator
13:02:44,152 |-INFO in ch.qos.logback.classic.LoggerContext[default] - Could NOT find resource [logback-test.xml]
13:02:44,154 |-INFO in ch.qos.logback.classic.LoggerContext[default] - Found resource [logback.xml] at [file:/home/sanjana/tripleMindheadless/triplea/game-app/game-headed/build/resources/main/logback.xml]
13:02:44,198 |-INFO in ch.qos.logback.core.model.processor.AppenderModelHandler - Processing appender named [swingMessage]
13:02:44,198 |-INFO in ch.qos.logback.core.model.processor.AppenderModelHandler - About to instantiate appender of type [org.triplea.debug.Slf4jLogMessageUploader]
13:02:44,199 |-INFO in ch.qos.logback.core.model.processor.AppenderModelHandler - Processing appender named [FILE]
13:02:44,199 |-INFO in ch.qos.logback.core.model.processor.AppenderModelHandler - About to instantiate appender of type [ch.qos.logback.core.rolling.RollingFileAppender]
13:02:44,202 |-INFO in ch.qos.logback.core.model.processor.ModelInterpretationContext@6973b51b - value "/home/sanjana/triplea/triplea.log" substituted for "${user.home}/triplea/triplea.log"
13:02:44,204 |-INFO in ch.qos.logback.core.model.processor.ImplicitModelHandler - Assuming default type [ch.qos.logback.classic.encoder.PatternLayoutEncoder] for [encoder] property
13:02:44,225 |-INFO in c.q.l.core.rolling.SizeAndTimeBasedRollingPolicy@447981768 - setting totalSizeCap to 10 MB
13:02:44,225 |-INFO in c.q.l.core.rolling.SizeAndTimeBasedRollingPolicy@447981768 - Archive files will be limited to [1 MB] each.
13:02:44,225 |-INFO in c.q.l.core.rolling.SizeAndTimeBasedRollingPolicy@447981768 - No compression will be used
13:02:44,227 |-INFO in c.q.l.core.rolling.SizeAndTimeBasedRollingPolicy@447981768 - Will use the pattern triplea-%d{yyyy-MM-dd}.%i.log for the active file
13:02:44,235 |-INFO in ch.qos.logback.core.rolling.SizeAndTimeBasedFileNamingAndTriggeringPolicy@43195e57 - The date pattern is 'yyyy-MM-dd' from file name pattern 'triplea-%d{yyyy-MM-dd}.%i.log'.
13:02:44,235 |-INFO in ch.qos.logback.core.rolling.SizeAndTimeBasedFileNamingAndTriggeringPolicy@43195e57 - Roll-over at midnight.
13:02:44,237 |-INFO in ch.qos.logback.core.rolling.SizeAndTimeBasedFileNamingAndTriggeringPolicy@43195e57 - Setting initial period to 2026-05-12T17:00:51.916Z
13:02:44,240 |-INFO in ch.qos.logback.core.rolling.RollingFileAppender[FILE] - Active log file name: /home/sanjana/triplea/triplea.log
13:02:44,241 |-INFO in ch.qos.logback.core.rolling.RollingFileAppender[FILE] - Setting currentFileLength to 1650 for /home/sanjana/triplea/triplea.log
13:02:44,241 |-INFO in ch.qos.logback.core.rolling.RollingFileAppender[FILE] - File property is set to [/home/sanjana/triplea/triplea.log]
13:02:44,241 |-INFO in ch.qos.logback.core.model.processor.AppenderModelHandler - Processing appender named [console]
13:02:44,241 |-INFO in ch.qos.logback.core.model.processor.AppenderModelHandler - About to instantiate appender of type [ch.qos.logback.core.ConsoleAppender]
13:02:44,243 |-WARN in ch.qos.logback.core.ConsoleAppender[console] - This appender no longer admits a layout as a sub-component, set an encoder instead.
13:02:44,243 |-WARN in ch.qos.logback.core.ConsoleAppender[console] - To ensure compatibility, wrapping your layout in LayoutWrappingEncoder.
13:02:44,243 |-WARN in ch.qos.logback.core.ConsoleAppender[console] - See also https://logback.qos.ch/codes.html#layoutInsteadOfEncoder for details
13:02:44,243 |-INFO in ch.qos.logback.core.ConsoleAppender[console] - BEWARE: Writing to the console can be very slow. Avoid logging to the 
13:02:44,243 |-INFO in ch.qos.logback.core.ConsoleAppender[console] - console in production environments, especially in high volume systems.
13:02:44,243 |-INFO in ch.qos.logback.core.ConsoleAppender[console] - See also https://logback.qos.ch/codes.html#slowConsole
13:02:44,243 |-INFO in ch.qos.logback.classic.model.processor.RootLoggerModelHandler - Setting level of ROOT logger to DEBUG
13:02:44,243 |-INFO in ch.qos.logback.core.model.processor.AppenderRefModelHandler - Attaching appender named [swingMessage] to Logger[ROOT]
13:02:44,243 |-INFO in ch.qos.logback.core.model.processor.AppenderRefModelHandler - Attaching appender named [console] to Logger[ROOT]
13:02:44,243 |-INFO in ch.qos.logback.core.model.processor.AppenderRefModelHandler - Attaching appender named [FILE] to Logger[ROOT]
13:02:44,243 |-INFO in ch.qos.logback.classic.model.processor.LoggerModelHandler - Setting level of logger [org.apache.http] to INFO
13:02:44,243 |-INFO in ch.qos.logback.core.model.processor.DefaultProcessor@333291e3 - End of configuration.
13:02:44,243 |-INFO in ch.qos.logback.classic.joran.JoranConfigurator@479d31f3 - Registering current configuration as safe fallback point
13:02:44,243 |-INFO in ch.qos.logback.classic.util.ContextInitializer@1afd44cb - ch.qos.logback.classic.util.DefaultJoranConfigurator.configure() call lasted 91 milliseconds. ExecutionStatus=DO_NOT_INVOKE_NEXT_IF_ANY

file:///home/sanjana/triplea/downloadedMaps/capture_the_flag/map/games/capture_the_flag.xml
13:02:44.362 [main] INFO  o.t.game.client.HeadedGameRunner - Launching game, version: 2.7+00000 
13:02:44.482 [Thread-5] DEBUG g.s.e.data.gameparser.GameParser - Parsing game XML: /home/sanjana/triplea/downloadedMaps/capture_the_flag/map/games/capture_the_flag.xml
Request sent: [MY_MOVE] purchase on port 5000
Received move: [{"delegate": "purchase", "unit": "infantry", "to": "RussianBase", "count": 4}]
Request sent: [MY_MOVE] combat on port 5000
Received move: [{"delegate": "combat", "from": "RussianStart", "to": "RussianStartRight", "unit": "infantry", "count": 1}, {"delegate": "combat", "from": "RussianStart", "to": "RussianStepOne", "unit": "infantry", "count": 1}, {"delegate": "combat", "from": "RussianBase", "to": "RussianStepOne", "unit": "armour", "count": 1}]
Request sent: [MY_MOVE] purchase on port 5001
Received move: [{"delegate": "purchase", "unit": "infantry", "to": "ItalianBase", "count": 3}, {"delegate": "purchase", "unit": "artillery", "to": "ItalianBase", "count": 1}]
Request sent: [MY_MOVE] combat on port 5001
Received move: [{"delegate": "combat", "from": "ItalianStart", "to": "ItalianStepOne", "unit": "infantry", "count": 2}, {"delegate": "combat", "from": "ItalianBase", "to": "ItalianStartRight", "unit": "armour", "count": 1}]
Request sent: [MY_MOVE] purchase on port 5002
Received move: [{"delegate": "purchase", "unit": "infantry", "to": "GermanBase", "count": 3}, {"delegate": "purchase", "unit": "artillery", "to": "GermanBase", "count": 1}, {"delegate": "purchase", "unit": "armour", "to": "GermanBase", "count": 1}]
Request sent: [MY_MOVE] combat on port 5002
Received move: [{"delegate": "combat", "from": "GermanStart", "to": "GermanStepOne", "unit": "infantry", "count": 2}, {"delegate": "combat", "from": "GermanBase", "to": "GermanStartRight", "unit": "armour", "count": 1}]
Request sent: [MY_MOVE] purchase on port 5003
Received move: [{"delegate": "purchase", "unit": "infantry", "to": "ChineseBase", "count": 4}, {"delegate": "purchase", "unit": "artillery", "to": "ChineseBase", "count": 1}, {"delegate": "purchase", "unit": "armour", "to": "ChineseBase", "count": 1}]
Request sent: [MY_MOVE] combat on port 5003
Received move: [{"delegate": "combat", "from": "ChineseStart", "to": "ChineseStartLeft", "unit": "infantry", "count": 1}, {"delegate": "combat", "from": "ChineseStart", "to": "ChineseStepOne", "unit": "infantry", "count": 1}, {"delegate": "combat", "from": "ChineseBase", "to": "ChineseStepOne", "unit": "armour", "count": 1}]
Request sent: [MY_MOVE] purchase on port 5000
Received move: [{"delegate": "purchase", "unit": "infantry", "to": "RussianBase", "count": 4}, {"delegate": "purchase", "unit": "artillery", "to": "RussianBase", "count": 1}]
Request sent: [MY_MOVE] combat on port 5000
Received move: [{"delegate": "combat", "from": "RussianStartRight", "to": "LeftBar", "unit": "infantry", "count": 1}, {"delegate": "combat", "from": "RussianStepOne", "to": "RussianStepTwo", "unit": "armour", "count": 1}, {"delegate": "combat", "from": "RussianStepOne", "to": "RussianStepTwo", "unit": "infantry", "count": 1}]
Request sent: [MY_MOVE] noncombat on port 5000
Received move: [{"delegate": "noncombat", "from": "RussianBase", "to": "RussianStart", "unit": "infantry", "count": 4}]
Request sent: [MY_MOVE] purchase on port 5001
Received move: [{"delegate": "purchase", "unit": "infantry", "to": "ItalianBase", "count": 3}, {"delegate": "purchase", "unit": "artillery", "to": "ItalianBase", "count": 1}, {"delegate": "purchase", "unit": "armour", "to": "ItalianBase", "count": 1}]
Request sent: [MY_MOVE] combat on port 5001
Received move: [{"delegate": "combat", "from": "ItalianStartRight", "to": "TopBar", "unit": "armour", "count": 1}, {"delegate": "combat", "from": "ItalianStepOne", "to": "ItalianStepTwo", "unit": "infantry", "count": 2}]
Request sent: [MY_MOVE] noncombat on port 5001
Received move: [{"delegate": "noncombat", "from": "ItalianBase", "to": "ItalianStart", "unit": "infantry", "count": 3}, {"delegate": "noncombat", "from": "ItalianBase", "to": "ItalianStart", "unit": "artillery", "count": 1}]
Request sent: [MY_MOVE] purchase on port 5002
Received move: [{"delegate": "purchase", "unit": "infantry", "to": "GermanBase", "count": 4}, {"delegate": "purchase", "unit": "artillery", "to": "GermanBase", "count": 1}]
Request sent: [MY_MOVE] combat on port 5002
Received move: [{"delegate": "combat", "from": "GermanStepOne", "to": "GermanStepTwo", "unit": "infantry", "count": 2}, {"delegate": "combat", "from": "GermanStartRight", "to": "RightBar", "unit": "armour", "count": 1}, {"delegate": "combat", "from": "GermanBase", "to": "GermanStartLeft", "unit": "armour", "count": 1}]
Request sent: [MY_MOVE] noncombat on port 5002
Received move: [{"delegate": "noncombat", "from": "GermanBase", "to": "GermanStart", "unit": "infantry", "count": 3}, {"delegate": "noncombat", "from": "GermanBase", "to": "GermanStart", "unit": "artillery", "count": 1}]
Request sent: [MY_MOVE] purchase on port 5003
Received move: [{"delegate": "purchase", "unit": "infantry", "to": "ChineseBase", "count": 4}, {"delegate": "purchase", "unit": "artillery", "to": "ChineseBase", "count": 1}]
Request sent: [MY_MOVE] combat on port 5003
Received move: [{"delegate": "combat", "from": "ChineseStepOne", "to": "ChineseStepTwo", "unit": "armour", "count": 1}, {"delegate": "combat", "from": "ChineseStepOne", "to": "ChineseStepTwo", "unit": "infantry", "count": 1}, {"delegate": "combat", "from": "ChineseBase", "to": "ChineseStartRight", "unit": "armour", "count": 1}]
Request sent: [MY_MOVE] noncombat on port 5003
Received move: [{"delegate": "noncombat", "from": "ChineseBase", "to": "ChineseStart", "unit": "infantry", "count": 4}, {"delegate": "noncombat", "from": "ChineseBase", "to": "ChineseStart", "unit": "artillery", "count": 1}]
Request sent: [MY_MOVE] purchase on port 5000
Received move: [{"delegate": "purchase", "unit": "infantry", "to": "RussianBase", "count": 3}, {"delegate": "purchase", "unit": "artillery", "to": "RussianBase", "count": 1}, {"delegate": "purchase", "unit": "armour", "to": "RussianBase", "count": 1}]
Request sent: [MY_MOVE] combat on port 5000
Received move: [{"delegate": "combat", "from": "RussianStart", "to": "RussianStartLeft", "unit": "infantry", "count": 2}]
Request sent: [MY_MOVE] noncombat on port 5000
Received move: [{"delegate": "noncombat", "from": "RussianBase", "to": "RussianStart", "unit": "infantry", "count": 4}, {"delegate": "noncombat", "from": "RussianBase", "to": "RussianStart", "unit": "artillery", "count": 1}, {"delegate": "noncombat", "from": "RussianStart", "to": "RussianStartLeft", "unit": "infantry", "count": 2}]
Request sent: [MY_MOVE] purchase on port 5001
Received move: [{"delegate": "purchase", "unit": "infantry", "to": "ItalianBase", "count": 3}, {"delegate": "purchase", "unit": "artillery", "to": "ItalianBase", "count": 1}, {"delegate": "purchase", "unit": "armour", "to": "ItalianBase", "count": 1}]
Request sent: [MY_MOVE] combat on port 5001
Received move: [{"delegate": "combat", "from": "ItalianStart", "to": "ItalianStartLeft", "unit": "artillery", "count": 1}, {"delegate": "combat", "from": "ItalianStart", "to": "ItalianStartLeft", "unit": "infantry", "count": 1}]
Request sent: [MY_MOVE] noncombat on port 5001
Received move: [{"delegate": "noncombat", "from": "ItalianBase", "to": "ItalianStart", "unit": "infantry", "count": 3}, {"delegate": "noncombat", "from": "ItalianBase", "to": "ItalianStart", "unit": "artillery", "count": 1}, {"delegate": "noncombat", "from": "ItalianBase", "to": "ItalianStartLeft", "unit": "armour", "count": 1}, {"delegate": "noncombat", "from": "ItalianStart", "to": "ItalianStartLeft", "unit": "infantry", "count": 2}]
Request sent: [MY_MOVE] purchase on port 5002
Received move: [{"delegate": "purchase", "unit": "infantry", "to": "GermanBase", "count": 4}, {"delegate": "purchase", "unit": "artillery", "to": "GermanBase", "count": 1}, {"delegate": "purchase", "unit": "armour", "to": "GermanBase", "count": 1}]
Request sent: [MY_MOVE] combat on port 5002
Received move: [{"delegate": "combat", "from": "GermanStartLeft", "to": "BottomBar", "unit": "armour", "count": 1}]
Request sent: [MY_MOVE] noncombat on port 5002
Received move: [{"delegate": "noncombat", "from": "GermanBase", "to": "GermanStart", "unit": "infantry", "count": 4}, {"delegate": "noncombat", "from": "GermanBase", "to": "GermanStart", "unit": "artillery", "count": 1}, {"delegate": "noncombat", "from": "GermanStart", "to": "GermanStepOne", "unit": "infantry", "count": 3}, {"delegate": "noncombat", "from": "GermanStart", "to": "GermanStepOne", "unit": "artillery", "count": 1}]
Request sent: [MY_MOVE] purchase on port 5003
Received move: [{"delegate": "purchase", "unit": "infantry", "to": "ChineseBase", "count": 3}, {"delegate": "purchase", "unit": "artillery", "to": "ChineseBase", "count": 1}, {"delegate": "purchase", "unit": "armour", "to": "ChineseBase", "count": 1}]
Request sent: [MY_MOVE] combat on port 5003
Received move: [{"delegate": "combat", "from": "ChineseStartRight", "to": "BottomBar", "unit": "armour", "count": 1}]
Request sent: [MY_MOVE] noncombat on port 5003
Received move: [{"delegate": "noncombat", "from": "ChineseBase", "to": "ChineseStart", "unit": "infantry", "count": 4}, {"delegate": "noncombat", "from": "ChineseBase", "to": "ChineseStart", "unit": "artillery", "count": 1}, {"delegate": "noncombat", "from": "ChineseStart", "to": "ChineseStartRight", "unit": "infantry", "count": 4}, {"delegate": "noncombat", "from": "ChineseStart", "to": "ChineseStartRight", "unit": "artillery", "count": 1}]
Request sent: [MY_MOVE] purchase on port 5000
Received move: [{"delegate": "purchase", "unit": "infantry", "to": "RussianBase", "count": 5}, {"delegate": "purchase", "unit": "artillery", "to": "RussianBase", "count": 1}, {"delegate": "purchase", "unit": "armour", "to": "RussianBase", "count": 1}]
Request sent: [MY_MOVE] combat on port 5000
Received move: [{"delegate": "combat", "from": "RussianStartLeft", "to": "TopBar", "unit": "infantry", "count": 4}]
Request sent: [MY_MOVE] noncombat on port 5000
Received move: [{"delegate": "noncombat", "from": "RussianBase", "to": "RussianStart", "unit": "infantry", "count": 3}, {"delegate": "noncombat", "from": "RussianBase", "to": "RussianStart", "unit": "artillery", "count": 1}, {"delegate": "noncombat", "from": "RussianBase", "to": "RussianStepOne", "unit": "armour", "count": 1}, {"delegate": "noncombat", "from": "RussianStart", "to": "RussianStepOne", "unit": "infantry", "count": 4}, {"delegate": "noncombat", "from": "RussianStart", "to": "RussianStepOne", "unit": "artillery", "count": 1}, {"delegate": "noncombat", "from": "TopBar", "to": "RussianStartLeft", "unit": "infantry", "count": 1}]
Request sent: [MY_MOVE] purchase on port 5001
Received move: [{"delegate": "purchase", "unit": "infantry", "to": "ItalianBase", "count": 5}, {"delegate": "purchase", "unit": "artillery", "to": "ItalianBase", "count": 1}, {"delegate": "purchase", "unit": "armour", "to": "ItalianBase", "count": 1}]
Request sent: [MY_MOVE] combat on port 5001
Received move: [{"delegate": "combat", "from": "ItalianStartLeft", "to": "RightBar", "unit": "armour", "count": 1}, {"delegate": "combat", "from": "ItalianStartLeft", "to": "RightBar", "unit": "artillery", "count": 1}, {"delegate": "combat", "from": "ItalianStartLeft", "to": "RightBar", "unit": "infantry", "count": 2}]
Request sent: [MY_MOVE] noncombat on port 5001
Received move: [{"delegate": "noncombat", "from": "ItalianBase", "to": "ItalianStart", "unit": "infantry", "count": 3}, {"delegate": "noncombat", "from": "ItalianBase", "to": "ItalianStart", "unit": "artillery", "count": 1}, {"delegate": "noncombat", "from": "ItalianBase", "to": "ItalianStartRight", "unit": "armour", "count": 1}, {"delegate": "noncombat", "from": "ItalianStart", "to": "ItalianStartRight", "unit": "infantry", "count": 3}, {"delegate": "noncombat", "from": "ItalianStart", "to": "ItalianStartRight", "unit": "artillery", "count": 1}, {"delegate": "noncombat", "from": "ItalianStartLeft", "to": "RightBar", "unit": "infantry", "count": 1}, {"delegate": "noncombat", "from": "RightBar", "to": "ItalianStart", "unit": "armour", "count": 1}]
Request sent: [MY_MOVE] purchase on port 5002
Received move: [{"delegate": "purchase", "unit": "infantry", "to": "GermanBase", "count": 5}, {"delegate": "purchase", "unit": "artillery", "to": "GermanBase", "count": 1}, {"delegate": "purchase", "unit": "armour", "to": "GermanBase", "count": 1}]
Request sent: [MY_MOVE] combat on port 5002
Received move: []
Request sent: [MY_MOVE] noncombat on port 5002
Received move: [{"delegate": "noncombat", "from": "GermanBase", "to": "GermanStart", "unit": "infantry", "count": 4}, {"delegate": "noncombat", "from": "GermanBase", "to": "GermanStart", "unit": "artillery", "count": 1}, {"delegate": "noncombat", "from": "GermanBase", "to": "GermanStartRight", "unit": "armour", "count": 1}, {"delegate": "noncombat", "from": "GermanStart", "to": "GermanStartRight", "unit": "infantry", "count": 4}, {"delegate": "noncombat", "from": "GermanStart", "to": "GermanStartRight", "unit": "artillery", "count": 1}, {"delegate": "noncombat", "from": "GermanStepOne", "to": "GermanStepTwo", "unit": "infantry", "count": 3}, {"delegate": "noncombat", "from": "GermanStepOne", "to": "GermanStepTwo", "unit": "artillery", "count": 1}]
Request sent: [MY_MOVE] purchase on port 5003
Received move: [{"delegate": "purchase", "unit": "infantry", "to": "ChineseBase", "count": 4}, {"delegate": "purchase", "unit": "artillery", "to": "ChineseBase", "count": 1}, {"delegate": "purchase", "unit": "armour", "to": "ChineseBase", "count": 1}]
Request sent: [MY_MOVE] combat on port 5003
Received move: [{"delegate": "combat", "from": "ChineseStartRight", "to": "BottomBar", "unit": "artillery", "count": 1}, {"delegate": "combat", "from": "ChineseStartRight", "to": "BottomBar", "unit": "infantry", "count": 1}]
Request sent: [MY_MOVE] noncombat on port 5003
Received move: [{"delegate": "noncombat", "from": "ChineseBase", "to": "ChineseStart", "unit": "infantry", "count": 3}, {"delegate": "noncombat", "from": "ChineseBase", "to": "ChineseStart", "unit": "artillery", "count": 1}, {"delegate": "noncombat", "from": "ChineseBase", "to": "ChineseStartLeft", "unit": "armour", "count": 1}, {"delegate": "noncombat", "from": "ChineseStart", "to": "ChineseStartLeft", "unit": "infantry", "count": 4}, {"delegate": "noncombat", "from": "ChineseStart", "to": "ChineseStartLeft", "unit": "artillery", "count": 1}, {"delegate": "noncombat", "from": "ChineseStartRight", "to": "BottomBar", "unit": "infantry", "count": 3}]
Request sent: [MY_MOVE] purchase on port 5000
Received move: [{"delegate": "purchase", "unit": "infantry", "to": "RussianBase", "count": 5}, {"delegate": "purchase", "unit": "artillery", "to": "RussianBase", "count": 1}, {"delegate": "purchase", "unit": "armour", "to": "RussianBase", "count": 1}]
Request sent: [MY_MOVE] combat on port 5000
Received move: [{"delegate": "combat", "from": "RussianStepTwo", "to": "Flag", "unit": "armour", "count": 1}, {"delegate": "combat", "from": "RussianStepTwo", "to": "Flag", "unit": "infantry", "count": 1}, {"delegate": "combat", "from": "RussianStepOne", "to": "Flag", "unit": "armour", "count": 1}]
Request sent: [MY_MOVE] noncombat on port 5000
Received move: [{"delegate": "noncombat", "from": "RussianBase", "to": "RussianStart", "unit": "infantry", "count": 5}, {"delegate": "noncombat", "from": "RussianBase", "to": "RussianStart", "unit": "artillery", "count": 1}, {"delegate": "noncombat", "from": "RussianBase", "to": "RussianStepOne", "unit": "armour", "count": 1}, {"delegate": "noncombat", "from": "RussianStart", "to": "RussianStepOne", "unit": "infantry", "count": 3}, {"delegate": "noncombat", "from": "RussianStart", "to": "RussianStepOne", "unit": "artillery", "count": 1}, {"delegate": "noncombat", "from": "RussianStepOne", "to": "RussianStepTwo", "unit": "infantry", "count": 4}, {"delegate": "noncombat", "from": "RussianStepOne", "to": "RussianStepTwo", "unit": "artillery", "count": 1}]
Request sent: [MY_MOVE] purchase on port 5001
Received move: [{"delegate": "purchase", "unit": "infantry", "to": "ItalianBase", "count": 4}, {"delegate": "purchase", "unit": "artillery", "to": "ItalianBase", "count": 1}, {"delegate": "purchase", "unit": "armour", "to": "ItalianBase", "count": 1}]
Request sent: [MY_MOVE] combat on port 5001
Received move: [{"delegate": "combat", "from": "ItalianStartRight", "to": "TopBar", "unit": "armour", "count": 1}, {"delegate": "combat", "from": "ItalianStartRight", "to": "TopBar", "unit": "artillery", "count": 1}, {"delegate": "combat", "from": "ItalianStartRight", "to": "TopBar", "unit": "infantry", "count": 3}]
Request sent: [MY_MOVE] noncombat on port 5001
Received move: [{"delegate": "noncombat", "from": "ItalianBase", "to": "ItalianStart", "unit": "infantry", "count": 5}, {"delegate": "noncombat", "from": "ItalianBase", "to": "ItalianStart", "unit": "artillery", "count": 1}, {"delegate": "noncombat", "from": "ItalianBase", "to": "ItalianStepOne", "unit": "armour", "count": 1}, {"delegate": "noncombat", "from": "ItalianStart", "to": "ItalianStepOne", "unit": "infantry", "count": 3}, {"delegate": "noncombat", "from": "ItalianStart", "to": "ItalianStepOne", "unit": "artillery", "count": 1}, {"delegate": "noncombat", "from": "TopBar", "to": "ItalianStartRight", "unit": "armour", "count": 1}, {"delegate": "noncombat", "from": "TopBar", "to": "ItalianStartRight", "unit": "artillery", "count": 1}, {"delegate": "noncombat", "from": "TopBar", "to": "ItalianStartRight", "unit": "infantry", "count": 1}]
Request sent: [MY_MOVE] purchase on port 5002
Received move: [{"delegate": "purchase", "unit": "infantry", "to": "GermanBase", "count": 4}, {"delegate": "purchase", "unit": "artillery", "to": "GermanBase", "count": 1}, {"delegate": "purchase", "unit": "armour", "to": "GermanBase", "count": 1}]
Request sent: [MY_MOVE] combat on port 5002
Received move: [{"delegate": "combat", "from": "GermanStepTwo", "to": "Flag", "unit": "artillery", "count": 1}, {"delegate": "combat", "from": "GermanStepTwo", "to": "Flag", "unit": "infantry", "count": 5}, {"delegate": "combat", "from": "GermanStartRight", "to": "RightBar", "unit": "armour", "count": 1}, {"delegate": "combat", "from": "GermanStartRight", "to": "RightBar", "unit": "artillery", "count": 1}, {"delegate": "combat", "from": "GermanStartRight", "to": "RightBar", "unit": "infantry", "count": 4}]
Request sent: [MY_MOVE] noncombat on port 5002
Received move: [{"delegate": "noncombat", "from": "GermanBase", "to": "GermanStart", "unit": "infantry", "count": 5}, {"delegate": "noncombat", "from": "GermanBase", "to": "GermanStart", "unit": "artillery", "count": 1}, {"delegate": "noncombat", "from": "GermanBase", "to": "GermanStartLeft", "unit": "armour", "count": 1}, {"delegate": "noncombat", "from": "GermanStart", "to": "GermanStartLeft", "unit": "infantry", "count": 4}, {"delegate": "noncombat", "from": "GermanStart", "to": "GermanStartLeft", "unit": "artillery", "count": 1}, {"delegate": "noncombat", "from": "RightBar", "to": "GermanStart", "unit": "armour", "count": 1}]
Request sent: [MY_MOVE] purchase on port 5003
Received move: [{"delegate": "purchase", "unit": "infantry", "to": "ChineseBase", "count": 4}, {"delegate": "purchase", "unit": "artillery", "to": "ChineseBase", "count": 1}, {"delegate": "purchase", "unit": "armour", "to": "ChineseBase", "count": 1}]
Request sent: [MY_MOVE] combat on port 5003
Received move: [{"delegate": "combat", "from": "ChineseStartLeft", "to": "LeftBar", "unit": "armour", "count": 1}, {"delegate": "combat", "from": "ChineseStartLeft", "to": "LeftBar", "unit": "artillery", "count": 1}, {"delegate": "combat", "from": "ChineseStartLeft", "to": "LeftBar", "unit": "infantry", "count": 2}, {"delegate": "combat", "from": "ChineseStepTwo", "to": "Flag", "unit": "armour", "count": 1}, {"delegate": "combat", "from": "ChineseStepTwo", "to": "Flag", "unit": "infantry", "count": 1}, {"delegate": "combat", "from": "BottomBar", "to": "GermanStartLeft", "unit": "artillery", "count": 1}, {"delegate": "combat", "from": "BottomBar", "to": "GermanStartLeft", "unit": "infantry", "count": 4}]
Request sent: [MY_MOVE] noncombat on port 5003
Received move: [{"delegate": "noncombat", "from": "ChineseBase", "to": "ChineseStart", "unit": "infantry", "count": 4}, {"delegate": "noncombat", "from": "ChineseBase", "to": "ChineseStart", "unit": "artillery", "count": 1}, {"delegate": "noncombat", "from": "ChineseBase", "to": "ChineseStartLeft", "unit": "armour", "count": 1}, {"delegate": "noncombat", "from": "ChineseStart", "to": "ChineseStartLeft", "unit": "infantry", "count": 3}, {"delegate": "noncombat", "from": "ChineseStart", "to": "ChineseStartLeft", "unit": "artillery", "count": 1}, {"delegate": "noncombat", "from": "ChineseStartLeft", "to": "LeftBar", "unit": "infantry", "count": 3}, {"delegate": "noncombat", "from": "LeftBar", "to": "ChineseStartLeft", "unit": "armour", "count": 1}, {"delegate": "noncombat", "from": "LeftBar", "to": "ChineseStartLeft", "unit": "artillery", "count": 1}]
Request sent: [MY_MOVE] purchase on port 5000
Received move: [{"delegate": "purchase", "unit": "infantry", "to": "RussianBase", "count": 5}, {"delegate": "purchase", "unit": "artillery", "to": "RussianBase", "count": 1}, {"delegate": "purchase", "unit": "armour", "to": "RussianBase", "count": 1}]
Request sent: [MY_MOVE] combat on port 5000
Starting new game...

Playing round 0
Playing round 1
Playing round 2
Playing round 3
Playing round 4
Playing round 5
5 rounds completed. Ending game.
Stopping current game...
Completed game 1/1
All games finished.
Data successfully extracted and saved to gameInfo/Capture The Flag.json
Started MCTS agents
Game finished.
Time taken: 146 seconds
