Server started on 127.0.0.1:5000
Game 1 Player Russians Role assigned
Game 1 Round 1 Player Russians Action: [{'delegate': 'purchase', 'unit': 'artillery', 'to': 'RussianBase', 'count': 3}]
Game 1 Round 1 Player Russians Action: [{'delegate': 'combat', 'from': 'RussianStart', 'to': 'RussianStartLeft', 'unit': 'infantry', 'count': 2}, {'delegate': 'combat', 'from': 'RussianBase', 'to': 'RussianStartRight', 'unit': 'armour', 'count': 1}]
Game 1 Round 2 Player Russians Action: [{'delegate': 'purchase', 'unit': 'artillery', 'to': 'RussianBase', 'count': 4}]
Game 1 Round 2 Player Russians Action: [{'delegate': 'combat', 'from': 'RussianStartRight', 'to': 'LeftBar', 'unit': 'armour', 'count': 1}, {'delegate': 'combat', 'from': 'RussianStartLeft', 'to': 'TopBar', 'unit': 'infantry', 'count': 2}]
Game 1 Round 2 Player Russians Action: [{'delegate': 'noncombat', 'from': 'RussianBase', 'to': 'RussianStart', 'unit': 'artillery', 'count': 3}]
Game 1 Round 3 Player Russians Action: [{'delegate': 'purchase', 'unit': 'infantry', 'to': 'RussianBase', 'count': 1}, {'delegate': 'purchase', 'unit': 'artillery', 'to': 'RussianBase', 'count': 3}, {'delegate': 'purchase', 'unit': 'armour', 'to': 'RussianBase', 'count': 1}]
Game 1 Round 3 Player Russians Action: [{'delegate': 'combat', 'from': 'RussianStart', 'to': 'RussianStepOne', 'unit': 'artillery', 'count': 3}]
Game 1 Round 3 Player Russians Action: [{'delegate': 'noncombat', 'from': 'RussianBase', 'to': 'RussianStart', 'unit': 'artillery', 'count': 4}]
Game 1 Round 4 Player Russians Action: [{'delegate': 'purchase', 'unit': 'armour', 'to': 'RussianBase', 'count': 4}]
Game 1 Round 4 Player Russians Action: [{'delegate': 'combat', 'from': 'RussianStart', 'to': 'RussianStartRight', 'unit': 'artillery', 'count': 4}, {'delegate': 'combat', 'from': 'RussianBase', 'to': 'RussianStartRight', 'unit': 'armour', 'count': 1}, {'delegate': 'combat', 'from': 'RussianStepOne', 'to': 'RussianStepTwo', 'unit': 'artillery', 'count': 3}]
Game 1 Round 4 Player Russians Action: [{'delegate': 'noncombat', 'from': 'RussianBase', 'to': 'RussianStart', 'unit': 'infantry', 'count': 1}, {'delegate': 'noncombat', 'from': 'RussianBase', 'to': 'RussianStart', 'unit': 'artillery', 'count': 3}]
Game 1 Round 5 Player Russians Action: [{'delegate': 'purchase', 'unit': 'infantry', 'to': 'RussianBase', 'count': 3}, {'delegate': 'purchase', 'unit': 'artillery', 'to': 'RussianBase', 'count': 2}, {'delegate': 'purchase', 'unit': 'armour', 'to': 'RussianBase', 'count': 1}]
Game 1 Round 5 Player Russians Action: [{'delegate': 'combat', 'from': 'RussianStepTwo', 'to': 'Flag', 'unit': 'artillery', 'count': 3}]
Game 1 Round 5 Player Russians Action: [{'delegate': 'noncombat', 'from': 'RussianBase', 'to': 'RussianStartRight', 'unit': 'armour', 'count': 4}, {'delegate': 'noncombat', 'from': 'RussianStart', 'to': 'RussianStartRight', 'unit': 'infantry', 'count': 1}, {'delegate': 'noncombat', 'from': 'RussianStart', 'to': 'RussianStartRight', 'unit': 'artillery', 'count': 3}]
Game 1 Round 6 Player Russians Action: [{'delegate': 'purchase', 'unit': 'infantry', 'to': 'RussianBase', 'count': 2}, {'delegate': 'purchase', 'unit': 'artillery', 'to': 'RussianBase', 'count': 4}]
Game 1 Round 6 Player Russians Action: [{'delegate': 'combat', 'from': 'RussianStartRight', 'to': 'LeftBar', 'unit': 'armour', 'count': 5}]
Game 1 Round 6 Player Russians Action: [{'delegate': 'noncombat', 'from': 'RussianBase', 'to': 'RussianStart', 'unit': 'infantry', 'count': 3}, {'delegate': 'noncombat', 'from': 'RussianBase', 'to': 'RussianStart', 'unit': 'artillery', 'count': 2}, {'delegate': 'noncombat', 'from': 'RussianBase', 'to': 'RussianStartLeft', 'unit': 'armour', 'count': 1}, {'delegate': 'noncombat', 'from': 'RussianStartRight', 'to': 'LeftBar', 'unit': 'artillery', 'count': 7}, {'delegate': 'noncombat', 'from': 'RussianStartRight', 'to': 'LeftBar', 'unit': 'infantry', 'count': 1}]
Game 1 Round 7 Player Russians Action: [{'delegate': 'purchase', 'unit': 'infantry', 'to': 'RussianBase', 'count': 3}, {'delegate': 'purchase', 'unit': 'artillery', 'to': 'RussianBase', 'count': 2}, {'delegate': 'purchase', 'unit': 'armour', 'to': 'RussianBase', 'count': 1}]
Game 1 Round 7 Player Russians Action: [{'delegate': 'combat', 'from': 'RussianStepTwo', 'to': 'Flag', 'unit': 'artillery', 'count': 1}, {'delegate': 'combat', 'from': 'RussianStart', 'to': 'RussianStartLeft', 'unit': 'artillery', 'count': 2}, {'delegate': 'combat', 'from': 'RussianStart', 'to': 'RussianStartLeft', 'unit': 'infantry', 'count': 3}, {'delegate': 'combat', 'from': 'LeftBar', 'to': 'ChineseStartLeft', 'unit': 'armour', 'count': 5}, {'delegate': 'combat', 'from': 'LeftBar', 'to': 'ChineseStartLeft', 'unit': 'artillery', 'count': 7}, {'delegate': 'combat', 'from': 'LeftBar', 'to': 'ChineseStartLeft', 'unit': 'infantry', 'count': 1}]
Game 1 Round 7 Player Russians Action: [{'delegate': 'noncombat', 'from': 'RussianBase', 'to': 'RussianStart', 'unit': 'infantry', 'count': 2}, {'delegate': 'noncombat', 'from': 'RussianBase', 'to': 'RussianStart', 'unit': 'artillery', 'count': 4}]
Game 1 Round 8 Player Russians Action: [{'delegate': 'purchase', 'unit': 'infantry', 'to': 'RussianBase', 'count': 6}, {'delegate': 'purchase', 'unit': 'artillery', 'to': 'RussianBase', 'count': 1}, {'delegate': 'purchase', 'unit': 'armour', 'to': 'RussianBase', 'count': 3}]
Game 1 Round 8 Player Russians Action: [{'delegate': 'combat', 'from': 'RussianStart', 'to': 'RussianStartLeft', 'unit': 'artillery', 'count': 3}]
Game 1 Round 8 Player Russians Action: [{'delegate': 'noncombat', 'from': 'RussianBase', 'to': 'RussianStart', 'unit': 'infantry', 'count': 3}, {'delegate': 'noncombat', 'from': 'RussianBase', 'to': 'RussianStart', 'unit': 'artillery', 'count': 2}, {'delegate': 'noncombat', 'from': 'RussianBase', 'to': 'RussianStartLeft', 'unit': 'armour', 'count': 1}]
Game 1 Round 9 Player Russians Action: [{'delegate': 'purchase', 'unit': 'infantry', 'to': 'RussianBase', 'count': 4}, {'delegate': 'purchase', 'unit': 'armour', 'to': 'RussianBase', 'count': 2}]
Game 1 Round 9 Player Russians Action: [{'delegate': 'combat', 'from': 'RussianStartLeft', 'to': 'TopBar', 'unit': 'armour', 'count': 1}, {'delegate': 'combat', 'from': 'RussianStartLeft', 'to': 'TopBar', 'unit': 'artillery', 'count': 3}]
Game 1 Round 9 Player Russians Action: [{'delegate': 'noncombat', 'from': 'RussianBase', 'to': 'RussianStart', 'unit': 'infantry', 'count': 6}, {'delegate': 'noncombat', 'from': 'RussianBase', 'to': 'RussianStart', 'unit': 'artillery', 'count': 1}, {'delegate': 'noncombat', 'from': 'RussianBase', 'to': 'RussianStartRight', 'unit': 'armour', 'count': 3}, {'delegate': 'noncombat', 'from': 'RussianStart', 'to': 'RussianStartRight', 'unit': 'infantry', 'count': 3}, {'delegate': 'noncombat', 'from': 'RussianStart', 'to': 'RussianStartRight', 'unit': 'artillery', 'count': 2}]
Game 1 Round 10 Player Russians Action: [{'delegate': 'purchase', 'unit': 'infantry', 'to': 'RussianBase', 'count': 1}, {'delegate': 'purchase', 'unit': 'artillery', 'to': 'RussianBase', 'count': 1}, {'delegate': 'purchase', 'unit': 'armour', 'to': 'RussianBase', 'count': 3}]
Game 1 Round 10 Player Russians Action: [{'delegate': 'combat', 'from': 'TopBar', 'to': 'ItalianStartRight', 'unit': 'armour', 'count': 1}, {'delegate': 'combat', 'from': 'TopBar', 'to': 'ItalianStartRight', 'unit': 'artillery', 'count': 3}, {'delegate': 'combat', 'from': 'RussianStartRight', 'to': 'LeftBar', 'unit': 'armour', 'count': 3}, {'delegate': 'combat', 'from': 'RussianStartRight', 'to': 'LeftBar', 'unit': 'artillery', 'count': 2}, {'delegate': 'combat', 'from': 'RussianStartRight', 'to': 'LeftBar', 'unit': 'infantry', 'count': 3}]
Game 1 Round 10 Player Russians Action: [{'delegate': 'noncombat', 'from': 'RussianBase', 'to': 'RussianStart', 'unit': 'infantry', 'count': 4}, {'delegate': 'noncombat', 'from': 'RussianBase', 'to': 'RussianStepOne', 'unit': 'armour', 'count': 2}, {'delegate': 'noncombat', 'from': 'RussianStart', 'to': 'RussianStepOne', 'unit': 'infantry', 'count': 6}, {'delegate': 'noncombat', 'from': 'RussianStart', 'to': 'RussianStepOne', 'unit': 'artillery', 'count': 1}]
Game 1 Round 11 Player Russians Action: [{'delegate': 'purchase', 'unit': 'infantry', 'to': 'RussianBase', 'count': 6}, {'delegate': 'purchase', 'unit': 'artillery', 'to': 'RussianBase', 'count': 1}]
Game 1 Round 11 Player Russians Action: [{'delegate': 'combat', 'from': 'LeftBar', 'to': 'ChineseStartLeft', 'unit': 'armour', 'count': 3}, {'delegate': 'combat', 'from': 'LeftBar', 'to': 'ChineseStartLeft', 'unit': 'artillery', 'count': 2}, {'delegate': 'combat', 'from': 'LeftBar', 'to': 'ChineseStartLeft', 'unit': 'infantry', 'count': 2}, {'delegate': 'combat', 'from': 'RussianStepOne', 'to': 'RussianStepTwo', 'unit': 'armour', 'count': 2}, {'delegate': 'combat', 'from': 'RussianStepOne', 'to': 'RussianStepTwo', 'unit': 'artillery', 'count': 1}, {'delegate': 'combat', 'from': 'RussianStepOne', 'to': 'RussianStepTwo', 'unit': 'infantry', 'count': 5}]
Game 1 Round 11 Player Russians Action: [{'delegate': 'noncombat', 'from': 'RussianBase', 'to': 'RussianStart', 'unit': 'infantry', 'count': 1}, {'delegate': 'noncombat', 'from': 'RussianBase', 'to': 'RussianStart', 'unit': 'artillery', 'count': 1}, {'delegate': 'noncombat', 'from': 'RussianBase', 'to': 'RussianStartLeft', 'unit': 'armour', 'count': 3}, {'delegate': 'noncombat', 'from': 'RussianStart', 'to': 'RussianStartLeft', 'unit': 'infantry', 'count': 4}]
Game 1 Round 12 Player Russians Action: [{'delegate': 'purchase', 'unit': 'infantry', 'to': 'RussianBase', 'count': 6}, {'delegate': 'purchase', 'unit': 'artillery', 'to': 'RussianBase', 'count': 1}]
Game 1 Round 12 Player Russians Action: [{'delegate': 'combat', 'from': 'RussianStepTwo', 'to': 'Flag', 'unit': 'armour', 'count': 2}]
Game 1 Round 12 Player Russians Action: [{'delegate': 'noncombat', 'from': 'RussianBase', 'to': 'RussianStart', 'unit': 'infantry', 'count': 6}, {'delegate': 'noncombat', 'from': 'RussianBase', 'to': 'RussianStart', 'unit': 'artillery', 'count': 1}, {'delegate': 'noncombat', 'from': 'RussianStepTwo', 'to': 'Flag', 'unit': 'artillery', 'count': 1}, {'delegate': 'noncombat', 'from': 'RussianStepTwo', 'to': 'Flag', 'unit': 'infantry', 'count': 4}]
Game 1 Round 13 Player Russians Action: [{'delegate': 'purchase', 'unit': 'artillery', 'to': 'RussianBase', 'count': 5}, {'delegate': 'purchase', 'unit': 'armour', 'to': 'RussianBase', 'count': 3}]
Game 1 Round 13 Player Russians Action: [{'delegate': 'combat', 'from': 'Flag', 'to': 'ItalianStepTwo', 'unit': 'armour', 'count': 2}, {'delegate': 'combat', 'from': 'Flag', 'to': 'ItalianStepTwo', 'unit': 'artillery', 'count': 1}, {'delegate': 'combat', 'from': 'Flag', 'to': 'ItalianStepTwo', 'unit': 'infantry', 'count': 4}]
Game 1 Round 13 Player Russians Action: []
Game 1 Round 14 Player Russians Action: [{'delegate': 'purchase', 'unit': 'infantry', 'to': 'RussianBase', 'count': 1}, {'delegate': 'purchase', 'unit': 'artillery', 'to': 'RussianBase', 'count': 5}, {'delegate': 'purchase', 'unit': 'armour', 'to': 'RussianBase', 'count': 2}]
Game 1 Round 14 Player Russians Action: [{'delegate': 'combat', 'from': 'ItalianStepTwo', 'to': 'ItalianStepOne', 'unit': 'armour', 'count': 2}]
Game 1 Round 14 Player Russians Action: []
Game 1 Round 15 Player Russians Action: [{'delegate': 'purchase', 'unit': 'infantry', 'to': 'RussianBase', 'count': 6}, {'delegate': 'purchase', 'unit': 'artillery', 'to': 'RussianBase', 'count': 2}, {'delegate': 'purchase', 'unit': 'armour', 'to': 'RussianBase', 'count': 1}]
Game 1 Round 15 Player Russians Action: [{'delegate': 'combat', 'from': 'RussianBase', 'to': 'RussianStart', 'unit': 'armour', 'count': 5}]
Game 1 Round 15 Player Russians Action: [{'delegate': 'noncombat', 'from': 'RussianBase', 'to': 'RussianStart', 'unit': 'infantry', 'count': 7}, {'delegate': 'noncombat', 'from': 'RussianBase', 'to': 'RussianStart', 'unit': 'artillery', 'count': 11}]
Game 1 Round 16 Player Russians Action: [{'delegate': 'purchase', 'unit': 'infantry', 'to': 'RussianBase', 'count': 3}, {'delegate': 'purchase', 'unit': 'artillery', 'to': 'RussianBase', 'count': 1}, {'delegate': 'purchase', 'unit': 'armour', 'to': 'RussianBase', 'count': 4}]
Game 1 Round 16 Player Russians Action: [{'delegate': 'combat', 'from': 'RussianBase', 'to': 'RussianStart', 'unit': 'armour', 'count': 1}, {'delegate': 'combat', 'from': 'RussianBase', 'to': 'RussianStart', 'unit': 'artillery', 'count': 2}, {'delegate': 'combat', 'from': 'RussianBase', 'to': 'RussianStart', 'unit': 'infantry', 'count': 6}]
Game 1 Round 17 Player Russians Action: [{'delegate': 'purchase', 'unit': 'infantry', 'to': 'RussianBase', 'count': 7}, {'delegate': 'purchase', 'unit': 'artillery', 'to': 'RussianBase', 'count': 2}]
Game 1 Round 17 Player Russians Action: [{'delegate': 'combat', 'from': 'RussianBase', 'to': 'RussianStart', 'unit': 'armour', 'count': 5}, {'delegate': 'combat', 'from': 'RussianBase', 'to': 'RussianStart', 'unit': 'artillery', 'count': 3}, {'delegate': 'combat', 'from': 'RussianBase', 'to': 'RussianStart', 'unit': 'infantry', 'count': 1}]
Game 1 Round 18 Player Russians Action: [{'delegate': 'purchase', 'unit': 'artillery', 'to': 'RussianBase', 'count': 4}]
Game 1 Round 18 Player Russians Action: [{'delegate': 'combat', 'from': 'RussianStart', 'to': 'RussianStepTwo', 'unit': 'armour', 'count': 5}, {'delegate': 'combat', 'from': 'RussianStart', 'to': 'RussianStartLeft', 'unit': 'artillery', 'count': 3}]
Game 1 Round 18 Player Russians Action: [{'delegate': 'noncombat', 'from': 'RussianBase', 'to': 'RussianStart', 'unit': 'infantry', 'count': 7}, {'delegate': 'noncombat', 'from': 'RussianBase', 'to': 'RussianStart', 'unit': 'artillery', 'count': 2}]
Game 1 Round 19 Player Russians Action: [{'delegate': 'purchase', 'unit': 'artillery', 'to': 'RussianBase', 'count': 2}, {'delegate': 'purchase', 'unit': 'armour', 'to': 'RussianBase', 'count': 2}]
Game 1 Round 19 Player Russians Action: [{'delegate': 'combat', 'from': 'RussianStepTwo', 'to': 'Flag', 'unit': 'armour', 'count': 4}, {'delegate': 'combat', 'from': 'RussianStartLeft', 'to': 'TopBar', 'unit': 'artillery', 'count': 3}, {'delegate': 'combat', 'from': 'RussianStart', 'to': 'RussianStartRight', 'unit': 'artillery', 'count': 2}]
Game 1 Round 19 Player Russians Action: [{'delegate': 'noncombat', 'from': 'RussianBase', 'to': 'RussianStart', 'unit': 'artillery', 'count': 4}, {'delegate': 'noncombat', 'from': 'RussianStart', 'to': 'RussianStartRight', 'unit': 'infantry', 'count': 8}]
Game 1 Round 20 Player Russians Action: [{'delegate': 'purchase', 'unit': 'infantry', 'to': 'RussianBase', 'count': 4}, {'delegate': 'purchase', 'unit': 'armour', 'to': 'RussianBase', 'count': 2}]
Game 1 Round 20 Player Russians Action: [{'delegate': 'combat', 'from': 'RussianStartRight', 'to': 'LeftBar', 'unit': 'artillery', 'count': 2}, {'delegate': 'combat', 'from': 'RussianStartRight', 'to': 'LeftBar', 'unit': 'infantry', 'count': 8}]
Game 1 Round 20 Player Russians Action: [{'delegate': 'noncombat', 'from': 'RussianBase', 'to': 'RussianStart', 'unit': 'artillery', 'count': 2}, {'delegate': 'noncombat', 'from': 'RussianBase', 'to': 'RussianStepOne', 'unit': 'armour', 'count': 2}, {'delegate': 'noncombat', 'from': 'RussianStart', 'to': 'RussianStepOne', 'unit': 'artillery', 'count': 4}]
Game 1 Round 21 Player Russians Action: [{'delegate': 'purchase', 'unit': 'infantry', 'to': 'RussianBase', 'count': 3}, {'delegate': 'purchase', 'unit': 'artillery', 'to': 'RussianBase', 'count': 2}, {'delegate': 'purchase', 'unit': 'armour', 'to': 'RussianBase', 'count': 1}]
Game 1 Round 21 Player Russians Action: [{'delegate': 'combat', 'from': 'RussianStepOne', 'to': 'RussianStepTwo', 'unit': 'armour', 'count': 2}, {'delegate': 'combat', 'from': 'RussianStepOne', 'to': 'RussianStepTwo', 'unit': 'artillery', 'count': 3}]
Game 1 Round 21 Player Russians Action: [{'delegate': 'noncombat', 'from': 'RussianBase', 'to': 'RussianStart', 'unit': 'infantry', 'count': 4}, {'delegate': 'noncombat', 'from': 'RussianBase', 'to': 'RussianStartLeft', 'unit': 'armour', 'count': 2}, {'delegate': 'noncombat', 'from': 'RussianStart', 'to': 'RussianStartLeft', 'unit': 'artillery', 'count': 2}]
Game 1 Round 22 Player Russians Action: [{'delegate': 'purchase', 'unit': 'infantry', 'to': 'RussianBase', 'count': 2}, {'delegate': 'purchase', 'unit': 'artillery', 'to': 'RussianBase', 'count': 1}, {'delegate': 'purchase', 'unit': 'armour', 'to': 'RussianBase', 'count': 2}]
Game 1 Round 22 Player Russians Action: [{'delegate': 'combat', 'from': 'RussianStart', 'to': 'RussianStartRight', 'unit': 'infantry', 'count': 4}, {'delegate': 'combat', 'from': 'RussianBase', 'to': 'RussianStartRight', 'unit': 'armour', 'count': 1}, {'delegate': 'combat', 'from': 'RussianStartLeft', 'to': 'RussianStartRight', 'unit': 'armour', 'count': 2}]
Game 1 Round 22 Player Russians Action: [{'delegate': 'noncombat', 'from': 'RussianBase', 'to': 'RussianStart', 'unit': 'infantry', 'count': 3}, {'delegate': 'noncombat', 'from': 'RussianBase', 'to': 'RussianStart', 'unit': 'artillery', 'count': 2}]
Game 1 Round 23 Player Russians Action: [{'delegate': 'purchase', 'unit': 'artillery', 'to': 'RussianBase', 'count': 2}, {'delegate': 'purchase', 'unit': 'armour', 'to': 'RussianBase', 'count': 2}]
Game 1 Round 23 Player Russians Action: [{'delegate': 'combat', 'from': 'RussianStart', 'to': 'RussianStartLeft', 'unit': 'artillery', 'count': 2}, {'delegate': 'combat', 'from': 'RussianStart', 'to': 'RussianStartLeft', 'unit': 'infantry', 'count': 3}, {'delegate': 'combat', 'from': 'RussianBase', 'to': 'RussianStartLeft', 'unit': 'armour', 'count': 2}]
Game 1 Round 23 Player Russians Action: [{'delegate': 'noncombat', 'from': 'RussianBase', 'to': 'RussianStart', 'unit': 'infantry', 'count': 2}, {'delegate': 'noncombat', 'from': 'RussianBase', 'to': 'RussianStart', 'unit': 'artillery', 'count': 1}]
Game 1 Round 24 Player Russians Action: [{'delegate': 'purchase', 'unit': 'infantry', 'to': 'RussianBase', 'count': 1}, {'delegate': 'purchase', 'unit': 'artillery', 'to': 'RussianBase', 'count': 1}, {'delegate': 'purchase', 'unit': 'armour', 'to': 'RussianBase', 'count': 1}]
Game 1 Round 24 Player Russians Action: [{'delegate': 'combat', 'from': 'RussianBase', 'to': 'RussianStart', 'unit': 'armour', 'count': 2}, {'delegate': 'combat', 'from': 'RussianBase', 'to': 'RussianStart', 'unit': 'artillery', 'count': 2}]
Game 1 Round 42 Outcome: lost
Game 1 ended. Starting next game in 5s.
Server started on 127.0.0.1:5000
Game 1 Player Russians Role assigned
Server started on 127.0.0.1:5000
Game 1 Player Russians Role assigned
Game 1 Round 1 Player Russians Action: [{'delegate': 'purchase', 'unit': 'artillery', 'to': 'RussianBase', 'count': 3}]
Game 1 Round 1 Player Russians Action: [{'delegate': 'combat', 'from': 'RussianStart', 'to': 'RussianStartLeft', 'unit': 'infantry', 'count': 2}, {'delegate': 'combat', 'from': 'RussianBase', 'to': 'RussianStartLeft', 'unit': 'armour', 'count': 1}]
Game 1 Round 2 Player Russians Action: [{'delegate': 'purchase', 'unit': 'artillery', 'to': 'RussianBase', 'count': 1}, {'delegate': 'purchase', 'unit': 'armour', 'to': 'RussianBase', 'count': 2}]
Game 1 Round 2 Player Russians Action: [{'delegate': 'combat', 'from': 'RussianStartLeft', 'to': 'TopBar', 'unit': 'armour', 'count': 1}, {'delegate': 'combat', 'from': 'RussianStartLeft', 'to': 'TopBar', 'unit': 'infantry', 'count': 2}]
Game 1 Round 2 Player Russians Action: [{'delegate': 'noncombat', 'from': 'RussianBase', 'to': 'RussianStart', 'unit': 'artillery', 'count': 3}]
Game 1 Round 3 Player Russians Action: [{'delegate': 'purchase', 'unit': 'artillery', 'to': 'RussianBase', 'count': 4}]
Game 1 Round 3 Player Russians Action: [{'delegate': 'combat', 'from': 'TopBar', 'to': 'ItalianStartRight', 'unit': 'armour', 'count': 1}, {'delegate': 'combat', 'from': 'TopBar', 'to': 'ItalianStartRight', 'unit': 'infantry', 'count': 2}, {'delegate': 'combat', 'from': 'RussianStart', 'to': 'RussianStartRight', 'unit': 'artillery', 'count': 3}, {'delegate': 'combat', 'from': 'RussianBase', 'to': 'RussianStepOne', 'unit': 'armour', 'count': 2}]
Game 1 Round 3 Player Russians Action: [{'delegate': 'noncombat', 'from': 'RussianBase', 'to': 'RussianStart', 'unit': 'artillery', 'count': 1}]
Game 1 Round 4 Player Russians Action: [{'delegate': 'purchase', 'unit': 'infantry', 'to': 'RussianBase', 'count': 5}, {'delegate': 'purchase', 'unit': 'armour', 'to': 'RussianBase', 'count': 1}]
Game 1 Round 4 Player Russians Action: [{'delegate': 'combat', 'from': 'RussianStartRight', 'to': 'LeftBar', 'unit': 'artillery', 'count': 3}, {'delegate': 'combat', 'from': 'RussianStepOne', 'to': 'RussianStepTwo', 'unit': 'armour', 'count': 2}]
Game 1 Round 4 Player Russians Action: [{'delegate': 'noncombat', 'from': 'RussianBase', 'to': 'RussianStart', 'unit': 'artillery', 'count': 4}, {'delegate': 'noncombat', 'from': 'RussianStart', 'to': 'RussianStartLeft', 'unit': 'artillery', 'count': 1}]
Game 1 Round 5 Player Russians Action: [{'delegate': 'purchase', 'unit': 'infantry', 'to': 'RussianBase', 'count': 6}, {'delegate': 'purchase', 'unit': 'artillery', 'to': 'RussianBase', 'count': 1}]
Game 1 Round 5 Player Russians Action: [{'delegate': 'combat', 'from': 'RussianStepTwo', 'to': 'Flag', 'unit': 'armour', 'count': 2}, {'delegate': 'combat', 'from': 'RussianStart', 'to': 'RussianStartLeft', 'unit': 'artillery', 'count': 4}, {'delegate': 'combat', 'from': 'RussianBase', 'to': 'RussianStartLeft', 'unit': 'armour', 'count': 1}, {'delegate': 'combat', 'from': 'LeftBar', 'to': 'ChineseStartLeft', 'unit': 'artillery', 'count': 2}]
Game 1 Round 5 Player Russians Action: [{'delegate': 'noncombat', 'from': 'RussianBase', 'to': 'RussianStart', 'unit': 'infantry', 'count': 5}]
Server started on 127.0.0.1:5000
Game 1 Player Russians Role assigned
Game 1 Round 1 Player Russians Action: [{'delegate': 'purchase', 'unit': 'infantry', 'to': 'RussianBase', 'count': 4}]
Game 1 Round 1 Player Russians Action: [{'delegate': 'combat', 'from': 'RussianStart', 'to': 'RussianStartLeft', 'unit': 'infantry', 'count': 2}, {'delegate': 'combat', 'from': 'RussianBase', 'to': 'RussianStartLeft', 'unit': 'armour', 'count': 1}]
Game 1 Round 2 Player Russians Action: [{'delegate': 'purchase', 'unit': 'infantry', 'to': 'RussianBase', 'count': 3}, {'delegate': 'purchase', 'unit': 'armour', 'to': 'RussianBase', 'count': 1}]
Game 1 Round 2 Player Russians Action: [{'delegate': 'combat', 'from': 'RussianStartLeft', 'to': 'TopBar', 'unit': 'armour', 'count': 1}, {'delegate': 'combat', 'from': 'RussianStartLeft', 'to': 'TopBar', 'unit': 'infantry', 'count': 2}]
Game 1 Round 2 Player Russians Action: [{'delegate': 'noncombat', 'from': 'RussianBase', 'to': 'RussianStart', 'unit': 'infantry', 'count': 4}]
Game 1 Round 3 Player Russians Action: [{'delegate': 'purchase', 'unit': 'infantry', 'to': 'RussianBase', 'count': 1}, {'delegate': 'purchase', 'unit': 'artillery', 'to': 'RussianBase', 'count': 2}, {'delegate': 'purchase', 'unit': 'armour', 'to': 'RussianBase', 'count': 1}]
Game 1 Round 3 Player Russians Action: [{'delegate': 'combat', 'from': 'TopBar', 'to': 'ItalianStartRight', 'unit': 'armour', 'count': 1}, {'delegate': 'combat', 'from': 'TopBar', 'to': 'ItalianStartRight', 'unit': 'infantry', 'count': 2}, {'delegate': 'combat', 'from': 'RussianStart', 'to': 'RussianStartRight', 'unit': 'infantry', 'count': 4}, {'delegate': 'combat', 'from': 'RussianBase', 'to': 'RussianStepOne', 'unit': 'armour', 'count': 1}]
Game 1 Round 3 Player Russians Action: [{'delegate': 'noncombat', 'from': 'RussianBase', 'to': 'RussianStart', 'unit': 'infantry', 'count': 3}]
Game 1 Round 4 Player Russians Action: [{'delegate': 'purchase', 'unit': 'infantry', 'to': 'RussianBase', 'count': 1}, {'delegate': 'purchase', 'unit': 'artillery', 'to': 'RussianBase', 'count': 1}, {'delegate': 'purchase', 'unit': 'armour', 'to': 'RussianBase', 'count': 3}]
Game 1 Round 4 Player Russians Action: [{'delegate': 'combat', 'from': 'RussianStartRight', 'to': 'LeftBar', 'unit': 'infantry', 'count': 4}, {'delegate': 'combat', 'from': 'RussianStepOne', 'to': 'RussianStepTwo', 'unit': 'armour', 'count': 1}]
Game 1 Round 4 Player Russians Action: [{'delegate': 'noncombat', 'from': 'RussianBase', 'to': 'RussianStart', 'unit': 'infantry', 'count': 1}, {'delegate': 'noncombat', 'from': 'RussianBase', 'to': 'RussianStart', 'unit': 'artillery', 'count': 2}, {'delegate': 'noncombat', 'from': 'RussianBase', 'to': 'RussianStartLeft', 'unit': 'armour', 'count': 1}, {'delegate': 'noncombat', 'from': 'RussianStart', 'to': 'RussianStartLeft', 'unit': 'infantry', 'count': 3}]
Server started on 127.0.0.1:5000
Game 1 Player Russians Role assigned
Game 1 Round 1 Player Russians Action: [{'delegate': 'purchase', 'unit': 'infantry', 'to': 'RussianBase', 'count': 1}, {'delegate': 'purchase', 'unit': 'artillery', 'to': 'RussianBase', 'count': 1}, {'delegate': 'purchase', 'unit': 'armour', 'to': 'RussianBase', 'count': 1}]
Game 1 Round 1 Player Russians Action: [{'delegate': 'combat', 'from': 'RussianStart', 'to': 'RussianStartLeft', 'unit': 'infantry', 'count': 2}, {'delegate': 'combat', 'from': 'RussianBase', 'to': 'RussianStartLeft', 'unit': 'armour', 'count': 1}]
Game 1 Round 2 Player Russians Action: [{'delegate': 'purchase', 'unit': 'infantry', 'to': 'RussianBase', 'count': 3}, {'delegate': 'purchase', 'unit': 'armour', 'to': 'RussianBase', 'count': 1}]
Game 1 Round 2 Player Russians Action: [{'delegate': 'combat', 'from': 'RussianStartLeft', 'to': 'TopBar', 'unit': 'armour', 'count': 1}, {'delegate': 'combat', 'from': 'RussianStartLeft', 'to': 'TopBar', 'unit': 'infantry', 'count': 2}, {'delegate': 'combat', 'from': 'RussianBase', 'to': 'RussianStartRight', 'unit': 'armour', 'count': 1}]
Game 1 Round 2 Player Russians Action: [{'delegate': 'noncombat', 'from': 'RussianBase', 'to': 'RussianStart', 'unit': 'infantry', 'count': 1}, {'delegate': 'noncombat', 'from': 'RussianBase', 'to': 'RussianStart', 'unit': 'artillery', 'count': 1}]
Game 1 Round 3 Player Russians Action: [{'delegate': 'purchase', 'unit': 'infantry', 'to': 'RussianBase', 'count': 6}]
Game 1 Round 3 Player Russians Action: [{'delegate': 'combat', 'from': 'RussianStartRight', 'to': 'LeftBar', 'unit': 'armour', 'count': 1}, {'delegate': 'combat', 'from': 'TopBar', 'to': 'ItalianStartRight', 'unit': 'armour', 'count': 1}, {'delegate': 'combat', 'from': 'TopBar', 'to': 'ItalianStartRight', 'unit': 'infantry', 'count': 2}, {'delegate': 'combat', 'from': 'RussianStart', 'to': 'RussianStepOne', 'unit': 'artillery', 'count': 1}, {'delegate': 'combat', 'from': 'RussianStart', 'to': 'RussianStepOne', 'unit': 'infantry', 'count': 1}]
Game 1 Round 3 Player Russians Action: [{'delegate': 'noncombat', 'from': 'RussianBase', 'to': 'RussianStart', 'unit': 'infantry', 'count': 3}, {'delegate': 'noncombat', 'from': 'RussianBase', 'to': 'RussianStartRight', 'unit': 'armour', 'count': 1}]
Game 1 Round 4 Player Russians Action: [{'delegate': 'purchase', 'unit': 'artillery', 'to': 'RussianBase', 'count': 3}, {'delegate': 'purchase', 'unit': 'armour', 'to': 'RussianBase', 'count': 2}]
Game 1 Round 4 Player Russians Action: [{'delegate': 'combat', 'from': 'RussianStartRight', 'to': 'LeftBar', 'unit': 'armour', 'count': 1}, {'delegate': 'combat', 'from': 'RussianStepOne', 'to': 'RussianStepTwo', 'unit': 'artillery', 'count': 1}, {'delegate': 'combat', 'from': 'RussianStepOne', 'to': 'RussianStepTwo', 'unit': 'infantry', 'count': 1}]
Game 1 Round 4 Player Russians Action: [{'delegate': 'noncombat', 'from': 'RussianBase', 'to': 'RussianStart', 'unit': 'infantry', 'count': 6}, {'delegate': 'noncombat', 'from': 'RussianStart', 'to': 'RussianStartLeft', 'unit': 'infantry', 'count': 3}]
Game 1 Round 5 Player Russians Action: [{'delegate': 'purchase', 'unit': 'artillery', 'to': 'RussianBase', 'count': 1}, {'delegate': 'purchase', 'unit': 'armour', 'to': 'RussianBase', 'count': 4}]
Game 1 Round 5 Player Russians Action: [{'delegate': 'combat', 'from': 'RussianStepTwo', 'to': 'Flag', 'unit': 'artillery', 'count': 1}, {'delegate': 'combat', 'from': 'RussianStepTwo', 'to': 'Flag', 'unit': 'infantry', 'count': 1}]
Game 1 Round 5 Player Russians Action: [{'delegate': 'noncombat', 'from': 'RussianBase', 'to': 'RussianStart', 'unit': 'artillery', 'count': 3}, {'delegate': 'noncombat', 'from': 'RussianBase', 'to': 'RussianStartLeft', 'unit': 'armour', 'count': 2}, {'delegate': 'noncombat', 'from': 'RussianStart', 'to': 'RussianStartLeft', 'unit': 'infantry', 'count': 6}]
Game 1 Round 6 Player Russians Action: [{'delegate': 'purchase', 'unit': 'infantry', 'to': 'RussianBase', 'count': 2}, {'delegate': 'purchase', 'unit': 'artillery', 'to': 'RussianBase', 'count': 4}]
Game 1 Round 6 Player Russians Action: [{'delegate': 'combat', 'from': 'RussianStartLeft', 'to': 'TopBar', 'unit': 'armour', 'count': 2}, {'delegate': 'combat', 'from': 'RussianStartLeft', 'to': 'TopBar', 'unit': 'infantry', 'count': 9}]
Game 1 Round 6 Player Russians Action: [{'delegate': 'noncombat', 'from': 'RussianBase', 'to': 'RussianStart', 'unit': 'artillery', 'count': 1}, {'delegate': 'noncombat', 'from': 'RussianBase', 'to': 'RussianStartRight', 'unit': 'armour', 'count': 4}, {'delegate': 'noncombat', 'from': 'RussianStart', 'to': 'RussianStartRight', 'unit': 'artillery', 'count': 3}]
Game 1 Round 7 Player Russians Action: [{'delegate': 'purchase', 'unit': 'artillery', 'to': 'RussianBase', 'count': 3}, {'delegate': 'purchase', 'unit': 'armour', 'to': 'RussianBase', 'count': 2}]
Game 1 Round 7 Player Russians Action: [{'delegate': 'combat', 'from': 'TopBar', 'to': 'ItalianStartRight', 'unit': 'armour', 'count': 2}, {'delegate': 'combat', 'from': 'TopBar', 'to': 'ItalianStartRight', 'unit': 'infantry', 'count': 7}]
Game 1 Round 7 Player Russians Action: [{'delegate': 'noncombat', 'from': 'RussianBase', 'to': 'RussianStart', 'unit': 'infantry', 'count': 2}, {'delegate': 'noncombat', 'from': 'RussianBase', 'to': 'RussianStart', 'unit': 'artillery', 'count': 4}]
Game 1 Round 8 Player Russians Action: [{'delegate': 'purchase', 'unit': 'artillery', 'to': 'RussianBase', 'count': 3}, {'delegate': 'purchase', 'unit': 'armour', 'to': 'RussianBase', 'count': 2}]
Game 1 Round 8 Player Russians Action: [{'delegate': 'combat', 'from': 'ItalianStartRight', 'to': 'ItalianStart', 'unit': 'armour', 'count': 2}, {'delegate': 'combat', 'from': 'RussianStart', 'to': 'RussianStartRight', 'unit': 'artillery', 'count': 5}, {'delegate': 'combat', 'from': 'RussianStart', 'to': 'RussianStartRight', 'unit': 'infantry', 'count': 2}, {'delegate': 'combat', 'from': 'RussianBase', 'to': 'RussianStartRight', 'unit': 'armour', 'count': 2}]
Game 1 Round 8 Player Russians Action: [{'delegate': 'noncombat', 'from': 'RussianBase', 'to': 'RussianStart', 'unit': 'artillery', 'count': 3}]
Game 1 Round 9 Player Russians Action: [{'delegate': 'purchase', 'unit': 'artillery', 'to': 'RussianBase', 'count': 1}, {'delegate': 'purchase', 'unit': 'armour', 'to': 'RussianBase', 'count': 4}]
Game 1 Round 9 Player Russians Action: [{'delegate': 'combat', 'from': 'RussianStartRight', 'to': 'LeftBar', 'unit': 'armour', 'count': 2}]
Game 1 Round 9 Player Russians Action: [{'delegate': 'noncombat', 'from': 'RussianBase', 'to': 'RussianStart', 'unit': 'artillery', 'count': 3}, {'delegate': 'noncombat', 'from': 'RussianBase', 'to': 'RussianStepOne', 'unit': 'armour', 'count': 2}, {'delegate': 'noncombat', 'from': 'RussianStart', 'to': 'RussianStepOne', 'unit': 'artillery', 'count': 3}, {'delegate': 'noncombat', 'from': 'RussianStartRight', 'to': 'LeftBar', 'unit': 'artillery', 'count': 5}]
Game 1 Round 10 Player Russians Action: [{'delegate': 'purchase', 'unit': 'infantry', 'to': 'RussianBase', 'count': 3}, {'delegate': 'purchase', 'unit': 'artillery', 'to': 'RussianBase', 'count': 2}, {'delegate': 'purchase', 'unit': 'armour', 'to': 'RussianBase', 'count': 1}]
Game 1 Round 10 Player Russians Action: [{'delegate': 'combat', 'from': 'RussianStepOne', 'to': 'RussianStepTwo', 'unit': 'armour', 'count': 2}]
Game 1 Round 10 Player Russians Action: [{'delegate': 'noncombat', 'from': 'RussianBase', 'to': 'RussianStart', 'unit': 'artillery', 'count': 1}, {'delegate': 'noncombat', 'from': 'RussianBase', 'to': 'RussianStartLeft', 'unit': 'armour', 'count': 4}, {'delegate': 'noncombat', 'from': 'RussianStart', 'to': 'RussianStartLeft', 'unit': 'artillery', 'count': 3}, {'delegate': 'noncombat', 'from': 'RussianStepOne', 'to': 'RussianStepTwo', 'unit': 'artillery', 'count': 3}]
Game 1 Round 11 Player Russians Action: [{'delegate': 'purchase', 'unit': 'infantry', 'to': 'RussianBase', 'count': 6}, {'delegate': 'purchase', 'unit': 'artillery', 'to': 'RussianBase', 'count': 1}]
Game 1 Round 11 Player Russians Action: [{'delegate': 'combat', 'from': 'RussianStepTwo', 'to': 'Flag', 'unit': 'armour', 'count': 2}, {'delegate': 'combat', 'from': 'RussianStepTwo', 'to': 'Flag', 'unit': 'artillery', 'count': 2}, {'delegate': 'combat', 'from': 'RussianStartLeft', 'to': 'TopBar', 'unit': 'armour', 'count': 4}]
Game 1 Round 11 Player Russians Action: [{'delegate': 'noncombat', 'from': 'RussianBase', 'to': 'RussianStart', 'unit': 'infantry', 'count': 3}, {'delegate': 'noncombat', 'from': 'RussianBase', 'to': 'RussianStart', 'unit': 'artillery', 'count': 2}, {'delegate': 'noncombat', 'from': 'RussianBase', 'to': 'RussianStartRight', 'unit': 'armour', 'count': 1}, {'delegate': 'noncombat', 'from': 'RussianStart', 'to': 'RussianStartRight', 'unit': 'artillery', 'count': 1}, {'delegate': 'noncombat', 'from': 'RussianStartLeft', 'to': 'TopBar', 'unit': 'artillery', 'count': 3}]
Game 1 Round 12 Player Russians Action: [{'delegate': 'purchase', 'unit': 'infantry', 'to': 'RussianBase', 'count': 9}, {'delegate': 'purchase', 'unit': 'armour', 'to': 'RussianBase', 'count': 2}]
Game 1 Round 12 Player Russians Action: [{'delegate': 'combat', 'from': 'TopBar', 'to': 'ItalianStartRight', 'unit': 'armour', 'count': 4}, {'delegate': 'combat', 'from': 'TopBar', 'to': 'ItalianStartRight', 'unit': 'artillery', 'count': 3}, {'delegate': 'combat', 'from': 'Flag', 'to': 'GermanStepTwo', 'unit': 'armour', 'count': 2}]
Game 1 Round 12 Player Russians Action: [{'delegate': 'noncombat', 'from': 'RussianBase', 'to': 'RussianStart', 'unit': 'infantry', 'count': 6}, {'delegate': 'noncombat', 'from': 'RussianBase', 'to': 'RussianStart', 'unit': 'artillery', 'count': 1}]
Game 1 Round 13 Player Russians Action: [{'delegate': 'purchase', 'unit': 'infantry', 'to': 'RussianBase', 'count': 3}, {'delegate': 'purchase', 'unit': 'armour', 'to': 'RussianBase', 'count': 6}]
Game 1 Round 13 Player Russians Action: [{'delegate': 'combat', 'from': 'RussianStart', 'to': 'RussianStartRight', 'unit': 'artillery', 'count': 3}, {'delegate': 'combat', 'from': 'RussianStart', 'to': 'RussianStartRight', 'unit': 'infantry', 'count': 2}, {'delegate': 'combat', 'from': 'RussianBase', 'to': 'RussianStartRight', 'unit': 'armour', 'count': 2}, {'delegate': 'combat', 'from': 'GermanStepTwo', 'to': 'GermanStepOne', 'unit': 'armour', 'count': 2}]
Game 1 Round 13 Player Russians Action: [{'delegate': 'noncombat', 'from': 'RussianBase', 'to': 'RussianStart', 'unit': 'infantry', 'count': 9}]
Game 1 Round 14 Player Russians Action: [{'delegate': 'purchase', 'unit': 'artillery', 'to': 'RussianBase', 'count': 8}, {'delegate': 'purchase', 'unit': 'armour', 'to': 'RussianBase', 'count': 1}]
Game 1 Round 14 Player Russians Action: [{'delegate': 'combat', 'from': 'RussianStart', 'to': 'RussianStartRight', 'unit': 'armour', 'count': 2}, {'delegate': 'combat', 'from': 'RussianStart', 'to': 'RussianStartRight', 'unit': 'artillery', 'count': 2}, {'delegate': 'combat', 'from': 'RussianStart', 'to': 'RussianStartRight', 'unit': 'infantry', 'count': 4}, {'delegate': 'combat', 'from': 'RussianBase', 'to': 'RussianStartRight', 'unit': 'armour', 'count': 6}]
Game 1 Round 14 Player Russians Action: [{'delegate': 'noncombat', 'from': 'RussianBase', 'to': 'RussianStart', 'unit': 'infantry', 'count': 3}]
Game 1 Round 15 Player Russians Action: [{'delegate': 'purchase', 'unit': 'infantry', 'to': 'RussianBase', 'count': 1}, {'delegate': 'purchase', 'unit': 'artillery', 'to': 'RussianBase', 'count': 8}]
Game 1 Round 15 Player Russians Action: [{'delegate': 'combat', 'from': 'RussianStartRight', 'to': 'LeftBar', 'unit': 'armour', 'count': 8}]
Game 1 Round 15 Player Russians Action: [{'delegate': 'noncombat', 'from': 'RussianBase', 'to': 'RussianStart', 'unit': 'artillery', 'count': 8}, {'delegate': 'noncombat', 'from': 'RussianBase', 'to': 'RussianStart', 'unit': 'armour', 'count': 1}, {'delegate': 'noncombat', 'from': 'RussianStartRight', 'to': 'RussianStart', 'unit': 'artillery', 'count': 2}, {'delegate': 'noncombat', 'from': 'RussianStartRight', 'to': 'RussianStart', 'unit': 'infantry', 'count': 3}]
Game 1 Round 16 Player Russians Action: [{'delegate': 'purchase', 'unit': 'infantry', 'to': 'RussianBase', 'count': 4}, {'delegate': 'purchase', 'unit': 'artillery', 'to': 'RussianBase', 'count': 2}]
Game 1 Round 16 Player Russians Action: [{'delegate': 'combat', 'from': 'RussianStart', 'to': 'RussianStartLeft', 'unit': 'armour', 'count': 1}, {'delegate': 'combat', 'from': 'RussianStart', 'to': 'RussianStartLeft', 'unit': 'artillery', 'count': 10}, {'delegate': 'combat', 'from': 'RussianStart', 'to': 'RussianStartLeft', 'unit': 'infantry', 'count': 6}, {'delegate': 'combat', 'from': 'LeftBar', 'to': 'ChineseStartLeft', 'unit': 'armour', 'count': 6}]
Game 1 Round 16 Player Russians Action: [{'delegate': 'noncombat', 'from': 'RussianBase', 'to': 'RussianStart', 'unit': 'infantry', 'count': 1}, {'delegate': 'noncombat', 'from': 'RussianBase', 'to': 'RussianStart', 'unit': 'artillery', 'count': 8}]
Game 1 Round 17 Player Russians Action: [{'delegate': 'purchase', 'unit': 'infantry', 'to': 'RussianBase', 'count': 3}, {'delegate': 'purchase', 'unit': 'artillery', 'to': 'RussianBase', 'count': 2}, {'delegate': 'purchase', 'unit': 'armour', 'to': 'RussianBase', 'count': 1}]
Game 1 Round 17 Player Russians Action: [{'delegate': 'combat', 'from': 'RussianStartLeft', 'to': 'TopBar', 'unit': 'armour', 'count': 1}, {'delegate': 'combat', 'from': 'RussianStartLeft', 'to': 'TopBar', 'unit': 'artillery', 'count': 10}]
Game 1 Round 17 Player Russians Action: [{'delegate': 'noncombat', 'from': 'RussianBase', 'to': 'RussianStart', 'unit': 'infantry', 'count': 4}, {'delegate': 'noncombat', 'from': 'RussianBase', 'to': 'RussianStart', 'unit': 'artillery', 'count': 2}, {'delegate': 'noncombat', 'from': 'RussianStart', 'to': 'RussianStepOne', 'unit': 'infantry', 'count': 1}, {'delegate': 'noncombat', 'from': 'RussianStart', 'to': 'RussianStepOne', 'unit': 'artillery', 'count': 8}, {'delegate': 'noncombat', 'from': 'RussianStartLeft', 'to': 'TopBar', 'unit': 'infantry', 'count': 2}]
Game 1 Round 18 Player Russians Action: [{'delegate': 'purchase', 'unit': 'infantry', 'to': 'RussianBase', 'count': 1}, {'delegate': 'purchase', 'unit': 'artillery', 'to': 'RussianBase', 'count': 1}, {'delegate': 'purchase', 'unit': 'armour', 'to': 'RussianBase', 'count': 3}]
Game 1 Round 18 Player Russians Action: [{'delegate': 'combat', 'from': 'TopBar', 'to': 'ItalianStartRight', 'unit': 'armour', 'count': 1}, {'delegate': 'combat', 'from': 'TopBar', 'to': 'ItalianStartRight', 'unit': 'artillery', 'count': 9}, {'delegate': 'combat', 'from': 'RussianStepOne', 'to': 'RussianStepTwo', 'unit': 'artillery', 'count': 7}]
Game 1 Round 18 Player Russians Action: [{'delegate': 'noncombat', 'from': 'RussianBase', 'to': 'RussianStart', 'unit': 'infantry', 'count': 3}, {'delegate': 'noncombat', 'from': 'RussianBase', 'to': 'RussianStart', 'unit': 'artillery', 'count': 2}, {'delegate': 'noncombat', 'from': 'RussianBase', 'to': 'RussianStartRight', 'unit': 'armour', 'count': 1}, {'delegate': 'noncombat', 'from': 'RussianStart', 'to': 'RussianStartRight', 'unit': 'infantry', 'count': 4}, {'delegate': 'noncombat', 'from': 'RussianStart', 'to': 'RussianStartRight', 'unit': 'artillery', 'count': 2}]
Game 1 Round 19 Player Russians Action: [{'delegate': 'purchase', 'unit': 'infantry', 'to': 'RussianBase', 'count': 4}, {'delegate': 'purchase', 'unit': 'armour', 'to': 'RussianBase', 'count': 2}]
Game 1 Round 19 Player Russians Action: [{'delegate': 'combat', 'from': 'RussianStepTwo', 'to': 'Flag', 'unit': 'artillery', 'count': 7}]
Game 1 Round 19 Player Russians Action: [{'delegate': 'noncombat', 'from': 'RussianBase', 'to': 'RussianStart', 'unit': 'infantry', 'count': 1}, {'delegate': 'noncombat', 'from': 'RussianBase', 'to': 'RussianStart', 'unit': 'artillery', 'count': 1}, {'delegate': 'noncombat', 'from': 'RussianBase', 'to': 'RussianStartLeft', 'unit': 'armour', 'count': 3}, {'delegate': 'noncombat', 'from': 'RussianStart', 'to': 'RussianStartLeft', 'unit': 'infantry', 'count': 3}, {'delegate': 'noncombat', 'from': 'RussianStart', 'to': 'RussianStartLeft', 'unit': 'artillery', 'count': 2}]
Game 1 Round 20 Player Russians Action: [{'delegate': 'purchase', 'unit': 'infantry', 'to': 'RussianBase', 'count': 9}, {'delegate': 'purchase', 'unit': 'artillery', 'to': 'RussianBase', 'count': 2}]
Game 1 Round 20 Player Russians Action: [{'delegate': 'combat', 'from': 'RussianStart', 'to': 'RussianStartRight', 'unit': 'artillery', 'count': 1}, {'delegate': 'combat', 'from': 'RussianStart', 'to': 'RussianStartRight', 'unit': 'infantry', 'count': 1}, {'delegate': 'combat', 'from': 'RussianBase', 'to': 'RussianStartRight', 'unit': 'armour', 'count': 2}, {'delegate': 'combat', 'from': 'RussianStartLeft', 'to': 'RussianStartRight', 'unit': 'armour', 'count': 2}, {'delegate': 'combat', 'from': 'Flag', 'to': 'ItalianStepTwo', 'unit': 'artillery', 'count': 7}]
Game 1 Round 20 Player Russians Action: [{'delegate': 'noncombat', 'from': 'RussianBase', 'to': 'RussianStart', 'unit': 'infantry', 'count': 4}]
Game 1 Round 21 Player Russians Action: [{'delegate': 'purchase', 'unit': 'infantry', 'to': 'RussianBase', 'count': 1}, {'delegate': 'purchase', 'unit': 'artillery', 'to': 'RussianBase', 'count': 8}]
Game 1 Round 21 Player Russians Action: [{'delegate': 'combat', 'from': 'RussianBase', 'to': 'RussianStart', 'unit': 'artillery', 'count': 2}, {'delegate': 'combat', 'from': 'RussianBase', 'to': 'RussianStart', 'unit': 'infantry', 'count': 9}, {'delegate': 'combat', 'from': 'ItalianStepTwo', 'to': 'Flag', 'unit': 'artillery', 'count': 7}]
Game 1 Round 22 Player Russians Action: [{'delegate': 'purchase', 'unit': 'infantry', 'to': 'RussianBase', 'count': 2}, {'delegate': 'purchase', 'unit': 'artillery', 'to': 'RussianBase', 'count': 1}, {'delegate': 'purchase', 'unit': 'armour', 'to': 'RussianBase', 'count': 5}]
Game 1 Round 22 Player Russians Action: [{'delegate': 'combat', 'from': 'RussianStart', 'to': 'RussianStartRight', 'unit': 'artillery', 'count': 2}, {'delegate': 'combat', 'from': 'RussianStart', 'to': 'RussianStartRight', 'unit': 'infantry', 'count': 9}, {'delegate': 'combat', 'from': 'Flag', 'to': 'ChineseStepTwo', 'unit': 'artillery', 'count': 5}]
Game 1 Round 22 Player Russians Action: [{'delegate': 'noncombat', 'from': 'RussianBase', 'to': 'RussianStart', 'unit': 'infantry', 'count': 1}, {'delegate': 'noncombat', 'from': 'RussianBase', 'to': 'RussianStart', 'unit': 'artillery', 'count': 8}]
Game 1 Round 23 Player Russians Action: [{'delegate': 'purchase', 'unit': 'infantry', 'to': 'RussianBase', 'count': 1}, {'delegate': 'purchase', 'unit': 'artillery', 'to': 'RussianBase', 'count': 1}, {'delegate': 'purchase', 'unit': 'armour', 'to': 'RussianBase', 'count': 6}]
Game 1 Round 23 Player Russians Action: [{'delegate': 'combat', 'from': 'ChineseStepTwo', 'to': 'Flag', 'unit': 'artillery', 'count': 5}, {'delegate': 'combat', 'from': 'RussianStartRight', 'to': 'LeftBar', 'unit': 'artillery', 'count': 2}]
Game 1 Round 23 Player Russians Action: [{'delegate': 'noncombat', 'from': 'RussianBase', 'to': 'RussianStart', 'unit': 'infantry', 'count': 2}, {'delegate': 'noncombat', 'from': 'RussianBase', 'to': 'RussianStart', 'unit': 'artillery', 'count': 1}, {'delegate': 'noncombat', 'from': 'RussianBase', 'to': 'RussianStartLeft', 'unit': 'armour', 'count': 5}, {'delegate': 'noncombat', 'from': 'RussianStart', 'to': 'RussianStartLeft', 'unit': 'infantry', 'count': 1}, {'delegate': 'noncombat', 'from': 'RussianStart', 'to': 'RussianStartLeft', 'unit': 'artillery', 'count': 8}, {'delegate': 'noncombat', 'from': 'RussianStartRight', 'to': 'LeftBar', 'unit': 'infantry', 'count': 9}]
Game 1 Round 24 Player Russians Action: [{'delegate': 'purchase', 'unit': 'infantry', 'to': 'RussianBase', 'count': 5}, {'delegate': 'purchase', 'unit': 'artillery', 'to': 'RussianBase', 'count': 1}, {'delegate': 'purchase', 'unit': 'armour', 'to': 'RussianBase', 'count': 1}]
Game 1 Round 24 Player Russians Action: [{'delegate': 'combat', 'from': 'LeftBar', 'to': 'ChineseStartLeft', 'unit': 'artillery', 'count': 2}, {'delegate': 'combat', 'from': 'LeftBar', 'to': 'ChineseStartLeft', 'unit': 'infantry', 'count': 9}, {'delegate': 'combat', 'from': 'RussianStartLeft', 'to': 'TopBar', 'unit': 'armour', 'count': 5}]
Game 1 Round 24 Player Russians Action: [{'delegate': 'noncombat', 'from': 'RussianBase', 'to': 'RussianStart', 'unit': 'infantry', 'count': 1}, {'delegate': 'noncombat', 'from': 'RussianBase', 'to': 'RussianStart', 'unit': 'artillery', 'count': 1}, {'delegate': 'noncombat', 'from': 'RussianBase', 'to': 'RussianStartLeft', 'unit': 'armour', 'count': 6}, {'delegate': 'noncombat', 'from': 'RussianStart', 'to': 'RussianStartLeft', 'unit': 'infantry', 'count': 2}, {'delegate': 'noncombat', 'from': 'RussianStart', 'to': 'RussianStartLeft', 'unit': 'artillery', 'count': 1}, {'delegate': 'noncombat', 'from': 'RussianStartLeft', 'to': 'TopBar', 'unit': 'infantry', 'count': 1}, {'delegate': 'noncombat', 'from': 'RussianStartLeft', 'to': 'TopBar', 'unit': 'artillery', 'count': 8}]
Game 1 Round 25 Player Russians Action: [{'delegate': 'purchase', 'unit': 'infantry', 'to': 'RussianBase', 'count': 2}, {'delegate': 'purchase', 'unit': 'armour', 'to': 'RussianBase', 'count': 4}]
Game 1 Round 25 Player Russians Action: [{'delegate': 'combat', 'from': 'TopBar', 'to': 'ItalianStartRight', 'unit': 'armour', 'count': 5}, {'delegate': 'combat', 'from': 'TopBar', 'to': 'ItalianStartRight', 'unit': 'artillery', 'count': 8}, {'delegate': 'combat', 'from': 'TopBar', 'to': 'ItalianStartRight', 'unit': 'infantry', 'count': 1}]
Game 1 Round 25 Player Russians Action: [{'delegate': 'noncombat', 'from': 'RussianBase', 'to': 'RussianStart', 'unit': 'infantry', 'count': 5}, {'delegate': 'noncombat', 'from': 'RussianBase', 'to': 'RussianStart', 'unit': 'artillery', 'count': 1}, {'delegate': 'noncombat', 'from': 'RussianBase', 'to': 'RussianStepOne', 'unit': 'armour', 'count': 1}, {'delegate': 'noncombat', 'from': 'RussianStart', 'to': 'RussianStepOne', 'unit': 'infantry', 'count': 1}, {'delegate': 'noncombat', 'from': 'RussianStart', 'to': 'RussianStepOne', 'unit': 'artillery', 'count': 1}, {'delegate': 'noncombat', 'from': 'RussianStartLeft', 'to': 'RussianStart', 'unit': 'infantry', 'count': 2}, {'delegate': 'noncombat', 'from': 'RussianStartLeft', 'to': 'RussianStart', 'unit': 'artillery', 'count': 1}, {'delegate': 'noncombat', 'from': 'RussianStartLeft', 'to': 'RussianStepOne', 'unit': 'armour', 'count': 6}]
Game 1 Round 26 Player Russians Action: [{'delegate': 'purchase', 'unit': 'artillery', 'to': 'RussianBase', 'count': 1}, {'delegate': 'purchase', 'unit': 'armour', 'to': 'RussianBase', 'count': 4}]
Game 1 Round 26 Player Russians Action: [{'delegate': 'combat', 'from': 'RussianStepOne', 'to': 'RussianStepTwo', 'unit': 'armour', 'count': 7}]
Game 1 Round 26 Player Russians Action: [{'delegate': 'noncombat', 'from': 'RussianBase', 'to': 'RussianStart', 'unit': 'infantry', 'count': 2}, {'delegate': 'noncombat', 'from': 'RussianBase', 'to': 'RussianStartRight', 'unit': 'armour', 'count': 4}, {'delegate': 'noncombat', 'from': 'RussianStart', 'to': 'RussianStartRight', 'unit': 'infantry', 'count': 7}, {'delegate': 'noncombat', 'from': 'RussianStart', 'to': 'RussianStartRight', 'unit': 'artillery', 'count': 2}, {'delegate': 'noncombat', 'from': 'RussianStepOne', 'to': 'RussianStepTwo', 'unit': 'artillery', 'count': 1}]
Game 1 Round 27 Player Russians Action: [{'delegate': 'purchase', 'unit': 'infantry', 'to': 'RussianBase', 'count': 6}, {'delegate': 'purchase', 'unit': 'artillery', 'to': 'RussianBase', 'count': 1}]
Game 1 Round 27 Player Russians Action: [{'delegate': 'combat', 'from': 'RussianStartRight', 'to': 'LeftBar', 'unit': 'armour', 'count': 4}]
Game 1 Round 27 Player Russians Action: [{'delegate': 'noncombat', 'from': 'RussianBase', 'to': 'RussianStart', 'unit': 'artillery', 'count': 1}, {'delegate': 'noncombat', 'from': 'RussianBase', 'to': 'RussianStartLeft', 'unit': 'armour', 'count': 4}, {'delegate': 'noncombat', 'from': 'RussianStart', 'to': 'RussianStartLeft', 'unit': 'infantry', 'count': 2}, {'delegate': 'noncombat', 'from': 'RussianStartRight', 'to': 'LeftBar', 'unit': 'infantry', 'count': 6}, {'delegate': 'noncombat', 'from': 'RussianStartRight', 'to': 'LeftBar', 'unit': 'artillery', 'count': 2}]
Game 1 Round 28 Player Russians Action: [{'delegate': 'purchase', 'unit': 'infantry', 'to': 'RussianBase', 'count': 1}, {'delegate': 'purchase', 'unit': 'artillery', 'to': 'RussianBase', 'count': 1}, {'delegate': 'purchase', 'unit': 'armour', 'to': 'RussianBase', 'count': 3}]
Game 1 Round 28 Player Russians Action: [{'delegate': 'combat', 'from': 'RussianStepTwo', 'to': 'Flag', 'unit': 'armour', 'count': 7}, {'delegate': 'combat', 'from': 'LeftBar', 'to': 'ChineseStartLeft', 'unit': 'armour', 'count': 4}, {'delegate': 'combat', 'from': 'LeftBar', 'to': 'ChineseStartLeft', 'unit': 'artillery', 'count': 2}, {'delegate': 'combat', 'from': 'LeftBar', 'to': 'ChineseStartLeft', 'unit': 'infantry', 'count': 6}]
Game 1 Round 28 Player Russians Action: [{'delegate': 'noncombat', 'from': 'RussianBase', 'to': 'RussianStart', 'unit': 'infantry', 'count': 6}, {'delegate': 'noncombat', 'from': 'RussianBase', 'to': 'RussianStart', 'unit': 'artillery', 'count': 1}, {'delegate': 'noncombat', 'from': 'RussianStepTwo', 'to': 'Flag', 'unit': 'artillery', 'count': 1}]
Game 1 Round 29 Player Russians Action: [{'delegate': 'purchase', 'unit': 'infantry', 'to': 'RussianBase', 'count': 6}, {'delegate': 'purchase', 'unit': 'artillery', 'to': 'RussianBase', 'count': 1}, {'delegate': 'purchase', 'unit': 'armour', 'to': 'RussianBase', 'count': 3}]
Game 1 Round 29 Player Russians Action: [{'delegate': 'combat', 'from': 'RussianBase', 'to': 'RussianStart', 'unit': 'armour', 'count': 3}, {'delegate': 'combat', 'from': 'ChineseStartLeft', 'to': 'ChineseStart', 'unit': 'armour', 'count': 4}, {'delegate': 'combat', 'from': 'ChineseStartLeft', 'to': 'ChineseStart', 'unit': 'artillery', 'count': 2}, {'delegate': 'combat', 'from': 'ChineseStartLeft', 'to': 'ChineseStart', 'unit': 'infantry', 'count': 5}]
Game 1 Round 29 Player Russians Action: []
Game 1 Round 30 Player Russians Action: [{'delegate': 'purchase', 'unit': 'infantry', 'to': 'RussianBase', 'count': 2}, {'delegate': 'purchase', 'unit': 'artillery', 'to': 'RussianBase', 'count': 4}, {'delegate': 'purchase', 'unit': 'armour', 'to': 'RussianBase', 'count': 3}]
Game 1 Round 30 Player Russians Action: [{'delegate': 'combat', 'from': 'ChineseStart', 'to': 'ChineseBase', 'unit': 'armour', 'count': 4}, {'delegate': 'combat', 'from': 'ChineseStart', 'to': 'ChineseBase', 'unit': 'artillery', 'count': 2}, {'delegate': 'combat', 'from': 'ChineseStart', 'to': 'ChineseBase', 'unit': 'infantry', 'count': 1}, {'delegate': 'combat', 'from': 'RussianBase', 'to': 'RussianStart', 'unit': 'armour', 'count': 3}, {'delegate': 'combat', 'from': 'RussianBase', 'to': 'RussianStart', 'unit': 'artillery', 'count': 2}, {'delegate': 'combat', 'from': 'RussianBase', 'to': 'RussianStart', 'unit': 'infantry', 'count': 7}]
Game 1 Round 31 Player Russians Action: [{'delegate': 'purchase', 'unit': 'artillery', 'to': 'RussianBase', 'count': 1}, {'delegate': 'purchase', 'unit': 'armour', 'to': 'RussianBase', 'count': 4}]
Game 1 Round 31 Player Russians Action: [{'delegate': 'combat', 'from': 'RussianStart', 'to': 'RussianStartLeft', 'unit': 'armour', 'count': 3}]
Game 1 Round 31 Player Russians Action: [{'delegate': 'noncombat', 'from': 'RussianBase', 'to': 'RussianStart', 'unit': 'infantry', 'count': 2}, {'delegate': 'noncombat', 'from': 'RussianBase', 'to': 'RussianStart', 'unit': 'artillery', 'count': 4}, {'delegate': 'noncombat', 'from': 'RussianBase', 'to': 'RussianStepOne', 'unit': 'armour', 'count': 3}, {'delegate': 'noncombat', 'from': 'RussianStart', 'to': 'RussianStepOne', 'unit': 'artillery', 'count': 2}, {'delegate': 'noncombat', 'from': 'RussianStart', 'to': 'RussianStepOne', 'unit': 'infantry', 'count': 6}]
Game 1 Round 32 Player Russians Action: [{'delegate': 'purchase', 'unit': 'artillery', 'to': 'RussianBase', 'count': 3}, {'delegate': 'purchase', 'unit': 'armour', 'to': 'RussianBase', 'count': 2}]
Game 1 Round 32 Player Russians Action: [{'delegate': 'combat', 'from': 'RussianStepOne', 'to': 'RussianStepTwo', 'unit': 'armour', 'count': 3}, {'delegate': 'combat', 'from': 'RussianStepOne', 'to': 'RussianStepTwo', 'unit': 'artillery', 'count': 2}, {'delegate': 'combat', 'from': 'RussianStartLeft', 'to': 'TopBar', 'unit': 'armour', 'count': 3}]
Game 1 Round 32 Player Russians Action: [{'delegate': 'noncombat', 'from': 'RussianBase', 'to': 'RussianStart', 'unit': 'artillery', 'count': 1}, {'delegate': 'noncombat', 'from': 'RussianBase', 'to': 'RussianStartLeft', 'unit': 'armour', 'count': 4}, {'delegate': 'noncombat', 'from': 'RussianStart', 'to': 'RussianStartLeft', 'unit': 'artillery', 'count': 4}, {'delegate': 'noncombat', 'from': 'RussianStart', 'to': 'RussianStartLeft', 'unit': 'infantry', 'count': 2}, {'delegate': 'noncombat', 'from': 'RussianStepOne', 'to': 'RussianStepTwo', 'unit': 'infantry', 'count': 6}]
Game 1 Round 33 Player Russians Action: [{'delegate': 'purchase', 'unit': 'infantry', 'to': 'RussianBase', 'count': 3}, {'delegate': 'purchase', 'unit': 'armour', 'to': 'RussianBase', 'count': 3}]
Game 1 Round 33 Player Russians Action: [{'delegate': 'combat', 'from': 'RussianStepTwo', 'to': 'Flag', 'unit': 'armour', 'count': 3}, {'delegate': 'combat', 'from': 'TopBar', 'to': 'ItalianStartRight', 'unit': 'armour', 'count': 3}, {'delegate': 'combat', 'from': 'RussianStartLeft', 'to': 'ItalianStartRight', 'unit': 'armour', 'count': 4}]
Game 1 Round 33 Player Russians Action: [{'delegate': 'noncombat', 'from': 'RussianBase', 'to': 'RussianStart', 'unit': 'artillery', 'count': 3}, {'delegate': 'noncombat', 'from': 'RussianBase', 'to': 'RussianStartLeft', 'unit': 'armour', 'count': 2}, {'delegate': 'noncombat', 'from': 'RussianStart', 'to': 'RussianStartLeft', 'unit': 'artillery', 'count': 1}, {'delegate': 'noncombat', 'from': 'RussianStartLeft', 'to': 'TopBar', 'unit': 'artillery', 'count': 4}, {'delegate': 'noncombat', 'from': 'RussianStartLeft', 'to': 'TopBar', 'unit': 'infantry', 'count': 2}, {'delegate': 'noncombat', 'from': 'RussianStepTwo', 'to': 'Flag', 'unit': 'artillery', 'count': 1}, {'delegate': 'noncombat', 'from': 'RussianStepTwo', 'to': 'Flag', 'unit': 'infantry', 'count': 6}]
Game 1 Round 34 Player Russians Action: [{'delegate': 'purchase', 'unit': 'infantry', 'to': 'RussianBase', 'count': 1}, {'delegate': 'purchase', 'unit': 'artillery', 'to': 'RussianBase', 'count': 9}]
Game 1 Round 34 Player Russians Action: [{'delegate': 'combat', 'from': 'TopBar', 'to': 'ItalianStartRight', 'unit': 'armour', 'count': 4}, {'delegate': 'combat', 'from': 'TopBar', 'to': 'ItalianStartRight', 'unit': 'artillery', 'count': 1}, {'delegate': 'combat', 'from': 'RussianStartLeft', 'to': 'ItalianStartRight', 'unit': 'armour', 'count': 2}, {'delegate': 'combat', 'from': 'Flag', 'to': 'ChineseStepTwo', 'unit': 'armour', 'count': 3}, {'delegate': 'combat', 'from': 'Flag', 'to': 'ChineseStepTwo', 'unit': 'artillery', 'count': 1}, {'delegate': 'combat', 'from': 'Flag', 'to': 'ChineseStepTwo', 'unit': 'infantry', 'count': 4}]
Game 1 Round 34 Player Russians Action: [{'delegate': 'noncombat', 'from': 'RussianBase', 'to': 'RussianStart', 'unit': 'infantry', 'count': 3}, {'delegate': 'noncombat', 'from': 'RussianBase', 'to': 'RussianStartLeft', 'unit': 'armour', 'count': 3}, {'delegate': 'noncombat', 'from': 'RussianStart', 'to': 'RussianStartLeft', 'unit': 'artillery', 'count': 3}, {'delegate': 'noncombat', 'from': 'RussianStartLeft', 'to': 'TopBar', 'unit': 'artillery', 'count': 1}]
Game 1 Round 35 Player Russians Action: [{'delegate': 'purchase', 'unit': 'infantry', 'to': 'RussianBase', 'count': 7}, {'delegate': 'purchase', 'unit': 'armour', 'to': 'RussianBase', 'count': 4}]
Game 1 Round 35 Player Russians Action: [{'delegate': 'combat', 'from': 'ChineseStepTwo', 'to': 'GermanStepTwo', 'unit': 'armour', 'count': 3}, {'delegate': 'combat', 'from': 'ChineseStepTwo', 'to': 'ChineseStepOne', 'unit': 'artillery', 'count': 1}, {'delegate': 'combat', 'from': 'ChineseStepTwo', 'to': 'ChineseStepOne', 'unit': 'infantry', 'count': 3}]
Game 1 Round 35 Player Russians Action: [{'delegate': 'noncombat', 'from': 'RussianBase', 'to': 'RussianStart', 'unit': 'infantry', 'count': 1}, {'delegate': 'noncombat', 'from': 'RussianBase', 'to': 'RussianStart', 'unit': 'artillery', 'count': 9}, {'delegate': 'noncombat', 'from': 'RussianStart', 'to': 'RussianStartLeft', 'unit': 'infantry', 'count': 3}, {'delegate': 'noncombat', 'from': 'RussianStartLeft', 'to': 'TopBar', 'unit': 'artillery', 'count': 3}, {'delegate': 'noncombat', 'from': 'RussianStartLeft', 'to': 'TopBar', 'unit': 'armour', 'count': 3}]
Game 1 Round 36 Player Russians Action: [{'delegate': 'purchase', 'unit': 'infantry', 'to': 'RussianBase', 'count': 3}, {'delegate': 'purchase', 'unit': 'artillery', 'to': 'RussianBase', 'count': 9}]
Game 1 Round 36 Player Russians Action: [{'delegate': 'combat', 'from': 'TopBar', 'to': 'ItalianStartRight', 'unit': 'armour', 'count': 3}, {'delegate': 'combat', 'from': 'TopBar', 'to': 'ItalianStartRight', 'unit': 'artillery', 'count': 4}, {'delegate': 'combat', 'from': 'GermanStepTwo', 'to': 'GermanStepOne', 'unit': 'armour', 'count': 3}]
Game 1 Round 36 Player Russians Action: [{'delegate': 'noncombat', 'from': 'RussianBase', 'to': 'RussianStart', 'unit': 'infantry', 'count': 7}, {'delegate': 'noncombat', 'from': 'RussianBase', 'to': 'RussianStartRight', 'unit': 'armour', 'count': 4}, {'delegate': 'noncombat', 'from': 'RussianStart', 'to': 'RussianStartRight', 'unit': 'infantry', 'count': 1}, {'delegate': 'noncombat', 'from': 'RussianStart', 'to': 'RussianStartRight', 'unit': 'artillery', 'count': 9}, {'delegate': 'noncombat', 'from': 'RussianStartLeft', 'to': 'TopBar', 'unit': 'infantry', 'count': 3}]
Game 1 Round 37 Player Russians Action: [{'delegate': 'purchase', 'unit': 'artillery', 'to': 'RussianBase', 'count': 9}, {'delegate': 'purchase', 'unit': 'armour', 'to': 'RussianBase', 'count': 1}]
Game 1 Round 37 Player Russians Action: [{'delegate': 'combat', 'from': 'RussianStartRight', 'to': 'LeftBar', 'unit': 'armour', 'count': 4}, {'delegate': 'combat', 'from': 'RussianStartRight', 'to': 'LeftBar', 'unit': 'artillery', 'count': 3}]
Game 1 Round 37 Player Russians Action: [{'delegate': 'noncombat', 'from': 'RussianBase', 'to': 'RussianStart', 'unit': 'infantry', 'count': 3}, {'delegate': 'noncombat', 'from': 'RussianBase', 'to': 'RussianStart', 'unit': 'artillery', 'count': 9}, {'delegate': 'noncombat', 'from': 'RussianStart', 'to': 'RussianStartLeft', 'unit': 'infantry', 'count': 7}]
Game 1 Round 38 Player Russians Action: [{'delegate': 'purchase', 'unit': 'infantry', 'to': 'RussianBase', 'count': 1}, {'delegate': 'purchase', 'unit': 'artillery', 'to': 'RussianBase', 'count': 7}, {'delegate': 'purchase', 'unit': 'armour', 'to': 'RussianBase', 'count': 2}]
Game 1 Round 38 Player Russians Action: [{'delegate': 'combat', 'from': 'LeftBar', 'to': 'ChineseStartLeft', 'unit': 'armour', 'count': 4}, {'delegate': 'combat', 'from': 'LeftBar', 'to': 'ChineseStartLeft', 'unit': 'artillery', 'count': 1}]
Game 1 Round 38 Player Russians Action: [{'delegate': 'noncombat', 'from': 'RussianBase', 'to': 'RussianStart', 'unit': 'artillery', 'count': 9}, {'delegate': 'noncombat', 'from': 'RussianBase', 'to': 'RussianStartLeft', 'unit': 'armour', 'count': 1}, {'delegate': 'noncombat', 'from': 'RussianStart', 'to': 'RussianStartLeft', 'unit': 'infantry', 'count': 3}, {'delegate': 'noncombat', 'from': 'RussianStart', 'to': 'RussianStartLeft', 'unit': 'artillery', 'count': 9}]
Game 1 Round 39 Player Russians Action: [{'delegate': 'purchase', 'unit': 'infantry', 'to': 'RussianBase', 'count': 6}, {'delegate': 'purchase', 'unit': 'artillery', 'to': 'RussianBase', 'count': 2}]
Game 1 Round 39 Player Russians Action: [{'delegate': 'combat', 'from': 'RussianStart', 'to': 'RussianStartLeft', 'unit': 'artillery', 'count': 9}, {'delegate': 'combat', 'from': 'RussianBase', 'to': 'RussianStartLeft', 'unit': 'armour', 'count': 2}]
Game 1 Round 39 Player Russians Action: [{'delegate': 'noncombat', 'from': 'RussianBase', 'to': 'RussianStart', 'unit': 'infantry', 'count': 1}, {'delegate': 'noncombat', 'from': 'RussianBase', 'to': 'RussianStart', 'unit': 'artillery', 'count': 7}]
Game 1 Round 40 Player Russians Action: [{'delegate': 'purchase', 'unit': 'infantry', 'to': 'RussianBase', 'count': 3}, {'delegate': 'purchase', 'unit': 'artillery', 'to': 'RussianBase', 'count': 1}, {'delegate': 'purchase', 'unit': 'armour', 'to': 'RussianBase', 'count': 1}]
Game 1 Round 40 Player Russians Action: [{'delegate': 'combat', 'from': 'RussianStart', 'to': 'LeftBar', 'unit': 'armour', 'count': 2}, {'delegate': 'combat', 'from': 'RussianStart', 'to': 'RussianStartLeft', 'unit': 'artillery', 'count': 6}]
Game 1 Round 40 Player Russians Action: [{'delegate': 'noncombat', 'from': 'RussianBase', 'to': 'RussianStart', 'unit': 'infantry', 'count': 6}, {'delegate': 'noncombat', 'from': 'RussianBase', 'to': 'RussianStart', 'unit': 'artillery', 'count': 2}]
Game 1 Round 41 Player Russians Action: [{'delegate': 'purchase', 'unit': 'artillery', 'to': 'RussianBase', 'count': 4}]
Game 1 Round 41 Player Russians Action: [{'delegate': 'combat', 'from': 'RussianStart', 'to': 'RussianStartRight', 'unit': 'artillery', 'count': 2}, {'delegate': 'combat', 'from': 'RussianStart', 'to': 'RussianStartRight', 'unit': 'infantry', 'count': 6}, {'delegate': 'combat', 'from': 'RussianBase', 'to': 'RussianStartRight', 'unit': 'armour', 'count': 1}, {'delegate': 'combat', 'from': 'RussianStartLeft', 'to': 'TopBar', 'unit': 'artillery', 'count': 4}]
Game 1 Round 41 Player Russians Action: [{'delegate': 'noncombat', 'from': 'RussianBase', 'to': 'RussianStart', 'unit': 'infantry', 'count': 3}, {'delegate': 'noncombat', 'from': 'RussianBase', 'to': 'RussianStart', 'unit': 'artillery', 'count': 1}]
Game 1 Round 42 Player Russians Action: [{'delegate': 'purchase', 'unit': 'infantry', 'to': 'RussianBase', 'count': 3}, {'delegate': 'purchase', 'unit': 'artillery', 'to': 'RussianBase', 'count': 1}, {'delegate': 'purchase', 'unit': 'armour', 'to': 'RussianBase', 'count': 1}]
Game 1 Round 42 Player Russians Action: [{'delegate': 'combat', 'from': 'RussianStartRight', 'to': 'LeftBar', 'unit': 'armour', 'count': 1}, {'delegate': 'combat', 'from': 'RussianStartRight', 'to': 'LeftBar', 'unit': 'artillery', 'count': 2}, {'delegate': 'combat', 'from': 'RussianStart', 'to': 'RussianStepOne', 'unit': 'artillery', 'count': 1}, {'delegate': 'combat', 'from': 'RussianStart', 'to': 'RussianStepOne', 'unit': 'infantry', 'count': 3}]
Game 1 Round 42 Player Russians Action: [{'delegate': 'noncombat', 'from': 'RussianBase', 'to': 'RussianStart', 'unit': 'artillery', 'count': 4}, {'delegate': 'noncombat', 'from': 'RussianStartRight', 'to': 'LeftBar', 'unit': 'infantry', 'count': 6}]
Game 1 Round 43 Player Russians Action: [{'delegate': 'purchase', 'unit': 'infantry', 'to': 'RussianBase', 'count': 2}, {'delegate': 'purchase', 'unit': 'artillery', 'to': 'RussianBase', 'count': 4}]
Game 1 Round 43 Player Russians Action: [{'delegate': 'combat', 'from': 'RussianStepOne', 'to': 'RussianStepTwo', 'unit': 'artillery', 'count': 1}, {'delegate': 'combat', 'from': 'RussianStepOne', 'to': 'RussianStepTwo', 'unit': 'infantry', 'count': 3}, {'delegate': 'combat', 'from': 'LeftBar', 'to': 'ChineseStartLeft', 'unit': 'armour', 'count': 1}, {'delegate': 'combat', 'from': 'LeftBar', 'to': 'ChineseStartLeft', 'unit': 'artillery', 'count': 2}, {'delegate': 'combat', 'from': 'LeftBar', 'to': 'ChineseStartLeft', 'unit': 'infantry', 'count': 6}]
Game 1 Round 43 Player Russians Action: [{'delegate': 'noncombat', 'from': 'RussianBase', 'to': 'RussianStart', 'unit': 'infantry', 'count': 3}, {'delegate': 'noncombat', 'from': 'RussianBase', 'to': 'RussianStart', 'unit': 'artillery', 'count': 1}, {'delegate': 'noncombat', 'from': 'RussianBase', 'to': 'RussianStartLeft', 'unit': 'armour', 'count': 1}, {'delegate': 'noncombat', 'from': 'RussianStart', 'to': 'RussianStartLeft', 'unit': 'artillery', 'count': 4}]
Game 1 Round 44 Player Russians Action: [{'delegate': 'purchase', 'unit': 'infantry', 'to': 'RussianBase', 'count': 4}, {'delegate': 'purchase', 'unit': 'artillery', 'to': 'RussianBase', 'count': 3}]
Game 1 Round 44 Player Russians Action: [{'delegate': 'combat', 'from': 'ChineseStartLeft', 'to': 'ChineseStart', 'unit': 'armour', 'count': 1}, {'delegate': 'combat', 'from': 'ChineseStartLeft', 'to': 'ChineseStart', 'unit': 'artillery', 'count': 2}, {'delegate': 'combat', 'from': 'ChineseStartLeft', 'to': 'ChineseStart', 'unit': 'infantry', 'count': 6}, {'delegate': 'combat', 'from': 'RussianStepTwo', 'to': 'Flag', 'unit': 'artillery', 'count': 1}, {'delegate': 'combat', 'from': 'RussianStepTwo', 'to': 'Flag', 'unit': 'infantry', 'count': 1}]
Game 1 Round 44 Player Russians Action: [{'delegate': 'noncombat', 'from': 'RussianBase', 'to': 'RussianStart', 'unit': 'infantry', 'count': 2}, {'delegate': 'noncombat', 'from': 'RussianBase', 'to': 'RussianStart', 'unit': 'artillery', 'count': 4}]
Game 1 Round 45 Player Russians Action: [{'delegate': 'purchase', 'unit': 'infantry', 'to': 'RussianBase', 'count': 4}, {'delegate': 'purchase', 'unit': 'artillery', 'to': 'RussianBase', 'count': 5}, {'delegate': 'purchase', 'unit': 'armour', 'to': 'RussianBase', 'count': 1}]
Game 1 Round 45 Player Russians Action: [{'delegate': 'combat', 'from': 'RussianBase', 'to': 'RussianStart', 'unit': 'artillery', 'count': 3}, {'delegate': 'combat', 'from': 'RussianBase', 'to': 'RussianStart', 'unit': 'infantry', 'count': 4}, {'delegate': 'combat', 'from': 'ChineseStartLeft', 'to': 'ChineseStart', 'unit': 'armour', 'count': 1}, {'delegate': 'combat', 'from': 'ChineseStartLeft', 'to': 'ChineseStart', 'unit': 'artillery', 'count': 2}, {'delegate': 'combat', 'from': 'Flag', 'to': 'ItalianStepTwo', 'unit': 'artillery', 'count': 1}, {'delegate': 'combat', 'from': 'Flag', 'to': 'ItalianStepTwo', 'unit': 'infantry', 'count': 1}]
Game 1 Round 46 Player Russians Action: [{'delegate': 'purchase', 'unit': 'infantry', 'to': 'RussianBase', 'count': 8}, {'delegate': 'purchase', 'unit': 'armour', 'to': 'RussianBase', 'count': 3}]
Game 1 Round 46 Player Russians Action: [{'delegate': 'combat', 'from': 'RussianBase', 'to': 'RussianStart', 'unit': 'armour', 'count': 1}, {'delegate': 'combat', 'from': 'RussianBase', 'to': 'RussianStart', 'unit': 'artillery', 'count': 4}]
Game 1 Round 46 Player Russians Action: []
Game 1 Round 47 Player Russians Action: [{'delegate': 'purchase', 'unit': 'artillery', 'to': 'RussianBase', 'count': 1}, {'delegate': 'purchase', 'unit': 'armour', 'to': 'RussianBase', 'count': 7}]
Game 1 Round 47 Player Russians Action: []
Game 1 Round 47 Player Russians Action: [{'delegate': 'noncombat', 'from': 'RussianBase', 'to': 'RussianStart', 'unit': 'infantry', 'count': 8}, {'delegate': 'noncombat', 'from': 'RussianBase', 'to': 'RussianStart', 'unit': 'armour', 'count': 3}]
Game 1 Round 48 Player Russians Action: [{'delegate': 'purchase', 'unit': 'artillery', 'to': 'RussianBase', 'count': 8}, {'delegate': 'purchase', 'unit': 'armour', 'to': 'RussianBase', 'count': 1}]
Game 1 Round 48 Player Russians Action: [{'delegate': 'combat', 'from': 'RussianStart', 'to': 'RussianStartLeft', 'unit': 'armour', 'count': 4}]
Game 1 Round 48 Player Russians Action: [{'delegate': 'noncombat', 'from': 'RussianBase', 'to': 'RussianStart', 'unit': 'artillery', 'count': 1}, {'delegate': 'noncombat', 'from': 'RussianBase', 'to': 'RussianStartLeft', 'unit': 'armour', 'count': 7}, {'delegate': 'noncombat', 'from': 'RussianStart', 'to': 'RussianStartLeft', 'unit': 'artillery', 'count': 4}, {'delegate': 'noncombat', 'from': 'RussianStart', 'to': 'RussianStartLeft', 'unit': 'infantry', 'count': 8}]
Game 1 Round 49 Player Russians Action: [{'delegate': 'purchase', 'unit': 'infantry', 'to': 'RussianBase', 'count': 2}, {'delegate': 'purchase', 'unit': 'artillery', 'to': 'RussianBase', 'count': 2}, {'delegate': 'purchase', 'unit': 'armour', 'to': 'RussianBase', 'count': 5}]
Game 1 Round 49 Player Russians Action: [{'delegate': 'combat', 'from': 'RussianStartLeft', 'to': 'TopBar', 'unit': 'armour', 'count': 11}]
Game 1 Round 49 Player Russians Action: [{'delegate': 'noncombat', 'from': 'RussianBase', 'to': 'RussianStart', 'unit': 'artillery', 'count': 8}, {'delegate': 'noncombat', 'from': 'RussianBase', 'to': 'RussianStartLeft', 'unit': 'armour', 'count': 1}, {'delegate': 'noncombat', 'from': 'RussianStart', 'to': 'RussianStartLeft', 'unit': 'artillery', 'count': 1}, {'delegate': 'noncombat', 'from': 'RussianStartLeft', 'to': 'TopBar', 'unit': 'artillery', 'count': 4}, {'delegate': 'noncombat', 'from': 'RussianStartLeft', 'to': 'TopBar', 'unit': 'infantry', 'count': 8}]
Game 1 Round 50 Player Russians Action: [{'delegate': 'purchase', 'unit': 'infantry', 'to': 'RussianBase', 'count': 6}, {'delegate': 'purchase', 'unit': 'artillery', 'to': 'RussianBase', 'count': 2}]
Game 1 Round 50 Player Russians Action: [{'delegate': 'combat', 'from': 'TopBar', 'to': 'ItalianStartRight', 'unit': 'armour', 'count': 11}]
Game 1 Round 50 Player Russians Action: [{'delegate': 'noncombat', 'from': 'RussianBase', 'to': 'RussianStart', 'unit': 'infantry', 'count': 2}, {'delegate': 'noncombat', 'from': 'RussianBase', 'to': 'RussianStart', 'unit': 'artillery', 'count': 2}, {'delegate': 'noncombat', 'from': 'RussianBase', 'to': 'RussianStepOne', 'unit': 'armour', 'count': 5}, {'delegate': 'noncombat', 'from': 'TopBar', 'to': 'ItalianStartRight', 'unit': 'artillery', 'count': 4}, {'delegate': 'noncombat', 'from': 'TopBar', 'to': 'ItalianStartRight', 'unit': 'infantry', 'count': 8}, {'delegate': 'noncombat', 'from': 'RussianStart', 'to': 'RussianStepOne', 'unit': 'artillery', 'count': 8}, {'delegate': 'noncombat', 'from': 'RussianStartLeft', 'to': 'TopBar', 'unit': 'artillery', 'count': 1}, {'delegate': 'noncombat', 'from': 'RussianStartLeft', 'to': 'ItalianStartRight', 'unit': 'armour', 'count': 1}]
Game 1 Round 51 Player Russians Action: [{'delegate': 'purchase', 'unit': 'infantry', 'to': 'RussianBase', 'count': 1}, {'delegate': 'purchase', 'unit': 'artillery', 'to': 'RussianBase', 'count': 5}, {'delegate': 'purchase', 'unit': 'armour', 'to': 'RussianBase', 'count': 1}]
Game 1 Round 51 Player Russians Action: [{'delegate': 'combat', 'from': 'ItalianStartRight', 'to': 'ItalianStart', 'unit': 'armour', 'count': 11}, {'delegate': 'combat', 'from': 'ItalianStartRight', 'to': 'ItalianStart', 'unit': 'artillery', 'count': 4}, {'delegate': 'combat', 'from': 'ItalianStartRight', 'to': 'ItalianStart', 'unit': 'infantry', 'count': 2}, {'delegate': 'combat', 'from': 'RussianStepOne', 'to': 'Flag', 'unit': 'armour', 'count': 5}]
Game 1 Round 51 Player Russians Action: [{'delegate': 'noncombat', 'from': 'RussianBase', 'to': 'RussianStart', 'unit': 'infantry', 'count': 6}, {'delegate': 'noncombat', 'from': 'RussianBase', 'to': 'RussianStart', 'unit': 'artillery', 'count': 2}, {'delegate': 'noncombat', 'from': 'TopBar', 'to': 'ItalianStartRight', 'unit': 'artillery', 'count': 1}, {'delegate': 'noncombat', 'from': 'RussianStart', 'to': 'RussianStartRight', 'unit': 'artillery', 'count': 2}, {'delegate': 'noncombat', 'from': 'RussianStart', 'to': 'RussianStartRight', 'unit': 'infantry', 'count': 2}, {'delegate': 'noncombat', 'from': 'RussianStepOne', 'to': 'RussianStepTwo', 'unit': 'artillery', 'count': 8}]
Game 1 Round 52 Player Russians Action: [{'delegate': 'purchase', 'unit': 'infantry', 'to': 'RussianBase', 'count': 3}, {'delegate': 'purchase', 'unit': 'artillery', 'to': 'RussianBase', 'count': 9}]
Game 1 Round 52 Player Russians Action: [{'delegate': 'combat', 'from': 'RussianStepTwo', 'to': 'Flag', 'unit': 'artillery', 'count': 8}]
Game 1 Round 52 Player Russians Action: [{'delegate': 'noncombat', 'from': 'RussianBase', 'to': 'RussianStart', 'unit': 'infantry', 'count': 1}, {'delegate': 'noncombat', 'from': 'RussianBase', 'to': 'RussianStart', 'unit': 'artillery', 'count': 5}, {'delegate': 'noncombat', 'from': 'RussianBase', 'to': 'RussianStartLeft', 'unit': 'armour', 'count': 1}, {'delegate': 'noncombat', 'from': 'RussianStart', 'to': 'RussianStartLeft', 'unit': 'artillery', 'count': 2}, {'delegate': 'noncombat', 'from': 'RussianStart', 'to': 'RussianStartLeft', 'unit': 'infantry', 'count': 6}, {'delegate': 'noncombat', 'from': 'RussianStartRight', 'to': 'LeftBar', 'unit': 'artillery', 'count': 2}, {'delegate': 'noncombat', 'from': 'RussianStartRight', 'to': 'LeftBar', 'unit': 'infantry', 'count': 2}]
Game 1 Round 53 Player Russians Action: [{'delegate': 'purchase', 'unit': 'infantry', 'to': 'RussianBase', 'count': 1}, {'delegate': 'purchase', 'unit': 'artillery', 'to': 'RussianBase', 'count': 10}]
Game 1 Round 53 Player Russians Action: [{'delegate': 'combat', 'from': 'ItalianStartRight', 'to': 'ItalianStart', 'unit': 'artillery', 'count': 1}, {'delegate': 'combat', 'from': 'Flag', 'to': 'GermanStepTwo', 'unit': 'artillery', 'count': 7}]
Game 1 Round 53 Player Russians Action: [{'delegate': 'noncombat', 'from': 'RussianBase', 'to': 'RussianStart', 'unit': 'infantry', 'count': 3}, {'delegate': 'noncombat', 'from': 'RussianBase', 'to': 'RussianStart', 'unit': 'artillery', 'count': 9}, {'delegate': 'noncombat', 'from': 'LeftBar', 'to': 'ChineseStartLeft', 'unit': 'artillery', 'count': 2}, {'delegate': 'noncombat', 'from': 'LeftBar', 'to': 'ChineseStartLeft', 'unit': 'infantry', 'count': 2}, {'delegate': 'noncombat', 'from': 'RussianStart', 'to': 'RussianStartLeft', 'unit': 'artillery', 'count': 5}, {'delegate': 'noncombat', 'from': 'RussianStart', 'to': 'RussianStartLeft', 'unit': 'infantry', 'count': 1}, {'delegate': 'noncombat', 'from': 'RussianStartLeft', 'to': 'ItalianStartRight', 'unit': 'armour', 'count': 1}, {'delegate': 'noncombat', 'from': 'RussianStartLeft', 'to': 'TopBar', 'unit': 'artillery', 'count': 2}, {'delegate': 'noncombat', 'from': 'RussianStartLeft', 'to': 'TopBar', 'unit': 'infantry', 'count': 6}]
Game 1 Round 54 Player Russians Action: [{'delegate': 'purchase', 'unit': 'infantry', 'to': 'RussianBase', 'count': 1}, {'delegate': 'purchase', 'unit': 'artillery', 'to': 'RussianBase', 'count': 8}, {'delegate': 'purchase', 'unit': 'armour', 'to': 'RussianBase', 'count': 2}]
Game 1 Round 54 Player Russians Action: [{'delegate': 'combat', 'from': 'ItalianStartRight', 'to': 'ItalianStart', 'unit': 'armour', 'count': 1}, {'delegate': 'combat', 'from': 'GermanStepTwo', 'to': 'GermanStepOne', 'unit': 'artillery', 'count': 5}]
Game 1 Round 54 Player Russians Action: [{'delegate': 'noncombat', 'from': 'RussianBase', 'to': 'RussianStart', 'unit': 'infantry', 'count': 1}, {'delegate': 'noncombat', 'from': 'RussianBase', 'to': 'RussianStart', 'unit': 'artillery', 'count': 10}, {'delegate': 'noncombat', 'from': 'TopBar', 'to': 'ItalianStartRight', 'unit': 'artillery', 'count': 2}, {'delegate': 'noncombat', 'from': 'TopBar', 'to': 'ItalianStartRight', 'unit': 'infantry', 'count': 6}, {'delegate': 'noncombat', 'from': 'RussianStart', 'to': 'RussianStartRight', 'unit': 'artillery', 'count': 9}, {'delegate': 'noncombat', 'from': 'RussianStart', 'to': 'RussianStartRight', 'unit': 'infantry', 'count': 3}, {'delegate': 'noncombat', 'from': 'RussianStartLeft', 'to': 'TopBar', 'unit': 'artillery', 'count': 5}, {'delegate': 'noncombat', 'from': 'RussianStartLeft', 'to': 'TopBar', 'unit': 'infantry', 'count': 1}]
Game 1 Round 55 Player Russians Action: [{'delegate': 'purchase', 'unit': 'infantry', 'to': 'RussianBase', 'count': 7}, {'delegate': 'purchase', 'unit': 'artillery', 'to': 'RussianBase', 'count': 6}]
Game 1 Round 55 Player Russians Action: [{'delegate': 'combat', 'from': 'GermanStepOne', 'to': 'GermanStart', 'unit': 'artillery', 'count': 5}, {'delegate': 'combat', 'from': 'ItalianStartRight', 'to': 'ItalianStart', 'unit': 'artillery', 'count': 2}, {'delegate': 'combat', 'from': 'ItalianStartRight', 'to': 'ItalianStart', 'unit': 'infantry', 'count': 2}]
