2234635 00:02:18.748 [Thread-3050] DEBUG g.s.e.data.gameparser.GameParser - Parsing game XML: /home/sanjana/triplea/downloadedMaps/capture_the_flag/map/games/capture_the_flag.xml
224  00:02:42.397 [main] INFO  o.t.game.client.HeadedGameRunner - Launching game, version: 2.7+00000 
321  00:02:42.494 [Thread-5] DEBUG g.s.e.data.gameparser.GameParser - Parsing game XML: /home/sanjana/triplea/downloadedMaps/capture_the_flag/map/games/capture_the_flag.xml
1750610 00:31:52.783 [Thread-2526] DEBUG g.s.e.data.gameparser.GameParser - Parsing game XML: /home/sanjana/triplea/downloadedMaps/capture_the_flag/map/games/capture_the_flag.xml
363  00:32:16.073 [main] INFO  o.t.game.client.HeadedGameRunner - Launching game, version: 2.7+00000 
607  00:32:16.317 [Thread-5] DEBUG g.s.e.data.gameparser.GameParser - Parsing game XML: /home/sanjana/triplea/downloadedMaps/capture_the_flag/map/games/capture_the_flag.xml
148403 00:34:44.113 [AWT-EventQueue-0] ERROR o.t.game.client.HeadedGameRunner - Vector Enumeration
java.util.NoSuchElementException: Vector Enumeration
	at java.base/java.util.Vector$1.nextElement(Vector.java:344)
	at java.desktop/javax.swing.tree.DefaultMutableTreeNode$PreorderEnumeration.nextElement(DefaultMutableTreeNode.java:1349)
	at java.desktop/javax.swing.tree.DefaultMutableTreeNode$PreorderEnumeration.nextElement(DefaultMutableTreeNode.java:1333)
	at games.strategy.engine.history.History.getCurrentPlayer(History.java:177)
	at games.strategy.triplea.util.UnitSeparator.getComparatorUnitCategories(UnitSeparator.java:128)
	at games.strategy.triplea.util.UnitSeparator.getSortedUnitCategories(UnitSeparator.java:101)
	at games.strategy.triplea.ui.SimpleUnitPanel.setUnits(SimpleUnitPanel.java:130)
	at games.strategy.triplea.ui.PlacePanel.lambda$updateUnitsInUnitsToPlacePanel$0(PlacePanel.java:234)
	at java.desktop/java.awt.event.InvocationEvent.dispatch(InvocationEvent.java:318)
	at java.desktop/java.awt.EventQueue.dispatchEventImpl(EventQueue.java:773)
	at java.desktop/java.awt.EventQueue$4.run(EventQueue.java:720)
	at java.desktop/java.awt.EventQueue$4.run(EventQueue.java:714)
	at java.base/java.security.AccessController.doPrivileged(AccessController.java:400)
	at java.base/java.security.ProtectionDomain$JavaSecurityAccessImpl.doIntersectionPrivilege(ProtectionDomain.java:87)
	at java.desktop/java.awt.EventQueue.dispatchEvent(EventQueue.java:742)
	at java.desktop/java.awt.EventDispatchThread.pumpOneEventForFilters(EventDispatchThread.java:203)
	at java.desktop/java.awt.EventDispatchThread.pumpEventsForFilter(EventDispatchThread.java:124)
	at java.desktop/java.awt.EventDispatchThread.pumpEventsForHierarchy(EventDispatchThread.java:113)
	at java.desktop/java.awt.EventDispatchThread.pumpEvents(EventDispatchThread.java:109)
	at java.desktop/java.awt.EventDispatchThread.pumpEvents(EventDispatchThread.java:101)
	at java.desktop/java.awt.EventDispatchThread.run(EventDispatchThread.java:90)
1761828 01:01:37.538 [Thread-2130] DEBUG g.s.e.data.gameparser.GameParser - Parsing game XML: /home/sanjana/triplea/downloadedMaps/capture_the_flag/map/games/capture_the_flag.xml
229  01:02:01.164 [main] INFO  o.t.game.client.HeadedGameRunner - Launching game, version: 2.7+00000 
340  01:02:01.275 [Thread-5] DEBUG g.s.e.data.gameparser.GameParser - Parsing game XML: /home/sanjana/triplea/downloadedMaps/capture_the_flag/map/games/capture_the_flag.xml
1950835 01:34:31.770 [Thread-1939] DEBUG g.s.e.data.gameparser.GameParser - Parsing game XML: /home/sanjana/triplea/downloadedMaps/capture_the_flag/map/games/capture_the_flag.xml
222  01:34:55.475 [main] INFO  o.t.game.client.HeadedGameRunner - Launching game, version: 2.7+00000 
326  01:34:55.579 [Thread-5] DEBUG g.s.e.data.gameparser.GameParser - Parsing game XML: /home/sanjana/triplea/downloadedMaps/capture_the_flag/map/games/capture_the_flag.xml
2774091 02:21:09.344 [Thread-3933] DEBUG g.s.e.data.gameparser.GameParser - Parsing game XML: /home/sanjana/triplea/downloadedMaps/capture_the_flag/map/games/capture_the_flag.xml
228  02:21:32.165 [main] INFO  o.t.game.client.HeadedGameRunner - Launching game, version: 2.7+00000 
334  02:21:32.271 [Thread-5] DEBUG g.s.e.data.gameparser.GameParser - Parsing game XML: /home/sanjana/triplea/downloadedMaps/capture_the_flag/map/games/capture_the_flag.xml
2970313 03:11:02.250 [Thread-4525] DEBUG g.s.e.data.gameparser.GameParser - Parsing game XML: /home/sanjana/triplea/downloadedMaps/capture_the_flag/map/games/capture_the_flag.xml
232  03:11:25.176 [main] INFO  o.t.game.client.HeadedGameRunner - Launching game, version: 2.7+00000 
340  03:11:25.284 [Thread-5] DEBUG g.s.e.data.gameparser.GameParser - Parsing game XML: /home/sanjana/triplea/downloadedMaps/capture_the_flag/map/games/capture_the_flag.xml
1903658 03:43:08.602 [Thread-2819] DEBUG g.s.e.data.gameparser.GameParser - Parsing game XML: /home/sanjana/triplea/downloadedMaps/capture_the_flag/map/games/capture_the_flag.xml
232  03:43:32.007 [main] INFO  o.t.game.client.HeadedGameRunner - Launching game, version: 2.7+00000 
339  03:43:32.114 [Thread-5] DEBUG g.s.e.data.gameparser.GameParser - Parsing game XML: /home/sanjana/triplea/downloadedMaps/capture_the_flag/map/games/capture_the_flag.xml
2694636 04:28:26.411 [Thread-4183] DEBUG g.s.e.data.gameparser.GameParser - Parsing game XML: /home/sanjana/triplea/downloadedMaps/capture_the_flag/map/games/capture_the_flag.xml
242  04:28:49.514 [main] INFO  o.t.game.client.HeadedGameRunner - Launching game, version: 2.7+00000 
352  04:28:49.624 [Thread-5] DEBUG g.s.e.data.gameparser.GameParser - Parsing game XML: /home/sanjana/triplea/downloadedMaps/capture_the_flag/map/games/capture_the_flag.xml
2051529 05:03:00.801 [Thread-2645] DEBUG g.s.e.data.gameparser.GameParser - Parsing game XML: /home/sanjana/triplea/downloadedMaps/capture_the_flag/map/games/capture_the_flag.xml
272  05:03:24.644 [main] INFO  o.t.game.client.HeadedGameRunner - Launching game, version: 2.7+00000 
385  05:03:24.757 [Thread-5] DEBUG g.s.e.data.gameparser.GameParser - Parsing game XML: /home/sanjana/triplea/downloadedMaps/capture_the_flag/map/games/capture_the_flag.xml
1334619 05:25:38.991 [Thread-1381] DEBUG g.s.e.data.gameparser.GameParser - Parsing game XML: /home/sanjana/triplea/downloadedMaps/capture_the_flag/map/games/capture_the_flag.xml
480  05:26:02.375 [main] INFO  o.t.game.client.HeadedGameRunner - Launching game, version: 2.7+00000 
717  05:26:02.612 [Thread-5] DEBUG g.s.e.data.gameparser.GameParser - Parsing game XML: /home/sanjana/triplea/downloadedMaps/capture_the_flag/map/games/capture_the_flag.xml
1842697 05:56:44.592 [Thread-2524] DEBUG g.s.e.data.gameparser.GameParser - Parsing game XML: /home/sanjana/triplea/downloadedMaps/capture_the_flag/map/games/capture_the_flag.xml
228  05:57:07.922 [main] INFO  o.t.game.client.HeadedGameRunner - Launching game, version: 2.7+00000 
367  05:57:08.061 [Thread-5] DEBUG g.s.e.data.gameparser.GameParser - Parsing game XML: /home/sanjana/triplea/downloadedMaps/capture_the_flag/map/games/capture_the_flag.xml
245  06:39:53.716 [main] INFO  o.t.game.client.HeadedGameRunner - Launching game, version: 2.7+00000 
355  06:39:53.826 [Thread-5] DEBUG g.s.e.data.gameparser.GameParser - Parsing game XML: /home/sanjana/triplea/downloadedMaps/capture_the_flag/map/games/capture_the_flag.xml
1739674 07:08:53.145 [Thread-2123] DEBUG g.s.e.data.gameparser.GameParser - Parsing game XML: /home/sanjana/triplea/downloadedMaps/capture_the_flag/map/games/capture_the_flag.xml
284  07:09:17.036 [main] INFO  o.t.game.client.HeadedGameRunner - Launching game, version: 2.7+00000 
391  07:09:17.143 [Thread-5] DEBUG g.s.e.data.gameparser.GameParser - Parsing game XML: /home/sanjana/triplea/downloadedMaps/capture_the_flag/map/games/capture_the_flag.xml
266  07:46:45.799 [main] INFO  o.t.game.client.HeadedGameRunner - Launching game, version: 2.7+00000 
376  07:46:45.909 [Thread-5] DEBUG g.s.e.data.gameparser.GameParser - Parsing game XML: /home/sanjana/triplea/downloadedMaps/capture_the_flag/map/games/capture_the_flag.xml
4020641 08:53:46.174 [Thread-5844] DEBUG g.s.e.data.gameparser.GameParser - Parsing game XML: /home/sanjana/triplea/downloadedMaps/capture_the_flag/map/games/capture_the_flag.xml
264  08:54:10.147 [main] INFO  o.t.game.client.HeadedGameRunner - Launching game, version: 2.7+00000 
372  08:54:10.255 [Thread-5] DEBUG g.s.e.data.gameparser.GameParser - Parsing game XML: /home/sanjana/triplea/downloadedMaps/capture_the_flag/map/games/capture_the_flag.xml
270  09:35:55.356 [main] INFO  o.t.game.client.HeadedGameRunner - Launching game, version: 2.7+00000 
383  09:35:55.469 [Thread-5] DEBUG g.s.e.data.gameparser.GameParser - Parsing game XML: /home/sanjana/triplea/downloadedMaps/capture_the_flag/map/games/capture_the_flag.xml
1356197 09:58:31.283 [Thread-2031] DEBUG g.s.e.data.gameparser.GameParser - Parsing game XML: /home/sanjana/triplea/downloadedMaps/capture_the_flag/map/games/capture_the_flag.xml
284  09:58:54.984 [main] INFO  o.t.game.client.HeadedGameRunner - Launching game, version: 2.7+00000 
395  09:58:55.095 [Thread-5] DEBUG g.s.e.data.gameparser.GameParser - Parsing game XML: /home/sanjana/triplea/downloadedMaps/capture_the_flag/map/games/capture_the_flag.xml
274  10:40:59.940 [main] INFO  o.t.game.client.HeadedGameRunner - Launching game, version: 2.7+00000 
390  10:41:00.056 [Thread-5] DEBUG g.s.e.data.gameparser.GameParser - Parsing game XML: /home/sanjana/triplea/downloadedMaps/capture_the_flag/map/games/capture_the_flag.xml
1063680 10:58:43.346 [Thread-1195] DEBUG g.s.e.data.gameparser.GameParser - Parsing game XML: /home/sanjana/triplea/downloadedMaps/capture_the_flag/map/games/capture_the_flag.xml
236  10:59:06.396 [main] INFO  o.t.game.client.HeadedGameRunner - Launching game, version: 2.7+00000 
375  10:59:06.535 [Thread-5] DEBUG g.s.e.data.gameparser.GameParser - Parsing game XML: /home/sanjana/triplea/downloadedMaps/capture_the_flag/map/games/capture_the_flag.xml
1842819 11:29:48.979 [Thread-2394] DEBUG g.s.e.data.gameparser.GameParser - Parsing game XML: /home/sanjana/triplea/downloadedMaps/capture_the_flag/map/games/capture_the_flag.xml
235  11:30:12.358 [main] INFO  o.t.game.client.HeadedGameRunner - Launching game, version: 2.7+00000 
339  11:30:12.462 [Thread-5] DEBUG g.s.e.data.gameparser.GameParser - Parsing game XML: /home/sanjana/triplea/downloadedMaps/capture_the_flag/map/games/capture_the_flag.xml
224  11:59:36.263 [main] INFO  o.t.game.client.HeadedGameRunner - Launching game, version: 2.7+00000 
358  11:59:36.397 [Thread-5] DEBUG g.s.e.data.gameparser.GameParser - Parsing game XML: /home/sanjana/triplea/downloadedMaps/capture_the_flag/map/games/capture_the_flag.xml
2562635 12:42:18.674 [Thread-3620] DEBUG g.s.e.data.gameparser.GameParser - Parsing game XML: /home/sanjana/triplea/downloadedMaps/capture_the_flag/map/games/capture_the_flag.xml
268  12:42:42.670 [main] INFO  o.t.game.client.HeadedGameRunner - Launching game, version: 2.7+00000 
381  12:42:42.783 [Thread-5] DEBUG g.s.e.data.gameparser.GameParser - Parsing game XML: /home/sanjana/triplea/downloadedMaps/capture_the_flag/map/games/capture_the_flag.xml
1386741 13:05:49.143 [Thread-1960] DEBUG g.s.e.data.gameparser.GameParser - Parsing game XML: /home/sanjana/triplea/downloadedMaps/capture_the_flag/map/games/capture_the_flag.xml
223  13:06:12.512 [main] INFO  o.t.game.client.HeadedGameRunner - Launching game, version: 2.7+00000 
367  13:06:12.656 [Thread-5] DEBUG g.s.e.data.gameparser.GameParser - Parsing game XML: /home/sanjana/triplea/downloadedMaps/capture_the_flag/map/games/capture_the_flag.xml
2010016 13:39:42.305 [Thread-2932] DEBUG g.s.e.data.gameparser.GameParser - Parsing game XML: /home/sanjana/triplea/downloadedMaps/capture_the_flag/map/games/capture_the_flag.xml
230  13:40:05.487 [main] INFO  o.t.game.client.HeadedGameRunner - Launching game, version: 2.7+00000 
351  13:40:05.608 [Thread-5] DEBUG g.s.e.data.gameparser.GameParser - Parsing game XML: /home/sanjana/triplea/downloadedMaps/capture_the_flag/map/games/capture_the_flag.xml
1100249 13:58:25.506 [Thread-1303] DEBUG g.s.e.data.gameparser.GameParser - Parsing game XML: /home/sanjana/triplea/downloadedMaps/capture_the_flag/map/games/capture_the_flag.xml
249  13:58:48.301 [main] INFO  o.t.game.client.HeadedGameRunner - Launching game, version: 2.7+00000 
349  13:58:48.401 [Thread-5] DEBUG g.s.e.data.gameparser.GameParser - Parsing game XML: /home/sanjana/triplea/downloadedMaps/capture_the_flag/map/games/capture_the_flag.xml
283  14:20:35.655 [main] INFO  o.t.game.client.HeadedGameRunner - Launching game, version: 2.7+00000 
406  14:20:35.778 [Thread-5] DEBUG g.s.e.data.gameparser.GameParser - Parsing game XML: /home/sanjana/triplea/downloadedMaps/capture_the_flag/map/games/capture_the_flag.xml
1892641 14:52:08.013 [Thread-2552] DEBUG g.s.e.data.gameparser.GameParser - Parsing game XML: /home/sanjana/triplea/downloadedMaps/capture_the_flag/map/games/capture_the_flag.xml
249  14:52:31.558 [main] INFO  o.t.game.client.HeadedGameRunner - Launching game, version: 2.7+00000 
388  14:52:31.697 [Thread-5] DEBUG g.s.e.data.gameparser.GameParser - Parsing game XML: /home/sanjana/triplea/downloadedMaps/capture_the_flag/map/games/capture_the_flag.xml
230  15:22:43.036 [main] INFO  o.t.game.client.HeadedGameRunner - Launching game, version: 2.7+00000 
351  15:22:43.157 [Thread-5] DEBUG g.s.e.data.gameparser.GameParser - Parsing game XML: /home/sanjana/triplea/downloadedMaps/capture_the_flag/map/games/capture_the_flag.xml
231  15:36:57.064 [main] INFO  o.t.game.client.HeadedGameRunner - Launching game, version: 2.7+00000 
373  15:36:57.206 [Thread-5] DEBUG g.s.e.data.gameparser.GameParser - Parsing game XML: /home/sanjana/triplea/downloadedMaps/capture_the_flag/map/games/capture_the_flag.xml
2948926 16:26:05.759 [Thread-4140] DEBUG g.s.e.data.gameparser.GameParser - Parsing game XML: /home/sanjana/triplea/downloadedMaps/capture_the_flag/map/games/capture_the_flag.xml
246  16:26:28.613 [main] INFO  o.t.game.client.HeadedGameRunner - Launching game, version: 2.7+00000 
404  16:26:28.771 [Thread-5] DEBUG g.s.e.data.gameparser.GameParser - Parsing game XML: /home/sanjana/triplea/downloadedMaps/capture_the_flag/map/games/capture_the_flag.xml
1484368 16:51:12.735 [Thread-1674] DEBUG g.s.e.data.gameparser.GameParser - Parsing game XML: /home/sanjana/triplea/downloadedMaps/capture_the_flag/map/games/capture_the_flag.xml
269  16:51:36.619 [main] INFO  o.t.game.client.HeadedGameRunner - Launching game, version: 2.7+00000 
377  16:51:36.727 [Thread-5] DEBUG g.s.e.data.gameparser.GameParser - Parsing game XML: /home/sanjana/triplea/downloadedMaps/capture_the_flag/map/games/capture_the_flag.xml
2174744 17:27:51.094 [Thread-2918] DEBUG g.s.e.data.gameparser.GameParser - Parsing game XML: /home/sanjana/triplea/downloadedMaps/capture_the_flag/map/games/capture_the_flag.xml
457  17:28:14.356 [main] INFO  o.t.game.client.HeadedGameRunner - Launching game, version: 2.7+00000 
623  17:28:14.522 [Thread-5] DEBUG g.s.e.data.gameparser.GameParser - Parsing game XML: /home/sanjana/triplea/downloadedMaps/capture_the_flag/map/games/capture_the_flag.xml
3393147 18:24:47.046 [Thread-4802] DEBUG g.s.e.data.gameparser.GameParser - Parsing game XML: /home/sanjana/triplea/downloadedMaps/capture_the_flag/map/games/capture_the_flag.xml
271  18:25:10.527 [main] INFO  o.t.game.client.HeadedGameRunner - Launching game, version: 2.7+00000 
385  18:25:10.641 [Thread-5] DEBUG g.s.e.data.gameparser.GameParser - Parsing game XML: /home/sanjana/triplea/downloadedMaps/capture_the_flag/map/games/capture_the_flag.xml
282  19:01:23.754 [main] INFO  o.t.game.client.HeadedGameRunner - Launching game, version: 2.7+00000 
392  19:01:23.864 [Thread-5] DEBUG g.s.e.data.gameparser.GameParser - Parsing game XML: /home/sanjana/triplea/downloadedMaps/capture_the_flag/map/games/capture_the_flag.xml
2181733 19:37:45.205 [Thread-2463] DEBUG g.s.e.data.gameparser.GameParser - Parsing game XML: /home/sanjana/triplea/downloadedMaps/capture_the_flag/map/games/capture_the_flag.xml
229  19:38:08.933 [main] INFO  o.t.game.client.HeadedGameRunner - Launching game, version: 2.7+00000 
358  19:38:09.062 [Thread-5] DEBUG g.s.e.data.gameparser.GameParser - Parsing game XML: /home/sanjana/triplea/downloadedMaps/capture_the_flag/map/games/capture_the_flag.xml
1953671 20:10:42.375 [Thread-2835] DEBUG g.s.e.data.gameparser.GameParser - Parsing game XML: /home/sanjana/triplea/downloadedMaps/capture_the_flag/map/games/capture_the_flag.xml
230  20:11:06.488 [main] INFO  o.t.game.client.HeadedGameRunner - Launching game, version: 2.7+00000 
380  20:11:06.638 [Thread-5] DEBUG g.s.e.data.gameparser.GameParser - Parsing game XML: /home/sanjana/triplea/downloadedMaps/capture_the_flag/map/games/capture_the_flag.xml
2085044 20:45:51.302 [Thread-2443] DEBUG g.s.e.data.gameparser.GameParser - Parsing game XML: /home/sanjana/triplea/downloadedMaps/capture_the_flag/map/games/capture_the_flag.xml
226  20:46:14.960 [main] INFO  o.t.game.client.HeadedGameRunner - Launching game, version: 2.7+00000 
372  20:46:15.106 [Thread-5] DEBUG g.s.e.data.gameparser.GameParser - Parsing game XML: /home/sanjana/triplea/downloadedMaps/capture_the_flag/map/games/capture_the_flag.xml
1402875 21:09:37.609 [Thread-1914] DEBUG g.s.e.data.gameparser.GameParser - Parsing game XML: /home/sanjana/triplea/downloadedMaps/capture_the_flag/map/games/capture_the_flag.xml
239  21:10:00.989 [main] INFO  o.t.game.client.HeadedGameRunner - Launching game, version: 2.7+00000 
356  21:10:01.106 [Thread-5] DEBUG g.s.e.data.gameparser.GameParser - Parsing game XML: /home/sanjana/triplea/downloadedMaps/capture_the_flag/map/games/capture_the_flag.xml
2255908 21:47:36.658 [Thread-3115] DEBUG g.s.e.data.gameparser.GameParser - Parsing game XML: /home/sanjana/triplea/downloadedMaps/capture_the_flag/map/games/capture_the_flag.xml
278  21:47:59.681 [main] INFO  o.t.game.client.HeadedGameRunner - Launching game, version: 2.7+00000 
400  21:47:59.803 [Thread-5] DEBUG g.s.e.data.gameparser.GameParser - Parsing game XML: /home/sanjana/triplea/downloadedMaps/capture_the_flag/map/games/capture_the_flag.xml
1872906 22:19:12.309 [Thread-2538] DEBUG g.s.e.data.gameparser.GameParser - Parsing game XML: /home/sanjana/triplea/downloadedMaps/capture_the_flag/map/games/capture_the_flag.xml
231  22:19:35.840 [main] INFO  o.t.game.client.HeadedGameRunner - Launching game, version: 2.7+00000 
351  22:19:35.960 [Thread-5] DEBUG g.s.e.data.gameparser.GameParser - Parsing game XML: /home/sanjana/triplea/downloadedMaps/capture_the_flag/map/games/capture_the_flag.xml
1614027 22:46:29.636 [Thread-2716] DEBUG g.s.e.data.gameparser.GameParser - Parsing game XML: /home/sanjana/triplea/downloadedMaps/capture_the_flag/map/games/capture_the_flag.xml
228  22:46:52.981 [main] INFO  o.t.game.client.HeadedGameRunner - Launching game, version: 2.7+00000 
348  22:46:53.101 [Thread-5] DEBUG g.s.e.data.gameparser.GameParser - Parsing game XML: /home/sanjana/triplea/downloadedMaps/capture_the_flag/map/games/capture_the_flag.xml
2383445 23:26:36.198 [Thread-2594] DEBUG g.s.e.data.gameparser.GameParser - Parsing game XML: /home/sanjana/triplea/downloadedMaps/capture_the_flag/map/games/capture_the_flag.xml
278  23:26:59.223 [main] INFO  o.t.game.client.HeadedGameRunner - Launching game, version: 2.7+00000 
397  23:26:59.342 [Thread-5] DEBUG g.s.e.data.gameparser.GameParser - Parsing game XML: /home/sanjana/triplea/downloadedMaps/capture_the_flag/map/games/capture_the_flag.xml
