1882 21:03:55.387 [main] INFO  o.t.game.client.HeadedGameRunner - Launching game, version: 2.7+00000 
2750 21:03:56.255 [Thread-5] DEBUG g.s.e.data.gameparser.GameParser - Parsing game XML: /storage/home/hcoda1/6/snayak89/triplea/downloadedMaps/capture_the_flag/map/games/capture_the_flag.xml
8156 21:04:01.661 [Thread-6] INFO  org.triplea.sound.ClipPlayer - Unable to create audio device, is there audio on the system? Cannot create AudioDevice
javazoom.jl.decoder.JavaLayerException: Cannot create AudioDevice
	at javazoom.jl.player.FactoryRegistry.createAudioDevice(FactoryRegistry.java:97)
	at org.triplea.sound.ClipPlayer.hasAudio(ClipPlayer.java:144)
	at org.triplea.sound.ClipPlayer.isSoundEnabled(ClipPlayer.java:251)
	at org.triplea.sound.ClipPlayer.play(ClipPlayer.java:220)
	at org.triplea.sound.ClipPlayer.play(ClipPlayer.java:209)
	at games.strategy.engine.framework.startup.mc.HeadedLaunchAction.startGame(HeadedLaunchAction.java:100)
	at games.strategy.triplea.TripleA.startGame(TripleA.java:62)
	at games.strategy.engine.framework.startup.launcher.LocalLauncher.loadGame(LocalLauncher.java:78)
	at games.strategy.engine.framework.startup.launcher.LocalLauncher.launch(LocalLauncher.java:59)
	at games.strategy.engine.framework.startup.ui.panels.main.MainPanelBuilder.lambda$launch$3(MainPanelBuilder.java:65)
	at java.base/java.lang.Thread.run(Thread.java:840)
8554 21:04:02.059 [AWT-EventQueue-0] INFO  org.triplea.sound.ClipPlayer - Unable to create audio device, is there audio on the system? Cannot create AudioDevice
javazoom.jl.decoder.JavaLayerException: Cannot create AudioDevice
	at javazoom.jl.player.FactoryRegistry.createAudioDevice(FactoryRegistry.java:97)
	at org.triplea.sound.ClipPlayer.hasAudio(ClipPlayer.java:144)
	at org.triplea.sound.SoundOptions.buildGlobalSoundSwitchMenuItem(SoundOptions.java:76)
	at games.strategy.triplea.ui.menubar.GameMenu.<init>(GameMenu.java:63)
	at games.strategy.triplea.ui.menubar.TripleAMenuBar.<init>(TripleAMenuBar.java:24)
	at games.strategy.triplea.ui.TripleAFrame.lambda$new$1(TripleAFrame.java:307)
	at java.desktop/java.awt.event.InvocationEvent.dispatch(InvocationEvent.java:318)
	at java.desktop/java.awt.EventQueue.dispatchEventImpl(EventQueue.java:773)
	at java.desktop/java.awt.EventQueue$4.run(EventQueue.java:720)
	at java.desktop/java.awt.EventQueue$4.run(EventQueue.java:714)
	at java.base/java.security.AccessController.doPrivileged(AccessController.java:399)
	at java.base/java.security.ProtectionDomain$JavaSecurityAccessImpl.doIntersectionPrivilege(ProtectionDomain.java:86)
	at java.desktop/java.awt.EventQueue.dispatchEvent(EventQueue.java:742)
	at java.desktop/java.awt.EventDispatchThread.pumpOneEventForFilters(EventDispatchThread.java:203)
	at java.desktop/java.awt.EventDispatchThread.pumpEventsForFilter(EventDispatchThread.java:124)
	at java.desktop/java.awt.EventDispatchThread.pumpEventsForHierarchy(EventDispatchThread.java:113)
	at java.desktop/java.awt.EventDispatchThread.pumpEvents(EventDispatchThread.java:109)
	at java.desktop/java.awt.EventDispatchThread.pumpEvents(EventDispatchThread.java:101)
	at java.desktop/java.awt.EventDispatchThread.run(EventDispatchThread.java:90)
8591 21:04:02.096 [AWT-EventQueue-0] INFO  org.triplea.sound.ClipPlayer - Unable to create audio device, is there audio on the system? Cannot create AudioDevice
javazoom.jl.decoder.JavaLayerException: Cannot create AudioDevice
	at javazoom.jl.player.FactoryRegistry.createAudioDevice(FactoryRegistry.java:97)
	at org.triplea.sound.ClipPlayer.hasAudio(ClipPlayer.java:144)
	at org.triplea.sound.SoundOptions.buildSoundOptionsMenuItem(SoundOptions.java:22)
	at games.strategy.triplea.ui.menubar.GameMenu.<init>(GameMenu.java:64)
	at games.strategy.triplea.ui.menubar.TripleAMenuBar.<init>(TripleAMenuBar.java:24)
	at games.strategy.triplea.ui.TripleAFrame.lambda$new$1(TripleAFrame.java:307)
	at java.desktop/java.awt.event.InvocationEvent.dispatch(InvocationEvent.java:318)
	at java.desktop/java.awt.EventQueue.dispatchEventImpl(EventQueue.java:773)
	at java.desktop/java.awt.EventQueue$4.run(EventQueue.java:720)
	at java.desktop/java.awt.EventQueue$4.run(EventQueue.java:714)
	at java.base/java.security.AccessController.doPrivileged(AccessController.java:399)
	at java.base/java.security.ProtectionDomain$JavaSecurityAccessImpl.doIntersectionPrivilege(ProtectionDomain.java:86)
	at java.desktop/java.awt.EventQueue.dispatchEvent(EventQueue.java:742)
	at java.desktop/java.awt.EventDispatchThread.pumpOneEventForFilters(EventDispatchThread.java:203)
	at java.desktop/java.awt.EventDispatchThread.pumpEventsForFilter(EventDispatchThread.java:124)
	at java.desktop/java.awt.EventDispatchThread.pumpEventsForHierarchy(EventDispatchThread.java:113)
	at java.desktop/java.awt.EventDispatchThread.pumpEvents(EventDispatchThread.java:109)
	at java.desktop/java.awt.EventDispatchThread.pumpEvents(EventDispatchThread.java:101)
	at java.desktop/java.awt.EventDispatchThread.run(EventDispatchThread.java:90)
511  21:38:09.147 [main] INFO  o.t.game.client.HeadedGameRunner - Launching game, version: 2.7+00000 
808  21:38:09.444 [Thread-5] DEBUG g.s.e.data.gameparser.GameParser - Parsing game XML: /storage/home/hcoda1/6/snayak89/triplea/downloadedMaps/capture_the_flag/map/games/capture_the_flag.xml
1815 21:38:10.451 [Thread-6] INFO  org.triplea.sound.ClipPlayer - Unable to create audio device, is there audio on the system? Cannot create AudioDevice
javazoom.jl.decoder.JavaLayerException: Cannot create AudioDevice
	at javazoom.jl.player.FactoryRegistry.createAudioDevice(FactoryRegistry.java:97)
	at org.triplea.sound.ClipPlayer.hasAudio(ClipPlayer.java:144)
	at org.triplea.sound.ClipPlayer.isSoundEnabled(ClipPlayer.java:251)
	at org.triplea.sound.ClipPlayer.play(ClipPlayer.java:220)
	at org.triplea.sound.ClipPlayer.play(ClipPlayer.java:209)
	at games.strategy.engine.framework.startup.mc.HeadedLaunchAction.startGame(HeadedLaunchAction.java:100)
	at games.strategy.triplea.TripleA.startGame(TripleA.java:62)
	at games.strategy.engine.framework.startup.launcher.LocalLauncher.loadGame(LocalLauncher.java:78)
	at games.strategy.engine.framework.startup.launcher.LocalLauncher.launch(LocalLauncher.java:59)
	at games.strategy.engine.framework.startup.ui.panels.main.MainPanelBuilder.lambda$launch$3(MainPanelBuilder.java:65)
	at java.base/java.lang.Thread.run(Thread.java:840)
1876 21:38:10.512 [AWT-EventQueue-0] INFO  org.triplea.sound.ClipPlayer - Unable to create audio device, is there audio on the system? Cannot create AudioDevice
javazoom.jl.decoder.JavaLayerException: Cannot create AudioDevice
	at javazoom.jl.player.FactoryRegistry.createAudioDevice(FactoryRegistry.java:97)
	at org.triplea.sound.ClipPlayer.hasAudio(ClipPlayer.java:144)
	at org.triplea.sound.SoundOptions.buildGlobalSoundSwitchMenuItem(SoundOptions.java:76)
	at games.strategy.triplea.ui.menubar.GameMenu.<init>(GameMenu.java:63)
	at games.strategy.triplea.ui.menubar.TripleAMenuBar.<init>(TripleAMenuBar.java:24)
	at games.strategy.triplea.ui.TripleAFrame.lambda$new$1(TripleAFrame.java:307)
	at java.desktop/java.awt.event.InvocationEvent.dispatch(InvocationEvent.java:318)
	at java.desktop/java.awt.EventQueue.dispatchEventImpl(EventQueue.java:773)
	at java.desktop/java.awt.EventQueue$4.run(EventQueue.java:720)
	at java.desktop/java.awt.EventQueue$4.run(EventQueue.java:714)
	at java.base/java.security.AccessController.doPrivileged(AccessController.java:399)
	at java.base/java.security.ProtectionDomain$JavaSecurityAccessImpl.doIntersectionPrivilege(ProtectionDomain.java:86)
	at java.desktop/java.awt.EventQueue.dispatchEvent(EventQueue.java:742)
	at java.desktop/java.awt.EventDispatchThread.pumpOneEventForFilters(EventDispatchThread.java:203)
	at java.desktop/java.awt.EventDispatchThread.pumpEventsForFilter(EventDispatchThread.java:124)
	at java.desktop/java.awt.EventDispatchThread.pumpEventsForHierarchy(EventDispatchThread.java:113)
	at java.desktop/java.awt.EventDispatchThread.pumpEvents(EventDispatchThread.java:109)
	at java.desktop/java.awt.EventDispatchThread.pumpEvents(EventDispatchThread.java:101)
	at java.desktop/java.awt.EventDispatchThread.run(EventDispatchThread.java:90)
1907 21:38:10.543 [AWT-EventQueue-0] INFO  org.triplea.sound.ClipPlayer - Unable to create audio device, is there audio on the system? Cannot create AudioDevice
javazoom.jl.decoder.JavaLayerException: Cannot create AudioDevice
	at javazoom.jl.player.FactoryRegistry.createAudioDevice(FactoryRegistry.java:97)
	at org.triplea.sound.ClipPlayer.hasAudio(ClipPlayer.java:144)
	at org.triplea.sound.SoundOptions.buildSoundOptionsMenuItem(SoundOptions.java:22)
	at games.strategy.triplea.ui.menubar.GameMenu.<init>(GameMenu.java:64)
	at games.strategy.triplea.ui.menubar.TripleAMenuBar.<init>(TripleAMenuBar.java:24)
	at games.strategy.triplea.ui.TripleAFrame.lambda$new$1(TripleAFrame.java:307)
	at java.desktop/java.awt.event.InvocationEvent.dispatch(InvocationEvent.java:318)
	at java.desktop/java.awt.EventQueue.dispatchEventImpl(EventQueue.java:773)
	at java.desktop/java.awt.EventQueue$4.run(EventQueue.java:720)
	at java.desktop/java.awt.EventQueue$4.run(EventQueue.java:714)
	at java.base/java.security.AccessController.doPrivileged(AccessController.java:399)
	at java.base/java.security.ProtectionDomain$JavaSecurityAccessImpl.doIntersectionPrivilege(ProtectionDomain.java:86)
	at java.desktop/java.awt.EventQueue.dispatchEvent(EventQueue.java:742)
	at java.desktop/java.awt.EventDispatchThread.pumpOneEventForFilters(EventDispatchThread.java:203)
	at java.desktop/java.awt.EventDispatchThread.pumpEventsForFilter(EventDispatchThread.java:124)
	at java.desktop/java.awt.EventDispatchThread.pumpEventsForHierarchy(EventDispatchThread.java:113)
	at java.desktop/java.awt.EventDispatchThread.pumpEvents(EventDispatchThread.java:109)
	at java.desktop/java.awt.EventDispatchThread.pumpEvents(EventDispatchThread.java:101)
	at java.desktop/java.awt.EventDispatchThread.run(EventDispatchThread.java:90)
1147687 21:57:16.323 [Thread-2375] DEBUG g.s.e.data.gameparser.GameParser - Parsing game XML: /storage/home/hcoda1/6/snayak89/triplea/downloadedMaps/capture_the_flag/map/games/capture_the_flag.xml
1147979 21:57:16.615 [Thread-2376] INFO  org.triplea.sound.ClipPlayer - Unable to create audio device, is there audio on the system? Cannot create AudioDevice
javazoom.jl.decoder.JavaLayerException: Cannot create AudioDevice
	at javazoom.jl.player.FactoryRegistry.createAudioDevice(FactoryRegistry.java:97)
	at org.triplea.sound.ClipPlayer.hasAudio(ClipPlayer.java:144)
	at org.triplea.sound.ClipPlayer.isSoundEnabled(ClipPlayer.java:251)
	at org.triplea.sound.ClipPlayer.play(ClipPlayer.java:220)
	at org.triplea.sound.ClipPlayer.play(ClipPlayer.java:209)
	at games.strategy.engine.framework.startup.mc.HeadedLaunchAction.startGame(HeadedLaunchAction.java:100)
	at games.strategy.triplea.TripleA.startGame(TripleA.java:62)
	at games.strategy.engine.framework.startup.launcher.LocalLauncher.loadGame(LocalLauncher.java:78)
	at games.strategy.engine.framework.startup.launcher.LocalLauncher.launch(LocalLauncher.java:59)
	at games.strategy.engine.framework.startup.ui.panels.main.MainPanelBuilder.lambda$launch$3(MainPanelBuilder.java:65)
	at java.base/java.lang.Thread.run(Thread.java:840)
1148015 21:57:16.651 [AWT-EventQueue-0] INFO  org.triplea.sound.ClipPlayer - Unable to create audio device, is there audio on the system? Cannot create AudioDevice
javazoom.jl.decoder.JavaLayerException: Cannot create AudioDevice
	at javazoom.jl.player.FactoryRegistry.createAudioDevice(FactoryRegistry.java:97)
	at org.triplea.sound.ClipPlayer.hasAudio(ClipPlayer.java:144)
	at org.triplea.sound.SoundOptions.buildGlobalSoundSwitchMenuItem(SoundOptions.java:76)
	at games.strategy.triplea.ui.menubar.GameMenu.<init>(GameMenu.java:63)
	at games.strategy.triplea.ui.menubar.TripleAMenuBar.<init>(TripleAMenuBar.java:24)
	at games.strategy.triplea.ui.TripleAFrame.lambda$new$1(TripleAFrame.java:307)
	at java.desktop/java.awt.event.InvocationEvent.dispatch(InvocationEvent.java:318)
	at java.desktop/java.awt.EventQueue.dispatchEventImpl(EventQueue.java:773)
	at java.desktop/java.awt.EventQueue$4.run(EventQueue.java:720)
	at java.desktop/java.awt.EventQueue$4.run(EventQueue.java:714)
	at java.base/java.security.AccessController.doPrivileged(AccessController.java:399)
	at java.base/java.security.ProtectionDomain$JavaSecurityAccessImpl.doIntersectionPrivilege(ProtectionDomain.java:86)
	at java.desktop/java.awt.EventQueue.dispatchEvent(EventQueue.java:742)
	at java.desktop/java.awt.EventDispatchThread.pumpOneEventForFilters(EventDispatchThread.java:203)
	at java.desktop/java.awt.EventDispatchThread.pumpEventsForFilter(EventDispatchThread.java:124)
	at java.desktop/java.awt.EventDispatchThread.pumpEventsForHierarchy(EventDispatchThread.java:113)
	at java.desktop/java.awt.EventDispatchThread.pumpEvents(EventDispatchThread.java:109)
	at java.desktop/java.awt.EventDispatchThread.pumpEvents(EventDispatchThread.java:101)
	at java.desktop/java.awt.EventDispatchThread.run(EventDispatchThread.java:90)
1148049 21:57:16.685 [AWT-EventQueue-0] INFO  org.triplea.sound.ClipPlayer - Unable to create audio device, is there audio on the system? Cannot create AudioDevice
javazoom.jl.decoder.JavaLayerException: Cannot create AudioDevice
	at javazoom.jl.player.FactoryRegistry.createAudioDevice(FactoryRegistry.java:97)
	at org.triplea.sound.ClipPlayer.hasAudio(ClipPlayer.java:144)
	at org.triplea.sound.SoundOptions.buildSoundOptionsMenuItem(SoundOptions.java:22)
	at games.strategy.triplea.ui.menubar.GameMenu.<init>(GameMenu.java:64)
	at games.strategy.triplea.ui.menubar.TripleAMenuBar.<init>(TripleAMenuBar.java:24)
	at games.strategy.triplea.ui.TripleAFrame.lambda$new$1(TripleAFrame.java:307)
	at java.desktop/java.awt.event.InvocationEvent.dispatch(InvocationEvent.java:318)
	at java.desktop/java.awt.EventQueue.dispatchEventImpl(EventQueue.java:773)
	at java.desktop/java.awt.EventQueue$4.run(EventQueue.java:720)
	at java.desktop/java.awt.EventQueue$4.run(EventQueue.java:714)
	at java.base/java.security.AccessController.doPrivileged(AccessController.java:399)
	at java.base/java.security.ProtectionDomain$JavaSecurityAccessImpl.doIntersectionPrivilege(ProtectionDomain.java:86)
	at java.desktop/java.awt.EventQueue.dispatchEvent(EventQueue.java:742)
	at java.desktop/java.awt.EventDispatchThread.pumpOneEventForFilters(EventDispatchThread.java:203)
	at java.desktop/java.awt.EventDispatchThread.pumpEventsForFilter(EventDispatchThread.java:124)
	at java.desktop/java.awt.EventDispatchThread.pumpEventsForHierarchy(EventDispatchThread.java:113)
	at java.desktop/java.awt.EventDispatchThread.pumpEvents(EventDispatchThread.java:109)
	at java.desktop/java.awt.EventDispatchThread.pumpEvents(EventDispatchThread.java:101)
	at java.desktop/java.awt.EventDispatchThread.run(EventDispatchThread.java:90)
533  21:57:46.953 [main] INFO  o.t.game.client.HeadedGameRunner - Launching game, version: 2.7+00000 
813  21:57:47.233 [Thread-5] DEBUG g.s.e.data.gameparser.GameParser - Parsing game XML: /storage/home/hcoda1/6/snayak89/triplea/downloadedMaps/capture_the_flag/map/games/capture_the_flag.xml
1824 21:57:48.244 [Thread-6] INFO  org.triplea.sound.ClipPlayer - Unable to create audio device, is there audio on the system? Cannot create AudioDevice
javazoom.jl.decoder.JavaLayerException: Cannot create AudioDevice
	at javazoom.jl.player.FactoryRegistry.createAudioDevice(FactoryRegistry.java:97)
	at org.triplea.sound.ClipPlayer.hasAudio(ClipPlayer.java:144)
	at org.triplea.sound.ClipPlayer.isSoundEnabled(ClipPlayer.java:251)
	at org.triplea.sound.ClipPlayer.play(ClipPlayer.java:220)
	at org.triplea.sound.ClipPlayer.play(ClipPlayer.java:209)
	at games.strategy.engine.framework.startup.mc.HeadedLaunchAction.startGame(HeadedLaunchAction.java:100)
	at games.strategy.triplea.TripleA.startGame(TripleA.java:62)
	at games.strategy.engine.framework.startup.launcher.LocalLauncher.loadGame(LocalLauncher.java:78)
	at games.strategy.engine.framework.startup.launcher.LocalLauncher.launch(LocalLauncher.java:59)
	at games.strategy.engine.framework.startup.ui.panels.main.MainPanelBuilder.lambda$launch$3(MainPanelBuilder.java:65)
	at java.base/java.lang.Thread.run(Thread.java:840)
1858 21:57:48.278 [AWT-EventQueue-0] INFO  org.triplea.sound.ClipPlayer - Unable to create audio device, is there audio on the system? Cannot create AudioDevice
javazoom.jl.decoder.JavaLayerException: Cannot create AudioDevice
	at javazoom.jl.player.FactoryRegistry.createAudioDevice(FactoryRegistry.java:97)
	at org.triplea.sound.ClipPlayer.hasAudio(ClipPlayer.java:144)
	at org.triplea.sound.SoundOptions.buildGlobalSoundSwitchMenuItem(SoundOptions.java:76)
	at games.strategy.triplea.ui.menubar.GameMenu.<init>(GameMenu.java:63)
	at games.strategy.triplea.ui.menubar.TripleAMenuBar.<init>(TripleAMenuBar.java:24)
	at games.strategy.triplea.ui.TripleAFrame.lambda$new$1(TripleAFrame.java:307)
	at java.desktop/java.awt.event.InvocationEvent.dispatch(InvocationEvent.java:318)
	at java.desktop/java.awt.EventQueue.dispatchEventImpl(EventQueue.java:773)
	at java.desktop/java.awt.EventQueue$4.run(EventQueue.java:720)
	at java.desktop/java.awt.EventQueue$4.run(EventQueue.java:714)
	at java.base/java.security.AccessController.doPrivileged(AccessController.java:399)
	at java.base/java.security.ProtectionDomain$JavaSecurityAccessImpl.doIntersectionPrivilege(ProtectionDomain.java:86)
	at java.desktop/java.awt.EventQueue.dispatchEvent(EventQueue.java:742)
	at java.desktop/java.awt.EventDispatchThread.pumpOneEventForFilters(EventDispatchThread.java:203)
	at java.desktop/java.awt.EventDispatchThread.pumpEventsForFilter(EventDispatchThread.java:124)
	at java.desktop/java.awt.EventDispatchThread.pumpEventsForHierarchy(EventDispatchThread.java:113)
	at java.desktop/java.awt.EventDispatchThread.pumpEvents(EventDispatchThread.java:109)
	at java.desktop/java.awt.EventDispatchThread.pumpEvents(EventDispatchThread.java:101)
	at java.desktop/java.awt.EventDispatchThread.run(EventDispatchThread.java:90)
1894 21:57:48.314 [AWT-EventQueue-0] INFO  org.triplea.sound.ClipPlayer - Unable to create audio device, is there audio on the system? Cannot create AudioDevice
javazoom.jl.decoder.JavaLayerException: Cannot create AudioDevice
	at javazoom.jl.player.FactoryRegistry.createAudioDevice(FactoryRegistry.java:97)
	at org.triplea.sound.ClipPlayer.hasAudio(ClipPlayer.java:144)
	at org.triplea.sound.SoundOptions.buildSoundOptionsMenuItem(SoundOptions.java:22)
	at games.strategy.triplea.ui.menubar.GameMenu.<init>(GameMenu.java:64)
	at games.strategy.triplea.ui.menubar.TripleAMenuBar.<init>(TripleAMenuBar.java:24)
	at games.strategy.triplea.ui.TripleAFrame.lambda$new$1(TripleAFrame.java:307)
	at java.desktop/java.awt.event.InvocationEvent.dispatch(InvocationEvent.java:318)
	at java.desktop/java.awt.EventQueue.dispatchEventImpl(EventQueue.java:773)
	at java.desktop/java.awt.EventQueue$4.run(EventQueue.java:720)
	at java.desktop/java.awt.EventQueue$4.run(EventQueue.java:714)
	at java.base/java.security.AccessController.doPrivileged(AccessController.java:399)
	at java.base/java.security.ProtectionDomain$JavaSecurityAccessImpl.doIntersectionPrivilege(ProtectionDomain.java:86)
	at java.desktop/java.awt.EventQueue.dispatchEvent(EventQueue.java:742)
	at java.desktop/java.awt.EventDispatchThread.pumpOneEventForFilters(EventDispatchThread.java:203)
	at java.desktop/java.awt.EventDispatchThread.pumpEventsForFilter(EventDispatchThread.java:124)
	at java.desktop/java.awt.EventDispatchThread.pumpEventsForHierarchy(EventDispatchThread.java:113)
	at java.desktop/java.awt.EventDispatchThread.pumpEvents(EventDispatchThread.java:109)
	at java.desktop/java.awt.EventDispatchThread.pumpEvents(EventDispatchThread.java:101)
	at java.desktop/java.awt.EventDispatchThread.run(EventDispatchThread.java:90)
