929  22:50:33.621 [main] INFO  o.t.game.client.HeadedGameRunner - Launching game, version: 2.7+00000 
1603 22:50:34.295 [Thread-5] DEBUG g.s.e.data.gameparser.GameParser - Parsing game XML: /storage/home/hcoda1/6/snayak89/triplea/downloadedMaps/capture_the_flag/map/games/capture_the_flag.xml
4181 22:50:36.873 [Thread-6] INFO  org.triplea.sound.ClipPlayer - Unable to create audio device, is there audio on the system? Cannot create AudioDevice
javazoom.jl.decoder.JavaLayerException: Cannot create AudioDevice
	at javazoom.jl.player.FactoryRegistry.createAudioDevice(FactoryRegistry.java:97)
	at org.triplea.sound.ClipPlayer.hasAudio(ClipPlayer.java:144)
	at org.triplea.sound.ClipPlayer.isSoundEnabled(ClipPlayer.java:251)
	at org.triplea.sound.ClipPlayer.play(ClipPlayer.java:220)
	at org.triplea.sound.ClipPlayer.play(ClipPlayer.java:209)
	at games.strategy.engine.framework.startup.mc.HeadedLaunchAction.startGame(HeadedLaunchAction.java:100)
	at games.strategy.triplea.TripleA.startGame(TripleA.java:62)
	at games.strategy.engine.framework.startup.launcher.LocalLauncher.loadGame(LocalLauncher.java:78)
	at games.strategy.engine.framework.startup.launcher.LocalLauncher.launch(LocalLauncher.java:59)
	at games.strategy.engine.framework.startup.ui.panels.main.MainPanelBuilder.lambda$launch$3(MainPanelBuilder.java:65)
	at java.base/java.lang.Thread.run(Thread.java:840)
4415 22:50:37.107 [AWT-EventQueue-0] INFO  org.triplea.sound.ClipPlayer - Unable to create audio device, is there audio on the system? Cannot create AudioDevice
javazoom.jl.decoder.JavaLayerException: Cannot create AudioDevice
	at javazoom.jl.player.FactoryRegistry.createAudioDevice(FactoryRegistry.java:97)
	at org.triplea.sound.ClipPlayer.hasAudio(ClipPlayer.java:144)
	at org.triplea.sound.SoundOptions.buildGlobalSoundSwitchMenuItem(SoundOptions.java:76)
	at games.strategy.triplea.ui.menubar.GameMenu.<init>(GameMenu.java:63)
	at games.strategy.triplea.ui.menubar.TripleAMenuBar.<init>(TripleAMenuBar.java:24)
	at games.strategy.triplea.ui.TripleAFrame.lambda$new$1(TripleAFrame.java:307)
	at java.desktop/java.awt.event.InvocationEvent.dispatch(InvocationEvent.java:318)
	at java.desktop/java.awt.EventQueue.dispatchEventImpl(EventQueue.java:773)
	at java.desktop/java.awt.EventQueue$4.run(EventQueue.java:720)
	at java.desktop/java.awt.EventQueue$4.run(EventQueue.java:714)
	at java.base/java.security.AccessController.doPrivileged(AccessController.java:399)
	at java.base/java.security.ProtectionDomain$JavaSecurityAccessImpl.doIntersectionPrivilege(ProtectionDomain.java:86)
	at java.desktop/java.awt.EventQueue.dispatchEvent(EventQueue.java:742)
	at java.desktop/java.awt.EventDispatchThread.pumpOneEventForFilters(EventDispatchThread.java:203)
	at java.desktop/java.awt.EventDispatchThread.pumpEventsForFilter(EventDispatchThread.java:124)
	at java.desktop/java.awt.EventDispatchThread.pumpEventsForHierarchy(EventDispatchThread.java:113)
	at java.desktop/java.awt.EventDispatchThread.pumpEvents(EventDispatchThread.java:109)
	at java.desktop/java.awt.EventDispatchThread.pumpEvents(EventDispatchThread.java:101)
	at java.desktop/java.awt.EventDispatchThread.run(EventDispatchThread.java:90)
4450 22:50:37.142 [AWT-EventQueue-0] INFO  org.triplea.sound.ClipPlayer - Unable to create audio device, is there audio on the system? Cannot create AudioDevice
javazoom.jl.decoder.JavaLayerException: Cannot create AudioDevice
	at javazoom.jl.player.FactoryRegistry.createAudioDevice(FactoryRegistry.java:97)
	at org.triplea.sound.ClipPlayer.hasAudio(ClipPlayer.java:144)
	at org.triplea.sound.SoundOptions.buildSoundOptionsMenuItem(SoundOptions.java:22)
	at games.strategy.triplea.ui.menubar.GameMenu.<init>(GameMenu.java:64)
	at games.strategy.triplea.ui.menubar.TripleAMenuBar.<init>(TripleAMenuBar.java:24)
	at games.strategy.triplea.ui.TripleAFrame.lambda$new$1(TripleAFrame.java:307)
	at java.desktop/java.awt.event.InvocationEvent.dispatch(InvocationEvent.java:318)
	at java.desktop/java.awt.EventQueue.dispatchEventImpl(EventQueue.java:773)
	at java.desktop/java.awt.EventQueue$4.run(EventQueue.java:720)
	at java.desktop/java.awt.EventQueue$4.run(EventQueue.java:714)
	at java.base/java.security.AccessController.doPrivileged(AccessController.java:399)
	at java.base/java.security.ProtectionDomain$JavaSecurityAccessImpl.doIntersectionPrivilege(ProtectionDomain.java:86)
	at java.desktop/java.awt.EventQueue.dispatchEvent(EventQueue.java:742)
	at java.desktop/java.awt.EventDispatchThread.pumpOneEventForFilters(EventDispatchThread.java:203)
	at java.desktop/java.awt.EventDispatchThread.pumpEventsForFilter(EventDispatchThread.java:124)
	at java.desktop/java.awt.EventDispatchThread.pumpEventsForHierarchy(EventDispatchThread.java:113)
	at java.desktop/java.awt.EventDispatchThread.pumpEvents(EventDispatchThread.java:109)
	at java.desktop/java.awt.EventDispatchThread.pumpEvents(EventDispatchThread.java:101)
	at java.desktop/java.awt.EventDispatchThread.run(EventDispatchThread.java:90)
530  23:13:23.372 [main] INFO  o.t.game.client.HeadedGameRunner - Launching game, version: 2.7+00000 
791  23:13:23.633 [Thread-5] DEBUG g.s.e.data.gameparser.GameParser - Parsing game XML: /storage/home/hcoda1/6/snayak89/triplea/downloadedMaps/capture_the_flag/map/games/capture_the_flag.xml
1792 23:13:24.634 [Thread-6] INFO  org.triplea.sound.ClipPlayer - Unable to create audio device, is there audio on the system? Cannot create AudioDevice
javazoom.jl.decoder.JavaLayerException: Cannot create AudioDevice
	at javazoom.jl.player.FactoryRegistry.createAudioDevice(FactoryRegistry.java:97)
	at org.triplea.sound.ClipPlayer.hasAudio(ClipPlayer.java:144)
	at org.triplea.sound.ClipPlayer.isSoundEnabled(ClipPlayer.java:251)
	at org.triplea.sound.ClipPlayer.play(ClipPlayer.java:220)
	at org.triplea.sound.ClipPlayer.play(ClipPlayer.java:209)
	at games.strategy.engine.framework.startup.mc.HeadedLaunchAction.startGame(HeadedLaunchAction.java:100)
	at games.strategy.triplea.TripleA.startGame(TripleA.java:62)
	at games.strategy.engine.framework.startup.launcher.LocalLauncher.loadGame(LocalLauncher.java:78)
	at games.strategy.engine.framework.startup.launcher.LocalLauncher.launch(LocalLauncher.java:59)
	at games.strategy.engine.framework.startup.ui.panels.main.MainPanelBuilder.lambda$launch$3(MainPanelBuilder.java:65)
	at java.base/java.lang.Thread.run(Thread.java:840)
1864 23:13:24.706 [AWT-EventQueue-0] INFO  org.triplea.sound.ClipPlayer - Unable to create audio device, is there audio on the system? Cannot create AudioDevice
javazoom.jl.decoder.JavaLayerException: Cannot create AudioDevice
	at javazoom.jl.player.FactoryRegistry.createAudioDevice(FactoryRegistry.java:97)
	at org.triplea.sound.ClipPlayer.hasAudio(ClipPlayer.java:144)
	at org.triplea.sound.SoundOptions.buildGlobalSoundSwitchMenuItem(SoundOptions.java:76)
	at games.strategy.triplea.ui.menubar.GameMenu.<init>(GameMenu.java:63)
	at games.strategy.triplea.ui.menubar.TripleAMenuBar.<init>(TripleAMenuBar.java:24)
	at games.strategy.triplea.ui.TripleAFrame.lambda$new$1(TripleAFrame.java:307)
	at java.desktop/java.awt.event.InvocationEvent.dispatch(InvocationEvent.java:318)
	at java.desktop/java.awt.EventQueue.dispatchEventImpl(EventQueue.java:773)
	at java.desktop/java.awt.EventQueue$4.run(EventQueue.java:720)
	at java.desktop/java.awt.EventQueue$4.run(EventQueue.java:714)
	at java.base/java.security.AccessController.doPrivileged(AccessController.java:399)
	at java.base/java.security.ProtectionDomain$JavaSecurityAccessImpl.doIntersectionPrivilege(ProtectionDomain.java:86)
	at java.desktop/java.awt.EventQueue.dispatchEvent(EventQueue.java:742)
	at java.desktop/java.awt.EventDispatchThread.pumpOneEventForFilters(EventDispatchThread.java:203)
	at java.desktop/java.awt.EventDispatchThread.pumpEventsForFilter(EventDispatchThread.java:124)
	at java.desktop/java.awt.EventDispatchThread.pumpEventsForHierarchy(EventDispatchThread.java:113)
	at java.desktop/java.awt.EventDispatchThread.pumpEvents(EventDispatchThread.java:109)
	at java.desktop/java.awt.EventDispatchThread.pumpEvents(EventDispatchThread.java:101)
	at java.desktop/java.awt.EventDispatchThread.run(EventDispatchThread.java:90)
1895 23:13:24.737 [AWT-EventQueue-0] INFO  org.triplea.sound.ClipPlayer - Unable to create audio device, is there audio on the system? Cannot create AudioDevice
javazoom.jl.decoder.JavaLayerException: Cannot create AudioDevice
	at javazoom.jl.player.FactoryRegistry.createAudioDevice(FactoryRegistry.java:97)
	at org.triplea.sound.ClipPlayer.hasAudio(ClipPlayer.java:144)
	at org.triplea.sound.SoundOptions.buildSoundOptionsMenuItem(SoundOptions.java:22)
	at games.strategy.triplea.ui.menubar.GameMenu.<init>(GameMenu.java:64)
	at games.strategy.triplea.ui.menubar.TripleAMenuBar.<init>(TripleAMenuBar.java:24)
	at games.strategy.triplea.ui.TripleAFrame.lambda$new$1(TripleAFrame.java:307)
	at java.desktop/java.awt.event.InvocationEvent.dispatch(InvocationEvent.java:318)
	at java.desktop/java.awt.EventQueue.dispatchEventImpl(EventQueue.java:773)
	at java.desktop/java.awt.EventQueue$4.run(EventQueue.java:720)
	at java.desktop/java.awt.EventQueue$4.run(EventQueue.java:714)
	at java.base/java.security.AccessController.doPrivileged(AccessController.java:399)
	at java.base/java.security.ProtectionDomain$JavaSecurityAccessImpl.doIntersectionPrivilege(ProtectionDomain.java:86)
	at java.desktop/java.awt.EventQueue.dispatchEvent(EventQueue.java:742)
	at java.desktop/java.awt.EventDispatchThread.pumpOneEventForFilters(EventDispatchThread.java:203)
	at java.desktop/java.awt.EventDispatchThread.pumpEventsForFilter(EventDispatchThread.java:124)
	at java.desktop/java.awt.EventDispatchThread.pumpEventsForHierarchy(EventDispatchThread.java:113)
	at java.desktop/java.awt.EventDispatchThread.pumpEvents(EventDispatchThread.java:109)
	at java.desktop/java.awt.EventDispatchThread.pumpEvents(EventDispatchThread.java:101)
	at java.desktop/java.awt.EventDispatchThread.run(EventDispatchThread.java:90)
541  23:36:57.403 [main] INFO  o.t.game.client.HeadedGameRunner - Launching game, version: 2.7+00000 
817  23:36:57.679 [Thread-5] DEBUG g.s.e.data.gameparser.GameParser - Parsing game XML: /storage/home/hcoda1/6/snayak89/triplea/downloadedMaps/capture_the_flag/map/games/capture_the_flag.xml
1928 23:36:58.790 [Thread-6] INFO  org.triplea.sound.ClipPlayer - Unable to create audio device, is there audio on the system? Cannot create AudioDevice
javazoom.jl.decoder.JavaLayerException: Cannot create AudioDevice
	at javazoom.jl.player.FactoryRegistry.createAudioDevice(FactoryRegistry.java:97)
	at org.triplea.sound.ClipPlayer.hasAudio(ClipPlayer.java:144)
	at org.triplea.sound.ClipPlayer.isSoundEnabled(ClipPlayer.java:251)
	at org.triplea.sound.ClipPlayer.play(ClipPlayer.java:220)
	at org.triplea.sound.ClipPlayer.play(ClipPlayer.java:209)
	at games.strategy.engine.framework.startup.mc.HeadedLaunchAction.startGame(HeadedLaunchAction.java:100)
	at games.strategy.triplea.TripleA.startGame(TripleA.java:62)
	at games.strategy.engine.framework.startup.launcher.LocalLauncher.loadGame(LocalLauncher.java:78)
	at games.strategy.engine.framework.startup.launcher.LocalLauncher.launch(LocalLauncher.java:59)
	at games.strategy.engine.framework.startup.ui.panels.main.MainPanelBuilder.lambda$launch$3(MainPanelBuilder.java:65)
	at java.base/java.lang.Thread.run(Thread.java:840)
1991 23:36:58.853 [AWT-EventQueue-0] INFO  org.triplea.sound.ClipPlayer - Unable to create audio device, is there audio on the system? Cannot create AudioDevice
javazoom.jl.decoder.JavaLayerException: Cannot create AudioDevice
	at javazoom.jl.player.FactoryRegistry.createAudioDevice(FactoryRegistry.java:97)
	at org.triplea.sound.ClipPlayer.hasAudio(ClipPlayer.java:144)
	at org.triplea.sound.SoundOptions.buildGlobalSoundSwitchMenuItem(SoundOptions.java:76)
	at games.strategy.triplea.ui.menubar.GameMenu.<init>(GameMenu.java:63)
	at games.strategy.triplea.ui.menubar.TripleAMenuBar.<init>(TripleAMenuBar.java:24)
	at games.strategy.triplea.ui.TripleAFrame.lambda$new$1(TripleAFrame.java:307)
	at java.desktop/java.awt.event.InvocationEvent.dispatch(InvocationEvent.java:318)
	at java.desktop/java.awt.EventQueue.dispatchEventImpl(EventQueue.java:773)
	at java.desktop/java.awt.EventQueue$4.run(EventQueue.java:720)
	at java.desktop/java.awt.EventQueue$4.run(EventQueue.java:714)
	at java.base/java.security.AccessController.doPrivileged(AccessController.java:399)
	at java.base/java.security.ProtectionDomain$JavaSecurityAccessImpl.doIntersectionPrivilege(ProtectionDomain.java:86)
	at java.desktop/java.awt.EventQueue.dispatchEvent(EventQueue.java:742)
	at java.desktop/java.awt.EventDispatchThread.pumpOneEventForFilters(EventDispatchThread.java:203)
	at java.desktop/java.awt.EventDispatchThread.pumpEventsForFilter(EventDispatchThread.java:124)
	at java.desktop/java.awt.EventDispatchThread.pumpEventsForHierarchy(EventDispatchThread.java:113)
	at java.desktop/java.awt.EventDispatchThread.pumpEvents(EventDispatchThread.java:109)
	at java.desktop/java.awt.EventDispatchThread.pumpEvents(EventDispatchThread.java:101)
	at java.desktop/java.awt.EventDispatchThread.run(EventDispatchThread.java:90)
2023 23:36:58.885 [AWT-EventQueue-0] INFO  org.triplea.sound.ClipPlayer - Unable to create audio device, is there audio on the system? Cannot create AudioDevice
javazoom.jl.decoder.JavaLayerException: Cannot create AudioDevice
	at javazoom.jl.player.FactoryRegistry.createAudioDevice(FactoryRegistry.java:97)
	at org.triplea.sound.ClipPlayer.hasAudio(ClipPlayer.java:144)
	at org.triplea.sound.SoundOptions.buildSoundOptionsMenuItem(SoundOptions.java:22)
	at games.strategy.triplea.ui.menubar.GameMenu.<init>(GameMenu.java:64)
	at games.strategy.triplea.ui.menubar.TripleAMenuBar.<init>(TripleAMenuBar.java:24)
	at games.strategy.triplea.ui.TripleAFrame.lambda$new$1(TripleAFrame.java:307)
	at java.desktop/java.awt.event.InvocationEvent.dispatch(InvocationEvent.java:318)
	at java.desktop/java.awt.EventQueue.dispatchEventImpl(EventQueue.java:773)
	at java.desktop/java.awt.EventQueue$4.run(EventQueue.java:720)
	at java.desktop/java.awt.EventQueue$4.run(EventQueue.java:714)
	at java.base/java.security.AccessController.doPrivileged(AccessController.java:399)
	at java.base/java.security.ProtectionDomain$JavaSecurityAccessImpl.doIntersectionPrivilege(ProtectionDomain.java:86)
	at java.desktop/java.awt.EventQueue.dispatchEvent(EventQueue.java:742)
	at java.desktop/java.awt.EventDispatchThread.pumpOneEventForFilters(EventDispatchThread.java:203)
	at java.desktop/java.awt.EventDispatchThread.pumpEventsForFilter(EventDispatchThread.java:124)
	at java.desktop/java.awt.EventDispatchThread.pumpEventsForHierarchy(EventDispatchThread.java:113)
	at java.desktop/java.awt.EventDispatchThread.pumpEvents(EventDispatchThread.java:109)
	at java.desktop/java.awt.EventDispatchThread.pumpEvents(EventDispatchThread.java:101)
	at java.desktop/java.awt.EventDispatchThread.run(EventDispatchThread.java:90)
422168 23:43:59.030 [Thread-760] DEBUG g.s.e.data.gameparser.GameParser - Parsing game XML: /storage/home/hcoda1/6/snayak89/triplea/downloadedMaps/capture_the_flag/map/games/capture_the_flag.xml
422438 23:43:59.300 [Thread-761] INFO  org.triplea.sound.ClipPlayer - Unable to create audio device, is there audio on the system? Cannot create AudioDevice
javazoom.jl.decoder.JavaLayerException: Cannot create AudioDevice
	at javazoom.jl.player.FactoryRegistry.createAudioDevice(FactoryRegistry.java:97)
	at org.triplea.sound.ClipPlayer.hasAudio(ClipPlayer.java:144)
	at org.triplea.sound.ClipPlayer.isSoundEnabled(ClipPlayer.java:251)
	at org.triplea.sound.ClipPlayer.play(ClipPlayer.java:220)
	at org.triplea.sound.ClipPlayer.play(ClipPlayer.java:209)
	at games.strategy.engine.framework.startup.mc.HeadedLaunchAction.startGame(HeadedLaunchAction.java:100)
	at games.strategy.triplea.TripleA.startGame(TripleA.java:62)
	at games.strategy.engine.framework.startup.launcher.LocalLauncher.loadGame(LocalLauncher.java:78)
	at games.strategy.engine.framework.startup.launcher.LocalLauncher.launch(LocalLauncher.java:59)
	at games.strategy.engine.framework.startup.ui.panels.main.MainPanelBuilder.lambda$launch$3(MainPanelBuilder.java:65)
	at java.base/java.lang.Thread.run(Thread.java:840)
422473 23:43:59.335 [AWT-EventQueue-0] INFO  org.triplea.sound.ClipPlayer - Unable to create audio device, is there audio on the system? Cannot create AudioDevice
javazoom.jl.decoder.JavaLayerException: Cannot create AudioDevice
	at javazoom.jl.player.FactoryRegistry.createAudioDevice(FactoryRegistry.java:97)
	at org.triplea.sound.ClipPlayer.hasAudio(ClipPlayer.java:144)
	at org.triplea.sound.SoundOptions.buildGlobalSoundSwitchMenuItem(SoundOptions.java:76)
	at games.strategy.triplea.ui.menubar.GameMenu.<init>(GameMenu.java:63)
	at games.strategy.triplea.ui.menubar.TripleAMenuBar.<init>(TripleAMenuBar.java:24)
	at games.strategy.triplea.ui.TripleAFrame.lambda$new$1(TripleAFrame.java:307)
	at java.desktop/java.awt.event.InvocationEvent.dispatch(InvocationEvent.java:318)
	at java.desktop/java.awt.EventQueue.dispatchEventImpl(EventQueue.java:773)
	at java.desktop/java.awt.EventQueue$4.run(EventQueue.java:720)
	at java.desktop/java.awt.EventQueue$4.run(EventQueue.java:714)
	at java.base/java.security.AccessController.doPrivileged(AccessController.java:399)
	at java.base/java.security.ProtectionDomain$JavaSecurityAccessImpl.doIntersectionPrivilege(ProtectionDomain.java:86)
	at java.desktop/java.awt.EventQueue.dispatchEvent(EventQueue.java:742)
	at java.desktop/java.awt.EventDispatchThread.pumpOneEventForFilters(EventDispatchThread.java:203)
	at java.desktop/java.awt.EventDispatchThread.pumpEventsForFilter(EventDispatchThread.java:124)
	at java.desktop/java.awt.EventDispatchThread.pumpEventsForHierarchy(EventDispatchThread.java:113)
	at java.desktop/java.awt.EventDispatchThread.pumpEvents(EventDispatchThread.java:109)
	at java.desktop/java.awt.EventDispatchThread.pumpEvents(EventDispatchThread.java:101)
	at java.desktop/java.awt.EventDispatchThread.run(EventDispatchThread.java:90)
422504 23:43:59.366 [AWT-EventQueue-0] INFO  org.triplea.sound.ClipPlayer - Unable to create audio device, is there audio on the system? Cannot create AudioDevice
javazoom.jl.decoder.JavaLayerException: Cannot create AudioDevice
	at javazoom.jl.player.FactoryRegistry.createAudioDevice(FactoryRegistry.java:97)
	at org.triplea.sound.ClipPlayer.hasAudio(ClipPlayer.java:144)
	at org.triplea.sound.SoundOptions.buildSoundOptionsMenuItem(SoundOptions.java:22)
	at games.strategy.triplea.ui.menubar.GameMenu.<init>(GameMenu.java:64)
	at games.strategy.triplea.ui.menubar.TripleAMenuBar.<init>(TripleAMenuBar.java:24)
	at games.strategy.triplea.ui.TripleAFrame.lambda$new$1(TripleAFrame.java:307)
	at java.desktop/java.awt.event.InvocationEvent.dispatch(InvocationEvent.java:318)
	at java.desktop/java.awt.EventQueue.dispatchEventImpl(EventQueue.java:773)
	at java.desktop/java.awt.EventQueue$4.run(EventQueue.java:720)
	at java.desktop/java.awt.EventQueue$4.run(EventQueue.java:714)
	at java.base/java.security.AccessController.doPrivileged(AccessController.java:399)
	at java.base/java.security.ProtectionDomain$JavaSecurityAccessImpl.doIntersectionPrivilege(ProtectionDomain.java:86)
	at java.desktop/java.awt.EventQueue.dispatchEvent(EventQueue.java:742)
	at java.desktop/java.awt.EventDispatchThread.pumpOneEventForFilters(EventDispatchThread.java:203)
	at java.desktop/java.awt.EventDispatchThread.pumpEventsForFilter(EventDispatchThread.java:124)
	at java.desktop/java.awt.EventDispatchThread.pumpEventsForHierarchy(EventDispatchThread.java:113)
	at java.desktop/java.awt.EventDispatchThread.pumpEvents(EventDispatchThread.java:109)
	at java.desktop/java.awt.EventDispatchThread.pumpEvents(EventDispatchThread.java:101)
	at java.desktop/java.awt.EventDispatchThread.run(EventDispatchThread.java:90)
523  23:48:34.194 [main] INFO  o.t.game.client.HeadedGameRunner - Launching game, version: 2.7+00000 
784  23:48:34.455 [Thread-5] DEBUG g.s.e.data.gameparser.GameParser - Parsing game XML: /storage/home/hcoda1/6/snayak89/triplea/downloadedMaps/capture_the_flag/map/games/capture_the_flag.xml
1921 23:48:35.592 [Thread-6] INFO  org.triplea.sound.ClipPlayer - Unable to create audio device, is there audio on the system? Cannot create AudioDevice
javazoom.jl.decoder.JavaLayerException: Cannot create AudioDevice
	at javazoom.jl.player.FactoryRegistry.createAudioDevice(FactoryRegistry.java:97)
	at org.triplea.sound.ClipPlayer.hasAudio(ClipPlayer.java:144)
	at org.triplea.sound.ClipPlayer.isSoundEnabled(ClipPlayer.java:251)
	at org.triplea.sound.ClipPlayer.play(ClipPlayer.java:220)
	at org.triplea.sound.ClipPlayer.play(ClipPlayer.java:209)
	at games.strategy.engine.framework.startup.mc.HeadedLaunchAction.startGame(HeadedLaunchAction.java:100)
	at games.strategy.triplea.TripleA.startGame(TripleA.java:62)
	at games.strategy.engine.framework.startup.launcher.LocalLauncher.loadGame(LocalLauncher.java:78)
	at games.strategy.engine.framework.startup.launcher.LocalLauncher.launch(LocalLauncher.java:59)
	at games.strategy.engine.framework.startup.ui.panels.main.MainPanelBuilder.lambda$launch$3(MainPanelBuilder.java:65)
	at java.base/java.lang.Thread.run(Thread.java:840)
1979 23:48:35.650 [AWT-EventQueue-0] INFO  org.triplea.sound.ClipPlayer - Unable to create audio device, is there audio on the system? Cannot create AudioDevice
javazoom.jl.decoder.JavaLayerException: Cannot create AudioDevice
	at javazoom.jl.player.FactoryRegistry.createAudioDevice(FactoryRegistry.java:97)
	at org.triplea.sound.ClipPlayer.hasAudio(ClipPlayer.java:144)
	at org.triplea.sound.SoundOptions.buildGlobalSoundSwitchMenuItem(SoundOptions.java:76)
	at games.strategy.triplea.ui.menubar.GameMenu.<init>(GameMenu.java:63)
	at games.strategy.triplea.ui.menubar.TripleAMenuBar.<init>(TripleAMenuBar.java:24)
	at games.strategy.triplea.ui.TripleAFrame.lambda$new$1(TripleAFrame.java:307)
	at java.desktop/java.awt.event.InvocationEvent.dispatch(InvocationEvent.java:318)
	at java.desktop/java.awt.EventQueue.dispatchEventImpl(EventQueue.java:773)
	at java.desktop/java.awt.EventQueue$4.run(EventQueue.java:720)
	at java.desktop/java.awt.EventQueue$4.run(EventQueue.java:714)
	at java.base/java.security.AccessController.doPrivileged(AccessController.java:399)
	at java.base/java.security.ProtectionDomain$JavaSecurityAccessImpl.doIntersectionPrivilege(ProtectionDomain.java:86)
	at java.desktop/java.awt.EventQueue.dispatchEvent(EventQueue.java:742)
	at java.desktop/java.awt.EventDispatchThread.pumpOneEventForFilters(EventDispatchThread.java:203)
	at java.desktop/java.awt.EventDispatchThread.pumpEventsForFilter(EventDispatchThread.java:124)
	at java.desktop/java.awt.EventDispatchThread.pumpEventsForHierarchy(EventDispatchThread.java:113)
	at java.desktop/java.awt.EventDispatchThread.pumpEvents(EventDispatchThread.java:109)
	at java.desktop/java.awt.EventDispatchThread.pumpEvents(EventDispatchThread.java:101)
	at java.desktop/java.awt.EventDispatchThread.run(EventDispatchThread.java:90)
2012 23:48:35.683 [AWT-EventQueue-0] INFO  org.triplea.sound.ClipPlayer - Unable to create audio device, is there audio on the system? Cannot create AudioDevice
javazoom.jl.decoder.JavaLayerException: Cannot create AudioDevice
	at javazoom.jl.player.FactoryRegistry.createAudioDevice(FactoryRegistry.java:97)
	at org.triplea.sound.ClipPlayer.hasAudio(ClipPlayer.java:144)
	at org.triplea.sound.SoundOptions.buildSoundOptionsMenuItem(SoundOptions.java:22)
	at games.strategy.triplea.ui.menubar.GameMenu.<init>(GameMenu.java:64)
	at games.strategy.triplea.ui.menubar.TripleAMenuBar.<init>(TripleAMenuBar.java:24)
	at games.strategy.triplea.ui.TripleAFrame.lambda$new$1(TripleAFrame.java:307)
	at java.desktop/java.awt.event.InvocationEvent.dispatch(InvocationEvent.java:318)
	at java.desktop/java.awt.EventQueue.dispatchEventImpl(EventQueue.java:773)
	at java.desktop/java.awt.EventQueue$4.run(EventQueue.java:720)
	at java.desktop/java.awt.EventQueue$4.run(EventQueue.java:714)
	at java.base/java.security.AccessController.doPrivileged(AccessController.java:399)
	at java.base/java.security.ProtectionDomain$JavaSecurityAccessImpl.doIntersectionPrivilege(ProtectionDomain.java:86)
	at java.desktop/java.awt.EventQueue.dispatchEvent(EventQueue.java:742)
	at java.desktop/java.awt.EventDispatchThread.pumpOneEventForFilters(EventDispatchThread.java:203)
	at java.desktop/java.awt.EventDispatchThread.pumpEventsForFilter(EventDispatchThread.java:124)
	at java.desktop/java.awt.EventDispatchThread.pumpEventsForHierarchy(EventDispatchThread.java:113)
	at java.desktop/java.awt.EventDispatchThread.pumpEvents(EventDispatchThread.java:109)
	at java.desktop/java.awt.EventDispatchThread.pumpEvents(EventDispatchThread.java:101)
	at java.desktop/java.awt.EventDispatchThread.run(EventDispatchThread.java:90)
535  23:50:03.039 [main] INFO  o.t.game.client.HeadedGameRunner - Launching game, version: 2.7+00000 
793  23:50:03.297 [Thread-5] DEBUG g.s.e.data.gameparser.GameParser - Parsing game XML: /storage/home/hcoda1/6/snayak89/triplea/downloadedMaps/capture_the_flag/map/games/capture_the_flag.xml
560  23:53:40.315 [main] INFO  o.t.game.client.HeadedGameRunner - Launching game, version: 2.7+00000 
859  23:53:40.614 [Thread-5] DEBUG g.s.e.data.gameparser.GameParser - Parsing game XML: /storage/home/hcoda1/6/snayak89/triplea/downloadedMaps/capture_the_flag/map/games/capture_the_flag.xml
1990 23:53:41.745 [Thread-6] INFO  org.triplea.sound.ClipPlayer - Unable to create audio device, is there audio on the system? Cannot create AudioDevice
javazoom.jl.decoder.JavaLayerException: Cannot create AudioDevice
	at javazoom.jl.player.FactoryRegistry.createAudioDevice(FactoryRegistry.java:97)
	at org.triplea.sound.ClipPlayer.hasAudio(ClipPlayer.java:144)
	at org.triplea.sound.ClipPlayer.isSoundEnabled(ClipPlayer.java:251)
	at org.triplea.sound.ClipPlayer.play(ClipPlayer.java:220)
	at org.triplea.sound.ClipPlayer.play(ClipPlayer.java:209)
	at games.strategy.engine.framework.startup.mc.HeadedLaunchAction.startGame(HeadedLaunchAction.java:100)
	at games.strategy.triplea.TripleA.startGame(TripleA.java:62)
	at games.strategy.engine.framework.startup.launcher.LocalLauncher.loadGame(LocalLauncher.java:78)
	at games.strategy.engine.framework.startup.launcher.LocalLauncher.launch(LocalLauncher.java:59)
	at games.strategy.engine.framework.startup.ui.panels.main.MainPanelBuilder.lambda$launch$3(MainPanelBuilder.java:65)
	at java.base/java.lang.Thread.run(Thread.java:840)
2023 23:53:41.778 [AWT-EventQueue-0] INFO  org.triplea.sound.ClipPlayer - Unable to create audio device, is there audio on the system? Cannot create AudioDevice
javazoom.jl.decoder.JavaLayerException: Cannot create AudioDevice
	at javazoom.jl.player.FactoryRegistry.createAudioDevice(FactoryRegistry.java:97)
	at org.triplea.sound.ClipPlayer.hasAudio(ClipPlayer.java:144)
	at org.triplea.sound.SoundOptions.buildGlobalSoundSwitchMenuItem(SoundOptions.java:76)
	at games.strategy.triplea.ui.menubar.GameMenu.<init>(GameMenu.java:63)
	at games.strategy.triplea.ui.menubar.TripleAMenuBar.<init>(TripleAMenuBar.java:24)
	at games.strategy.triplea.ui.TripleAFrame.lambda$new$1(TripleAFrame.java:307)
	at java.desktop/java.awt.event.InvocationEvent.dispatch(InvocationEvent.java:318)
	at java.desktop/java.awt.EventQueue.dispatchEventImpl(EventQueue.java:773)
	at java.desktop/java.awt.EventQueue$4.run(EventQueue.java:720)
	at java.desktop/java.awt.EventQueue$4.run(EventQueue.java:714)
	at java.base/java.security.AccessController.doPrivileged(AccessController.java:399)
	at java.base/java.security.ProtectionDomain$JavaSecurityAccessImpl.doIntersectionPrivilege(ProtectionDomain.java:86)
	at java.desktop/java.awt.EventQueue.dispatchEvent(EventQueue.java:742)
	at java.desktop/java.awt.EventDispatchThread.pumpOneEventForFilters(EventDispatchThread.java:203)
	at java.desktop/java.awt.EventDispatchThread.pumpEventsForFilter(EventDispatchThread.java:124)
	at java.desktop/java.awt.EventDispatchThread.pumpEventsForHierarchy(EventDispatchThread.java:113)
	at java.desktop/java.awt.EventDispatchThread.pumpEvents(EventDispatchThread.java:109)
	at java.desktop/java.awt.EventDispatchThread.pumpEvents(EventDispatchThread.java:101)
	at java.desktop/java.awt.EventDispatchThread.run(EventDispatchThread.java:90)
2058 23:53:41.813 [AWT-EventQueue-0] INFO  org.triplea.sound.ClipPlayer - Unable to create audio device, is there audio on the system? Cannot create AudioDevice
javazoom.jl.decoder.JavaLayerException: Cannot create AudioDevice
	at javazoom.jl.player.FactoryRegistry.createAudioDevice(FactoryRegistry.java:97)
	at org.triplea.sound.ClipPlayer.hasAudio(ClipPlayer.java:144)
	at org.triplea.sound.SoundOptions.buildSoundOptionsMenuItem(SoundOptions.java:22)
	at games.strategy.triplea.ui.menubar.GameMenu.<init>(GameMenu.java:64)
	at games.strategy.triplea.ui.menubar.TripleAMenuBar.<init>(TripleAMenuBar.java:24)
	at games.strategy.triplea.ui.TripleAFrame.lambda$new$1(TripleAFrame.java:307)
	at java.desktop/java.awt.event.InvocationEvent.dispatch(InvocationEvent.java:318)
	at java.desktop/java.awt.EventQueue.dispatchEventImpl(EventQueue.java:773)
	at java.desktop/java.awt.EventQueue$4.run(EventQueue.java:720)
	at java.desktop/java.awt.EventQueue$4.run(EventQueue.java:714)
	at java.base/java.security.AccessController.doPrivileged(AccessController.java:399)
	at java.base/java.security.ProtectionDomain$JavaSecurityAccessImpl.doIntersectionPrivilege(ProtectionDomain.java:86)
	at java.desktop/java.awt.EventQueue.dispatchEvent(EventQueue.java:742)
	at java.desktop/java.awt.EventDispatchThread.pumpOneEventForFilters(EventDispatchThread.java:203)
	at java.desktop/java.awt.EventDispatchThread.pumpEventsForFilter(EventDispatchThread.java:124)
	at java.desktop/java.awt.EventDispatchThread.pumpEventsForHierarchy(EventDispatchThread.java:113)
	at java.desktop/java.awt.EventDispatchThread.pumpEvents(EventDispatchThread.java:109)
	at java.desktop/java.awt.EventDispatchThread.pumpEvents(EventDispatchThread.java:101)
	at java.desktop/java.awt.EventDispatchThread.run(EventDispatchThread.java:90)
576  23:56:11.617 [main] INFO  o.t.game.client.HeadedGameRunner - Launching game, version: 2.7+00000 
844  23:56:11.885 [Thread-5] DEBUG g.s.e.data.gameparser.GameParser - Parsing game XML: /storage/home/hcoda1/6/snayak89/triplea/downloadedMaps/capture_the_flag/map/games/capture_the_flag.xml
1987 23:56:13.028 [Thread-6] INFO  org.triplea.sound.ClipPlayer - Unable to create audio device, is there audio on the system? Cannot create AudioDevice
javazoom.jl.decoder.JavaLayerException: Cannot create AudioDevice
	at javazoom.jl.player.FactoryRegistry.createAudioDevice(FactoryRegistry.java:97)
	at org.triplea.sound.ClipPlayer.hasAudio(ClipPlayer.java:144)
	at org.triplea.sound.ClipPlayer.isSoundEnabled(ClipPlayer.java:251)
	at org.triplea.sound.ClipPlayer.play(ClipPlayer.java:220)
	at org.triplea.sound.ClipPlayer.play(ClipPlayer.java:209)
	at games.strategy.engine.framework.startup.mc.HeadedLaunchAction.startGame(HeadedLaunchAction.java:100)
	at games.strategy.triplea.TripleA.startGame(TripleA.java:62)
	at games.strategy.engine.framework.startup.launcher.LocalLauncher.loadGame(LocalLauncher.java:78)
	at games.strategy.engine.framework.startup.launcher.LocalLauncher.launch(LocalLauncher.java:59)
	at games.strategy.engine.framework.startup.ui.panels.main.MainPanelBuilder.lambda$launch$3(MainPanelBuilder.java:65)
	at java.base/java.lang.Thread.run(Thread.java:840)
2026 23:56:13.067 [AWT-EventQueue-0] INFO  org.triplea.sound.ClipPlayer - Unable to create audio device, is there audio on the system? Cannot create AudioDevice
javazoom.jl.decoder.JavaLayerException: Cannot create AudioDevice
	at javazoom.jl.player.FactoryRegistry.createAudioDevice(FactoryRegistry.java:97)
	at org.triplea.sound.ClipPlayer.hasAudio(ClipPlayer.java:144)
	at org.triplea.sound.SoundOptions.buildGlobalSoundSwitchMenuItem(SoundOptions.java:76)
	at games.strategy.triplea.ui.menubar.GameMenu.<init>(GameMenu.java:63)
	at games.strategy.triplea.ui.menubar.TripleAMenuBar.<init>(TripleAMenuBar.java:24)
	at games.strategy.triplea.ui.TripleAFrame.lambda$new$1(TripleAFrame.java:307)
	at java.desktop/java.awt.event.InvocationEvent.dispatch(InvocationEvent.java:318)
	at java.desktop/java.awt.EventQueue.dispatchEventImpl(EventQueue.java:773)
	at java.desktop/java.awt.EventQueue$4.run(EventQueue.java:720)
	at java.desktop/java.awt.EventQueue$4.run(EventQueue.java:714)
	at java.base/java.security.AccessController.doPrivileged(AccessController.java:399)
	at java.base/java.security.ProtectionDomain$JavaSecurityAccessImpl.doIntersectionPrivilege(ProtectionDomain.java:86)
	at java.desktop/java.awt.EventQueue.dispatchEvent(EventQueue.java:742)
	at java.desktop/java.awt.EventDispatchThread.pumpOneEventForFilters(EventDispatchThread.java:203)
	at java.desktop/java.awt.EventDispatchThread.pumpEventsForFilter(EventDispatchThread.java:124)
	at java.desktop/java.awt.EventDispatchThread.pumpEventsForHierarchy(EventDispatchThread.java:113)
	at java.desktop/java.awt.EventDispatchThread.pumpEvents(EventDispatchThread.java:109)
	at java.desktop/java.awt.EventDispatchThread.pumpEvents(EventDispatchThread.java:101)
	at java.desktop/java.awt.EventDispatchThread.run(EventDispatchThread.java:90)
2059 23:56:13.100 [AWT-EventQueue-0] INFO  org.triplea.sound.ClipPlayer - Unable to create audio device, is there audio on the system? Cannot create AudioDevice
javazoom.jl.decoder.JavaLayerException: Cannot create AudioDevice
	at javazoom.jl.player.FactoryRegistry.createAudioDevice(FactoryRegistry.java:97)
	at org.triplea.sound.ClipPlayer.hasAudio(ClipPlayer.java:144)
	at org.triplea.sound.SoundOptions.buildSoundOptionsMenuItem(SoundOptions.java:22)
	at games.strategy.triplea.ui.menubar.GameMenu.<init>(GameMenu.java:64)
	at games.strategy.triplea.ui.menubar.TripleAMenuBar.<init>(TripleAMenuBar.java:24)
	at games.strategy.triplea.ui.TripleAFrame.lambda$new$1(TripleAFrame.java:307)
	at java.desktop/java.awt.event.InvocationEvent.dispatch(InvocationEvent.java:318)
	at java.desktop/java.awt.EventQueue.dispatchEventImpl(EventQueue.java:773)
	at java.desktop/java.awt.EventQueue$4.run(EventQueue.java:720)
	at java.desktop/java.awt.EventQueue$4.run(EventQueue.java:714)
	at java.base/java.security.AccessController.doPrivileged(AccessController.java:399)
	at java.base/java.security.ProtectionDomain$JavaSecurityAccessImpl.doIntersectionPrivilege(ProtectionDomain.java:86)
	at java.desktop/java.awt.EventQueue.dispatchEvent(EventQueue.java:742)
	at java.desktop/java.awt.EventDispatchThread.pumpOneEventForFilters(EventDispatchThread.java:203)
	at java.desktop/java.awt.EventDispatchThread.pumpEventsForFilter(EventDispatchThread.java:124)
	at java.desktop/java.awt.EventDispatchThread.pumpEventsForHierarchy(EventDispatchThread.java:113)
	at java.desktop/java.awt.EventDispatchThread.pumpEvents(EventDispatchThread.java:109)
	at java.desktop/java.awt.EventDispatchThread.pumpEvents(EventDispatchThread.java:101)
	at java.desktop/java.awt.EventDispatchThread.run(EventDispatchThread.java:90)
