> Task :game-app:domain-data:compileJava UP-TO-DATE
> Task :lib:java-extras:compileJava UP-TO-DATE
> Task :lib:websocket-client:compileJava UP-TO-DATE
> Task :lib:feign-common:compileJava UP-TO-DATE
> Task :lib:websocket-server:compileJava UP-TO-DATE
> Task :lib:websocket-server:processResources NO-SOURCE
> Task :lib:websocket-server:classes UP-TO-DATE
> Task :lib:websocket-server:jar UP-TO-DATE
> Task :game-app:game-relay-server:compileJava UP-TO-DATE
> Task :game-app:game-relay-server:processResources NO-SOURCE
> Task :game-app:game-relay-server:classes UP-TO-DATE
> Task :game-app:game-relay-server:jar UP-TO-DATE
> Task :lib:xml-reader:compileJava UP-TO-DATE
> Task :lib:xml-reader:processResources NO-SOURCE
> Task :lib:xml-reader:classes UP-TO-DATE
> Task :lib:xml-reader:jar UP-TO-DATE
> Task :game-app:map-data:compileJava UP-TO-DATE
> Task :game-app:map-data:processResources NO-SOURCE
> Task :game-app:map-data:classes UP-TO-DATE
> Task :game-app:map-data:jar UP-TO-DATE
> Task :http-clients:lobby-client:compileJava UP-TO-DATE
> Task :lib:swing-lib:compileJava UP-TO-DATE
> Task :lib:swing-lib:processResources NO-SOURCE
> Task :lib:swing-lib:classes UP-TO-DATE
> Task :lib:swing-lib:jar UP-TO-DATE
> Task :game-app:game-core:compileJava UP-TO-DATE
> Task :game-app:game-core:processResources UP-TO-DATE
> Task :game-app:game-core:classes UP-TO-DATE
> Task :game-app:game-core:jar UP-TO-DATE
> Task :game-app:ai:compileJava UP-TO-DATE
> Task :game-app:ai:processResources NO-SOURCE
> Task :game-app:ai:classes UP-TO-DATE
> Task :game-app:ai:jar UP-TO-DATE
> Task :game-app:domain-data:processResources NO-SOURCE
> Task :game-app:domain-data:classes UP-TO-DATE
> Task :game-app:domain-data:jar UP-TO-DATE
> Task :game-app:game-headed:compileJava UP-TO-DATE
> Task :game-app:game-headed:processResources UP-TO-DATE
> Task :game-app:game-headed:classes UP-TO-DATE

> Task :game-app:game-headed:downloadAssets
Download https://github.com/triplea-game/assets/releases/download/47/game_headed_assets.zip

> Task :http-clients:lobby-client:processResources NO-SOURCE
> Task :http-clients:lobby-client:classes UP-TO-DATE
> Task :http-clients:lobby-client:jar UP-TO-DATE
> Task :lib:feign-common:processResources NO-SOURCE
> Task :lib:feign-common:classes UP-TO-DATE
> Task :lib:feign-common:jar UP-TO-DATE
> Task :lib:java-extras:processResources NO-SOURCE
> Task :lib:java-extras:classes UP-TO-DATE
> Task :lib:java-extras:jar UP-TO-DATE
> Task :lib:websocket-client:processResources NO-SOURCE
> Task :lib:websocket-client:classes UP-TO-DATE
> Task :lib:websocket-client:jar UP-TO-DATE

> Task :game-app:game-headed:run
14:35:27,367 |-INFO in ch.qos.logback.classic.LoggerContext[default] - This is logback-classic version 1.5.18
14:35:27,368 |-INFO in ch.qos.logback.classic.util.ContextInitializer@5f058f00 - No custom configurators were discovered as a service.
14:35:27,368 |-INFO in ch.qos.logback.classic.util.ContextInitializer@5f058f00 - Trying to configure with ch.qos.logback.classic.joran.SerializedModelConfigurator
14:35:27,368 |-INFO in ch.qos.logback.classic.util.ContextInitializer@5f058f00 - Constructed configurator of type class ch.qos.logback.classic.joran.SerializedModelConfigurator
14:35:27,371 |-INFO in ch.qos.logback.classic.LoggerContext[default] - Could NOT find resource [logback-test.scmo]
14:35:27,371 |-INFO in ch.qos.logback.classic.LoggerContext[default] - Could NOT find resource [logback.scmo]
14:35:27,376 |-INFO in ch.qos.logback.classic.util.ContextInitializer@5f058f00 - ch.qos.logback.classic.joran.SerializedModelConfigurator.configure() call lasted 4 milliseconds. ExecutionStatus=INVOKE_NEXT_IF_ANY
14:35:27,376 |-INFO in ch.qos.logback.classic.util.ContextInitializer@5f058f00 - Trying to configure with ch.qos.logback.classic.util.DefaultJoranConfigurator
14:35:27,377 |-INFO in ch.qos.logback.classic.util.ContextInitializer@5f058f00 - Constructed configurator of type class ch.qos.logback.classic.util.DefaultJoranConfigurator
14:35:27,377 |-INFO in ch.qos.logback.classic.LoggerContext[default] - Could NOT find resource [logback-test.xml]
14:35:27,379 |-INFO in ch.qos.logback.classic.LoggerContext[default] - Found resource [logback.xml] at [file:/home/sanjana/tripleMindMCTS/triplea/game-app/game-headed/build/resources/main/logback.xml]
14:35:27,427 |-INFO in ch.qos.logback.core.model.processor.AppenderModelHandler - Processing appender named [swingMessage]
14:35:27,428 |-INFO in ch.qos.logback.core.model.processor.AppenderModelHandler - About to instantiate appender of type [org.triplea.debug.Slf4jLogMessageUploader]
14:35:27,429 |-INFO in ch.qos.logback.core.model.processor.AppenderModelHandler - Processing appender named [FILE]
14:35:27,429 |-INFO in ch.qos.logback.core.model.processor.AppenderModelHandler - About to instantiate appender of type [ch.qos.logback.core.rolling.RollingFileAppender]
14:35:27,436 |-INFO in ch.qos.logback.core.model.processor.ModelInterpretationContext@192d43ce - value "/home/sanjana/triplea/triplea.log" substituted for "${user.home}/triplea/triplea.log"
14:35:27,438 |-INFO in ch.qos.logback.core.model.processor.ImplicitModelHandler - Assuming default type [ch.qos.logback.classic.encoder.PatternLayoutEncoder] for [encoder] property
14:35:27,461 |-INFO in c.q.l.core.rolling.SizeAndTimeBasedRollingPolicy@1912962767 - setting totalSizeCap to 10 MB
14:35:27,462 |-INFO in c.q.l.core.rolling.SizeAndTimeBasedRollingPolicy@1912962767 - Archive files will be limited to [1 MB] each.
14:35:27,462 |-INFO in c.q.l.core.rolling.SizeAndTimeBasedRollingPolicy@1912962767 - No compression will be used
14:35:27,463 |-INFO in c.q.l.core.rolling.SizeAndTimeBasedRollingPolicy@1912962767 - Will use the pattern triplea-%d{yyyy-MM-dd}.%i.log for the active file
14:35:27,472 |-INFO in ch.qos.logback.core.rolling.SizeAndTimeBasedFileNamingAndTriggeringPolicy@1afd44cb - The date pattern is 'yyyy-MM-dd' from file name pattern 'triplea-%d{yyyy-MM-dd}.%i.log'.
14:35:27,472 |-INFO in ch.qos.logback.core.rolling.SizeAndTimeBasedFileNamingAndTriggeringPolicy@1afd44cb - Roll-over at midnight.
14:35:27,474 |-INFO in ch.qos.logback.core.rolling.SizeAndTimeBasedFileNamingAndTriggeringPolicy@1afd44cb - Setting initial period to 2026-08-06T18:34:10.959Z
14:35:27,477 |-INFO in ch.qos.logback.core.rolling.RollingFileAppender[FILE] - Active log file name: /home/sanjana/triplea/triplea.log
14:35:27,479 |-INFO in ch.qos.logback.core.rolling.RollingFileAppender[FILE] - Setting currentFileLength to 550 for /home/sanjana/triplea/triplea.log
14:35:27,479 |-INFO in ch.qos.logback.core.rolling.RollingFileAppender[FILE] - File property is set to [/home/sanjana/triplea/triplea.log]
14:35:27,479 |-INFO in ch.qos.logback.core.model.processor.AppenderModelHandler - Processing appender named [console]
14:35:27,479 |-INFO in ch.qos.logback.core.model.processor.AppenderModelHandler - About to instantiate appender of type [ch.qos.logback.core.ConsoleAppender]
14:35:27,480 |-WARN in ch.qos.logback.core.ConsoleAppender[console] - This appender no longer admits a layout as a sub-component, set an encoder instead.
14:35:27,480 |-WARN in ch.qos.logback.core.ConsoleAppender[console] - To ensure compatibility, wrapping your layout in LayoutWrappingEncoder.
14:35:27,480 |-WARN in ch.qos.logback.core.ConsoleAppender[console] - See also https://logback.qos.ch/codes.html#layoutInsteadOfEncoder for details
14:35:27,480 |-INFO in ch.qos.logback.core.ConsoleAppender[console] - BEWARE: Writing to the console can be very slow. Avoid logging to the 
14:35:27,480 |-INFO in ch.qos.logback.core.ConsoleAppender[console] - console in production environments, especially in high volume systems.
14:35:27,480 |-INFO in ch.qos.logback.core.ConsoleAppender[console] - See also https://logback.qos.ch/codes.html#slowConsole
14:35:27,480 |-INFO in ch.qos.logback.classic.model.processor.RootLoggerModelHandler - Setting level of ROOT logger to DEBUG
14:35:27,481 |-INFO in ch.qos.logback.core.model.processor.AppenderRefModelHandler - Attaching appender named [swingMessage] to Logger[ROOT]
14:35:27,481 |-INFO in ch.qos.logback.core.model.processor.AppenderRefModelHandler - Attaching appender named [console] to Logger[ROOT]
14:35:27,481 |-INFO in ch.qos.logback.core.model.processor.AppenderRefModelHandler - Attaching appender named [FILE] to Logger[ROOT]
14:35:27,481 |-INFO in ch.qos.logback.classic.model.processor.LoggerModelHandler - Setting level of logger [org.apache.http] to INFO
14:35:27,481 |-INFO in ch.qos.logback.core.model.processor.DefaultProcessor@6973b51b - End of configuration.
14:35:27,481 |-INFO in ch.qos.logback.classic.joran.JoranConfigurator@1ab3a8c8 - Registering current configuration as safe fallback point
14:35:27,481 |-INFO in ch.qos.logback.classic.util.ContextInitializer@5f058f00 - ch.qos.logback.classic.util.DefaultJoranConfigurator.configure() call lasted 104 milliseconds. ExecutionStatus=DO_NOT_INVOKE_NEXT_IF_ANY

14:35:27.628 [main] INFO  o.t.game.client.HeadedGameRunner - Launching game, version: 2.7+00000 
14:35:27.748 [Thread-5] DEBUG g.s.e.data.gameparser.GameParser - Parsing game XML: /home/sanjana/triplea/downloadedMaps/capture_the_flag/map/games/capture_the_flag.xml
Disabled: 
Request sent: [MY_MOVE] purchase
Received move: [{"delegate": "purchase", "unit": "infantry", "to": "RussianBase", "count": 2}, {"delegate": "purchase", "unit": "artillery", "to": "RussianBase", "count": 1}]
Request sent: [MY_MOVE] combat
Received move: [{"delegate": "combat", "from": "RussianStart", "to": "RussianStepOne", "unit": "infantry", "count": 1}, {"delegate": "combat", "from": "RussianStart", "to": "RussianStartLeft", "unit": "infantry", "count": 1}, {"delegate": "combat", "from": "RussianBase", "to": "RussianStartRight", "unit": "armour", "count": 1}]
Request sent: [MY_MOVE] purchase
Received move: [{"delegate": "purchase", "unit": "infantry", "to": "RussianBase", "count": 3}, {"delegate": "purchase", "unit": "artillery", "to": "RussianBase", "count": 1}, {"delegate": "purchase", "unit": "armour", "to": "RussianBase", "count": 1}]
Request sent: [MY_MOVE] combat
Received move: [{"delegate": "combat", "from": "RussianStartLeft", "to": "TopBar", "unit": "infantry", "count": 1}, {"delegate": "combat", "from": "RussianStepOne", "to": "RussianStepTwo", "unit": "infantry", "count": 1}, {"delegate": "combat", "from": "RussianStartRight", "to": "LeftBar", "unit": "armour", "count": 1}]
Request sent: [MY_MOVE] noncombat
Received move: [{"delegate": "noncombat", "from": "RussianBase", "to": "RussianStart", "unit": "infantry", "count": 2}, {"delegate": "noncombat", "from": "RussianBase", "to": "RussianStart", "unit": "artillery", "count": 1}]
Request sent: [MY_MOVE] purchase
Received move: [{"delegate": "purchase", "unit": "infantry", "to": "RussianBase", "count": 4}, {"delegate": "purchase", "unit": "artillery", "to": "RussianBase", "count": 2}, {"delegate": "purchase", "unit": "armour", "to": "RussianBase", "count": 1}]
Request sent: [MY_MOVE] combat
Received move: [{"delegate": "combat", "from": "LeftBar", "to": "ChineseStartLeft", "unit": "armour", "count": 1}]
Request sent: [MY_MOVE] noncombat
Received move: [{"delegate": "noncombat", "from": "RussianBase", "to": "RussianStart", "unit": "infantry", "count": 3}, {"delegate": "noncombat", "from": "RussianBase", "to": "RussianStart", "unit": "artillery", "count": 1}, {"delegate": "noncombat", "from": "RussianBase", "to": "RussianStepOne", "unit": "armour", "count": 1}, {"delegate": "noncombat", "from": "RussianStart", "to": "RussianStepOne", "unit": "infantry", "count": 2}, {"delegate": "noncombat", "from": "RussianStart", "to": "RussianStepOne", "unit": "artillery", "count": 1}]
Request sent: [MY_MOVE] purchase
Received move: [{"delegate": "purchase", "unit": "infantry", "to": "RussianBase", "count": 4}, {"delegate": "purchase", "unit": "artillery", "to": "RussianBase", "count": 2}, {"delegate": "purchase", "unit": "armour", "to": "RussianBase", "count": 1}]
Request sent: [MY_MOVE] combat
Received move: []
Request sent: [MY_MOVE] noncombat
Received move: [{"delegate": "noncombat", "from": "RussianBase", "to": "RussianStart", "unit": "infantry", "count": 4}, {"delegate": "noncombat", "from": "RussianBase", "to": "RussianStart", "unit": "artillery", "count": 2}, {"delegate": "noncombat", "from": "RussianBase", "to": "RussianStepOne", "unit": "armour", "count": 1}, {"delegate": "noncombat", "from": "RussianStart", "to": "RussianStepOne", "unit": "infantry", "count": 3}, {"delegate": "noncombat", "from": "RussianStart", "to": "RussianStepOne", "unit": "artillery", "count": 1}, {"delegate": "noncombat", "from": "RussianStepOne", "to": "RussianStepTwo", "unit": "armour", "count": 1}, {"delegate": "noncombat", "from": "RussianStepOne", "to": "RussianStepTwo", "unit": "infantry", "count": 2}, {"delegate": "noncombat", "from": "RussianStepOne", "to": "RussianStepTwo", "unit": "artillery", "count": 1}]
Request sent: [MY_MOVE] purchase
Received move: [{"delegate": "purchase", "unit": "infantry", "to": "RussianBase", "count": 4}, {"delegate": "purchase", "unit": "artillery", "to": "RussianBase", "count": 1}, {"delegate": "purchase", "unit": "armour", "to": "RussianBase", "count": 2}]
Request sent: [MY_MOVE] combat
Received move: [{"delegate": "combat", "from": "RussianStepTwo", "to": "Flag", "unit": "armour", "count": 1}, {"delegate": "combat", "from": "RussianStepTwo", "to": "Flag", "unit": "artillery", "count": 1}, {"delegate": "combat", "from": "RussianStepTwo", "to": "Flag", "unit": "infantry", "count": 3}, {"delegate": "combat", "from": "RussianStepOne", "to": "Flag", "unit": "armour", "count": 1}]
Request sent: [MY_MOVE] noncombat
Received move: [{"delegate": "noncombat", "from": "RussianBase", "to": "RussianStart", "unit": "infantry", "count": 4}, {"delegate": "noncombat", "from": "RussianBase", "to": "RussianStart", "unit": "artillery", "count": 2}, {"delegate": "noncombat", "from": "RussianBase", "to": "RussianStartLeft", "unit": "armour", "count": 1}, {"delegate": "noncombat", "from": "RussianStart", "to": "RussianStartLeft", "unit": "infantry", "count": 4}, {"delegate": "noncombat", "from": "RussianStart", "to": "RussianStartLeft", "unit": "artillery", "count": 2}, {"delegate": "noncombat", "from": "RussianStepOne", "to": "RussianStart", "unit": "infantry", "count": 3}, {"delegate": "noncombat", "from": "RussianStepOne", "to": "RussianStart", "unit": "artillery", "count": 1}, {"delegate": "noncombat", "from": "Flag", "to": "RussianStepTwo", "unit": "armour", "count": 2}]
Request sent: [MY_MOVE] purchase
Received move: [{"delegate": "purchase", "unit": "infantry", "to": "RussianBase", "count": 4}, {"delegate": "purchase", "unit": "artillery", "to": "RussianBase", "count": 2}, {"delegate": "purchase", "unit": "armour", "to": "RussianBase", "count": 3}]
Request sent: [MY_MOVE] combat
Received move: [{"delegate": "combat", "from": "Flag", "to": "ChineseStepTwo", "unit": "armour", "count": 1}, {"delegate": "combat", "from": "Flag", "to": "ItalianStepTwo", "unit": "armour", "count": 1}, {"delegate": "combat", "from": "RussianStart", "to": "RussianStartRight", "unit": "artillery", "count": 3}, {"delegate": "combat", "from": "RussianStart", "to": "RussianStartRight", "unit": "infantry", "count": 3}, {"delegate": "combat", "from": "Flag", "to": "GermanStepTwo", "unit": "artillery", "count": 1}]
Request sent: [MY_MOVE] noncombat
Received move: [{"delegate": "noncombat", "from": "RussianBase", "to": "RussianStart", "unit": "infantry", "count": 4}, {"delegate": "noncombat", "from": "RussianBase", "to": "RussianStart", "unit": "artillery", "count": 1}, {"delegate": "noncombat", "from": "RussianBase", "to": "RussianStartLeft", "unit": "armour", "count": 2}, {"delegate": "noncombat", "from": "Flag", "to": "ItalianStepTwo", "unit": "infantry", "count": 1}, {"delegate": "noncombat", "from": "RussianStart", "to": "RussianStartLeft", "unit": "infantry", "count": 4}]
Request sent: [MY_MOVE] purchase
Received move: [{"delegate": "purchase", "unit": "infantry", "to": "RussianBase", "count": 4}, {"delegate": "purchase", "unit": "artillery", "to": "RussianBase", "count": 2}, {"delegate": "purchase", "unit": "armour", "to": "RussianBase", "count": 4}]
Request sent: [MY_MOVE] combat
Received move: [{"delegate": "combat", "from": "RussianStartLeft", "to": "TopBar", "unit": "armour", "count": 3}, {"delegate": "combat", "from": "RussianStartLeft", "to": "TopBar", "unit": "artillery", "count": 2}, {"delegate": "combat", "from": "RussianStartLeft", "to": "TopBar", "unit": "infantry", "count": 5}, {"delegate": "combat", "from": "GermanStepTwo", "to": "GermanStepOne", "unit": "artillery", "count": 1}, {"delegate": "combat", "from": "ChineseStepTwo", "to": "ChineseStepOne", "unit": "armour", "count": 1}]
Request sent: [MY_MOVE] noncombat
Received move: [{"delegate": "noncombat", "from": "RussianBase", "to": "RussianStart", "unit": "infantry", "count": 4}, {"delegate": "noncombat", "from": "RussianBase", "to": "RussianStart", "unit": "artillery", "count": 2}, {"delegate": "noncombat", "from": "RussianBase", "to": "RussianStartLeft", "unit": "armour", "count": 3}, {"delegate": "noncombat", "from": "RussianStart", "to": "RussianStartLeft", "unit": "infantry", "count": 4}, {"delegate": "noncombat", "from": "RussianStart", "to": "RussianStartLeft", "unit": "artillery", "count": 1}]
Request sent: [MY_MOVE] purchase
Received move: [{"delegate": "purchase", "unit": "infantry", "to": "RussianBase", "count": 6}, {"delegate": "purchase", "unit": "artillery", "to": "RussianBase", "count": 2}, {"delegate": "purchase", "unit": "armour", "to": "RussianBase", "count": 4}]
Request sent: [MY_MOVE] combat
Received move: [{"delegate": "combat", "from": "RussianStartLeft", "to": "TopBar", "unit": "armour", "count": 6}, {"delegate": "combat", "from": "RussianStartLeft", "to": "TopBar", "unit": "artillery", "count": 3}, {"delegate": "combat", "from": "RussianStartLeft", "to": "TopBar", "unit": "infantry", "count": 5}, {"delegate": "combat", "from": "ItalianStepTwo", "to": "ItalianStepOne", "unit": "armour", "count": 1}, {"delegate": "combat", "from": "ItalianStepTwo", "to": "ItalianStepOne", "unit": "infantry", "count": 1}, {"delegate": "combat", "from": "RussianStart", "to": "RussianStartRight", "unit": "artillery", "count": 2}, {"delegate": "combat", "from": "RussianStart", "to": "RussianStartRight", "unit": "infantry", "count": 4}, {"delegate": "combat", "from": "RussianBase", "to": "RussianStartRight", "unit": "armour", "count": 3}]
Request sent: [MY_MOVE] noncombat
Received move: [{"delegate": "noncombat", "from": "RussianBase", "to": "RussianStart", "unit": "infantry", "count": 4}, {"delegate": "noncombat", "from": "RussianBase", "to": "RussianStart", "unit": "artillery", "count": 2}, {"delegate": "noncombat", "from": "RussianBase", "to": "RussianStartRight", "unit": "armour", "count": 1}, {"delegate": "noncombat", "from": "RussianStartLeft", "to": "TopBar", "unit": "infantry", "count": 3}]
Request sent: [MY_MOVE] purchase
Received move: [{"delegate": "purchase", "unit": "infantry", "to": "RussianBase", "count": 5}, {"delegate": "purchase", "unit": "artillery", "to": "RussianBase", "count": 2}, {"delegate": "purchase", "unit": "armour", "to": "RussianBase", "count": 4}]
Request sent: [MY_MOVE] combat
Received move: [{"delegate": "combat", "from": "TopBar", "to": "ItalianStartRight", "unit": "armour", "count": 4}, {"delegate": "combat", "from": "TopBar", "to": "ItalianStartRight", "unit": "infantry", "count": 3}, {"delegate": "combat", "from": "RussianStart", "to": "RussianStartRight", "unit": "artillery", "count": 2}, {"delegate": "combat", "from": "RussianStart", "to": "RussianStartRight", "unit": "infantry", "count": 4}]
Request sent: [MY_MOVE] noncombat
Received move: [{"delegate": "noncombat", "from": "RussianBase", "to": "RussianStart", "unit": "infantry", "count": 6}, {"delegate": "noncombat", "from": "RussianBase", "to": "RussianStart", "unit": "artillery", "count": 2}, {"delegate": "noncombat", "from": "RussianBase", "to": "RussianStartRight", "unit": "armour", "count": 4}, {"delegate": "noncombat", "from": "RussianStartRight", "to": "RussianStart", "unit": "artillery", "count": 1}]
Request sent: [MY_MOVE] purchase
Received move: [{"delegate": "purchase", "unit": "infantry", "to": "RussianBase", "count": 2}, {"delegate": "purchase", "unit": "artillery", "to": "RussianBase", "count": 4}, {"delegate": "purchase", "unit": "armour", "to": "RussianBase", "count": 4}]
Request sent: [MY_MOVE] combat
Received move: []
Request sent: [MY_MOVE] noncombat
Received move: [{"delegate": "noncombat", "from": "RussianBase", "to": "RussianStart", "unit": "infantry", "count": 5}, {"delegate": "noncombat", "from": "RussianBase", "to": "RussianStart", "unit": "artillery", "count": 2}, {"delegate": "noncombat", "from": "RussianBase", "to": "RussianStartRight", "unit": "armour", "count": 4}, {"delegate": "noncombat", "from": "RussianStart", "to": "RussianStartRight", "unit": "infantry", "count": 6}, {"delegate": "noncombat", "from": "RussianStart", "to": "RussianStartRight", "unit": "artillery", "count": 2}]
Request sent: [MY_MOVE] purchase
Received move: [{"delegate": "purchase", "unit": "infantry", "to": "RussianBase", "count": 1}, {"delegate": "purchase", "unit": "artillery", "to": "RussianBase", "count": 3}, {"delegate": "purchase", "unit": "armour", "to": "RussianBase", "count": 2}]
Request sent: [MY_MOVE] combat
Received move: [{"delegate": "combat", "from": "RussianStartRight", "to": "LeftBar", "unit": "armour", "count": 8}, {"delegate": "combat", "from": "RussianStartRight", "to": "LeftBar", "unit": "artillery", "count": 4}, {"delegate": "combat", "from": "RussianStartRight", "to": "LeftBar", "unit": "infantry", "count": 7}]
Request sent: [MY_MOVE] noncombat
Received move: [{"delegate": "noncombat", "from": "RussianBase", "to": "RussianStart", "unit": "infantry", "count": 2}, {"delegate": "noncombat", "from": "RussianBase", "to": "RussianStart", "unit": "artillery", "count": 4}, {"delegate": "noncombat", "from": "RussianBase", "to": "RussianStepOne", "unit": "armour", "count": 4}, {"delegate": "noncombat", "from": "RussianStart", "to": "RussianStepOne", "unit": "infantry", "count": 5}, {"delegate": "noncombat", "from": "RussianStart", "to": "RussianStepOne", "unit": "artillery", "count": 2}, {"delegate": "noncombat", "from": "LeftBar", "to": "RussianStart", "unit": "armour", "count": 7}]
Request sent: [MY_MOVE] purchase
Received move: [{"delegate": "purchase", "unit": "infantry", "to": "RussianBase", "count": 1}, {"delegate": "purchase", "unit": "artillery", "to": "RussianBase", "count": 2}, {"delegate": "purchase", "unit": "armour", "to": "RussianBase", "count": 2}]
Request sent: [MY_MOVE] combat
Received move: [{"delegate": "combat", "from": "LeftBar", "to": "ChineseStartLeft", "unit": "armour", "count": 8}, {"delegate": "combat", "from": "LeftBar", "to": "ChineseStartLeft", "unit": "artillery", "count": 4}, {"delegate": "combat", "from": "LeftBar", "to": "ChineseStartLeft", "unit": "infantry", "count": 2}]
Request sent: [MY_MOVE] noncombat
Received move: [{"delegate": "noncombat", "from": "RussianBase", "to": "RussianStart", "unit": "infantry", "count": 1}, {"delegate": "noncombat", "from": "RussianBase", "to": "RussianStart", "unit": "artillery", "count": 3}, {"delegate": "noncombat", "from": "RussianBase", "to": "RussianStartLeft", "unit": "armour", "count": 2}, {"delegate": "noncombat", "from": "RussianStart", "to": "RussianStartLeft", "unit": "infantry", "count": 2}, {"delegate": "noncombat", "from": "RussianStart", "to": "RussianStartLeft", "unit": "artillery", "count": 4}, {"delegate": "noncombat", "from": "RussianStepOne", "to": "RussianStartLeft", "unit": "armour", "count": 4}, {"delegate": "noncombat", "from": "RussianStepOne", "to": "RussianStart", "unit": "infantry", "count": 5}]
Request sent: [MY_MOVE] purchase
Received move: [{"delegate": "purchase", "unit": "infantry", "to": "RussianBase", "count": 1}, {"delegate": "purchase", "unit": "artillery", "to": "RussianBase", "count": 2}, {"delegate": "purchase", "unit": "armour", "to": "RussianBase", "count": 2}]
Request sent: [MY_MOVE] combat
Received move: [{"delegate": "combat", "from": "RussianStartLeft", "to": "TopBar", "unit": "armour", "count": 4}]
Request sent: [MY_MOVE] noncombat
Received move: [{"delegate": "noncombat", "from": "RussianBase", "to": "RussianStart", "unit": "infantry", "count": 1}, {"delegate": "noncombat", "from": "RussianBase", "to": "RussianStart", "unit": "artillery", "count": 2}, {"delegate": "noncombat", "from": "RussianBase", "to": "RussianStepOne", "unit": "armour", "count": 2}, {"delegate": "noncombat", "from": "RussianStart", "to": "RussianStepOne", "unit": "infantry", "count": 6}, {"delegate": "noncombat", "from": "RussianStart", "to": "RussianStepOne", "unit": "artillery", "count": 3}, {"delegate": "noncombat", "from": "RussianStartLeft", "to": "RussianStepOne", "unit": "armour", "count": 2}, {"delegate": "noncombat", "from": "RussianStartLeft", "to": "TopBar", "unit": "infantry", "count": 2}, {"delegate": "noncombat", "from": "RussianStartLeft", "to": "TopBar", "unit": "artillery", "count": 4}]
Request sent: [MY_MOVE] purchase
Received move: [{"delegate": "purchase", "unit": "infantry", "to": "RussianBase", "count": 2}, {"delegate": "purchase", "unit": "artillery", "to": "RussianBase", "count": 2}, {"delegate": "purchase", "unit": "armour", "to": "RussianBase", "count": 2}]
Request sent: [MY_MOVE] combat
Received move: [{"delegate": "combat", "from": "TopBar", "to": "ItalianStartRight", "unit": "armour", "count": 4}, {"delegate": "combat", "from": "TopBar", "to": "ItalianStartRight", "unit": "artillery", "count": 4}, {"delegate": "combat", "from": "TopBar", "to": "ItalianStartRight", "unit": "infantry", "count": 2}, {"delegate": "combat", "from": "RussianStepOne", "to": "RussianStepTwo", "unit": "armour", "count": 4}, {"delegate": "combat", "from": "RussianStepOne", "to": "RussianStepTwo", "unit": "artillery", "count": 5}, {"delegate": "combat", "from": "RussianStepOne", "to": "RussianStepTwo", "unit": "infantry", "count": 4}]
Request sent: [MY_MOVE] noncombat
Received move: [{"delegate": "noncombat", "from": "RussianBase", "to": "RussianStart", "unit": "infantry", "count": 1}, {"delegate": "noncombat", "from": "RussianBase", "to": "RussianStart", "unit": "artillery", "count": 2}, {"delegate": "noncombat", "from": "RussianBase", "to": "RussianStepOne", "unit": "armour", "count": 2}, {"delegate": "noncombat", "from": "RussianStart", "to": "RussianStepOne", "unit": "infantry", "count": 1}, {"delegate": "noncombat", "from": "RussianStart", "to": "RussianStepOne", "unit": "artillery", "count": 2}, {"delegate": "noncombat", "from": "RussianStepOne", "to": "RussianStepTwo", "unit": "infantry", "count": 2}, {"delegate": "noncombat", "from": "RussianStepTwo", "to": "RussianStepOne", "unit": "armour", "count": 4}, {"delegate": "noncombat", "from": "RussianStepTwo", "to": "RussianStepOne", "unit": "artillery", "count": 1}]
Request sent: [MY_MOVE] purchase
Received move: [{"delegate": "purchase", "unit": "infantry", "to": "RussianBase", "count": 2}, {"delegate": "purchase", "unit": "artillery", "to": "RussianBase", "count": 2}, {"delegate": "purchase", "unit": "armour", "to": "RussianBase", "count": 2}]
Request sent: [MY_MOVE] combat
Received move: []
Request sent: [MY_MOVE] noncombat
Received move: [{"delegate": "noncombat", "from": "RussianBase", "to": "RussianStart", "unit": "infantry", "count": 2}, {"delegate": "noncombat", "from": "RussianBase", "to": "RussianStart", "unit": "artillery", "count": 2}, {"delegate": "noncombat", "from": "RussianBase", "to": "RussianStartLeft", "unit": "armour", "count": 2}, {"delegate": "noncombat", "from": "RussianStart", "to": "RussianStartLeft", "unit": "infantry", "count": 1}, {"delegate": "noncombat", "from": "RussianStart", "to": "RussianStartLeft", "unit": "artillery", "count": 2}, {"delegate": "noncombat", "from": "RussianStepOne", "to": "RussianStepTwo", "unit": "infantry", "count": 1}, {"delegate": "noncombat", "from": "RussianStepOne", "to": "RussianStartLeft", "unit": "armour", "count": 2}, {"delegate": "noncombat", "from": "RussianStepOne", "to": "RussianStepTwo", "unit": "artillery", "count": 2}, {"delegate": "noncombat", "from": "RussianStepTwo", "to": "RussianStart", "unit": "armour", "count": 4}, {"delegate": "noncombat", "from": "RussianStepTwo", "to": "RussianStepOne", "unit": "artillery", "count": 2}]
Request sent: [MY_MOVE] purchase
Received move: [{"delegate": "purchase", "unit": "infantry", "to": "RussianBase", "count": 2}, {"delegate": "purchase", "unit": "artillery", "to": "RussianBase", "count": 1}, {"delegate": "purchase", "unit": "armour", "to": "RussianBase", "count": 2}]
Request sent: [MY_MOVE] combat
Received move: [{"delegate": "combat", "from": "RussianStepTwo", "to": "Flag", "unit": "artillery", "count": 3}, {"delegate": "combat", "from": "RussianStepTwo", "to": "Flag", "unit": "infantry", "count": 2}, {"delegate": "combat", "from": "RussianStartLeft", "to": "TopBar", "unit": "armour", "count": 4}, {"delegate": "combat", "from": "RussianStartLeft", "to": "TopBar", "unit": "artillery", "count": 2}, {"delegate": "combat", "from": "RussianStartLeft", "to": "TopBar", "unit": "infantry", "count": 1}, {"delegate": "combat", "from": "RussianStart", "to": "TopBar", "unit": "armour", "count": 4}]
Request sent: [MY_MOVE] noncombat
Received move: [{"delegate": "noncombat", "from": "RussianBase", "to": "RussianStart", "unit": "infantry", "count": 2}, {"delegate": "noncombat", "from": "RussianBase", "to": "RussianStart", "unit": "artillery", "count": 2}, {"delegate": "noncombat", "from": "RussianBase", "to": "RussianStart", "unit": "armour", "count": 2}, {"delegate": "noncombat", "from": "RussianStepOne", "to": "RussianStart", "unit": "artillery", "count": 2}, {"delegate": "noncombat", "from": "RussianStepTwo", "to": "Flag", "unit": "infantry", "count": 1}]
Request sent: [MY_MOVE] purchase
Received move: [{"delegate": "purchase", "unit": "infantry", "to": "RussianBase", "count": 3}, {"delegate": "purchase", "unit": "artillery", "to": "RussianBase", "count": 2}, {"delegate": "purchase", "unit": "armour", "to": "RussianBase", "count": 4}]
Request sent: [MY_MOVE] combat
Received move: [{"delegate": "combat", "from": "Flag", "to": "ChineseStepTwo", "unit": "artillery", "count": 3}, {"delegate": "combat", "from": "Flag", "to": "ChineseStepTwo", "unit": "infantry", "count": 2}, {"delegate": "combat", "from": "Flag", "to": "ItalianStepTwo", "unit": "infantry", "count": 1}, {"delegate": "combat", "from": "RussianStart", "to": "RussianStartRight", "unit": "armour", "count": 2}, {"delegate": "combat", "from": "RussianStart", "to": "RussianStartRight", "unit": "artillery", "count": 6}, {"delegate": "combat", "from": "RussianStart", "to": "RussianStartRight", "unit": "infantry", "count": 4}, {"delegate": "combat", "from": "RussianBase", "to": "RussianStartRight", "unit": "armour", "count": 2}]
Request sent: [MY_MOVE] noncombat
Received move: [{"delegate": "noncombat", "from": "RussianBase", "to": "RussianStart", "unit": "infantry", "count": 2}, {"delegate": "noncombat", "from": "RussianBase", "to": "RussianStart", "unit": "artillery", "count": 1}]
Request sent: [MY_MOVE] purchase
Received move: [{"delegate": "purchase", "unit": "infantry", "to": "RussianBase", "count": 3}, {"delegate": "purchase", "unit": "artillery", "to": "RussianBase", "count": 2}, {"delegate": "purchase", "unit": "armour", "to": "RussianBase", "count": 4}]
Request sent: [MY_MOVE] combat
Received move: [{"delegate": "combat", "from": "ItalianStepTwo", "to": "ItalianStepOne", "unit": "infantry", "count": 1}, {"delegate": "combat", "from": "RussianStartRight", "to": "LeftBar", "unit": "armour", "count": 4}, {"delegate": "combat", "from": "ChineseStepTwo", "to": "ChineseStepOne", "unit": "artillery", "count": 2}]
Request sent: [MY_MOVE] noncombat
Received move: [{"delegate": "noncombat", "from": "RussianBase", "to": "RussianStart", "unit": "infantry", "count": 3}, {"delegate": "noncombat", "from": "RussianBase", "to": "RussianStart", "unit": "artillery", "count": 2}, {"delegate": "noncombat", "from": "RussianBase", "to": "RussianStart", "unit": "armour", "count": 4}, {"delegate": "noncombat", "from": "RussianStartRight", "to": "RussianStart", "unit": "artillery", "count": 1}]
Request sent: [MY_MOVE] purchase
Received move: [{"delegate": "purchase", "unit": "infantry", "to": "RussianBase", "count": 4}, {"delegate": "purchase", "unit": "artillery", "to": "RussianBase", "count": 3}, {"delegate": "purchase", "unit": "armour", "to": "RussianBase", "count": 4}]
Request sent: [MY_MOVE] combat
Received move: [{"delegate": "combat", "from": "RussianBase", "to": "RussianStart", "unit": "armour", "count": 4}, {"delegate": "combat", "from": "RussianBase", "to": "RussianStart", "unit": "artillery", "count": 2}, {"delegate": "combat", "from": "RussianBase", "to": "RussianStart", "unit": "infantry", "count": 3}, {"delegate": "combat", "from": "LeftBar", "to": "RussianStart", "unit": "armour", "count": 3}, {"delegate": "combat", "from": "ItalianStepOne", "to": "ItalianStart", "unit": "infantry", "count": 1}]
Request sent: [MY_MOVE] noncombat
Received move: []
Request sent: [MY_MOVE] purchase
Received move: [{"delegate": "purchase", "unit": "infantry", "to": "RussianBase", "count": 2}, {"delegate": "purchase", "unit": "artillery", "to": "RussianBase", "count": 2}, {"delegate": "purchase", "unit": "armour", "to": "RussianBase", "count": 3}]
Request sent: [MY_MOVE] combat
